Archive member included to satisfy reference by file (symbol)

/home/saicharan/arm/lib/gcc/arm-none-eabi/6.3.0/../../../../arm-none-eabi/lib/libc_s.a(lib_a-exit.o)
                              /home/saicharan/arm/lib/gcc/arm-none-eabi/6.3.0/../../../../arm-none-eabi/lib/crt0.o (exit)
/home/saicharan/arm/lib/gcc/arm-none-eabi/6.3.0/../../../../arm-none-eabi/lib/libc_s.a(lib_a-impure.o)
                              /home/saicharan/arm/lib/gcc/arm-none-eabi/6.3.0/../../../../arm-none-eabi/lib/libc_s.a(lib_a-exit.o) (_global_impure_ptr)
/home/saicharan/arm/lib/gcc/arm-none-eabi/6.3.0/../../../../arm-none-eabi/lib/libc_s.a(lib_a-init.o)
                              /home/saicharan/arm/lib/gcc/arm-none-eabi/6.3.0/../../../../arm-none-eabi/lib/crt0.o (__libc_init_array)
/home/saicharan/arm/lib/gcc/arm-none-eabi/6.3.0/../../../../arm-none-eabi/lib/libc_s.a(lib_a-memset.o)
                              /home/saicharan/arm/lib/gcc/arm-none-eabi/6.3.0/../../../../arm-none-eabi/lib/crt0.o (memset)
/home/saicharan/arm/lib/gcc/arm-none-eabi/6.3.0/../../../../arm-none-eabi/lib/libnosys.a(_exit.o)
                              /home/saicharan/arm/lib/gcc/arm-none-eabi/6.3.0/../../../../arm-none-eabi/lib/libc_s.a(lib_a-exit.o) (_exit)
/home/saicharan/arm/lib/gcc/arm-none-eabi/6.3.0/libgcc.a(_aeabi_uldivmod.o)
                              build/stm32f4xx_hal_rcc.o (__aeabi_uldivmod)
/home/saicharan/arm/lib/gcc/arm-none-eabi/6.3.0/libgcc.a(_udivmoddi4.o)
                              /home/saicharan/arm/lib/gcc/arm-none-eabi/6.3.0/libgcc.a(_aeabi_uldivmod.o) (__udivmoddi4)
/home/saicharan/arm/lib/gcc/arm-none-eabi/6.3.0/libgcc.a(_dvmd_tls.o)
                              /home/saicharan/arm/lib/gcc/arm-none-eabi/6.3.0/libgcc.a(_aeabi_uldivmod.o) (__aeabi_ldiv0)

Allocating common symbols
Common symbol       size              file

uwTick              0x4               build/stm32f4xx_hal.o
pFlash              0x20              build/stm32f4xx_hal_flash.o
huart6              0x40              build/main.o
aRxBuffer           0x1               build/main.o

Discarded input sections

 .text          0x0000000000000000        0x0 /home/saicharan/arm/lib/gcc/arm-none-eabi/6.3.0/crti.o
 .data          0x0000000000000000        0x0 /home/saicharan/arm/lib/gcc/arm-none-eabi/6.3.0/crti.o
 .bss           0x0000000000000000        0x0 /home/saicharan/arm/lib/gcc/arm-none-eabi/6.3.0/crti.o
 .data          0x0000000000000000        0x4 /home/saicharan/arm/lib/gcc/arm-none-eabi/6.3.0/crtbegin.o
 .text          0x0000000000000000       0x74 /home/saicharan/arm/lib/gcc/arm-none-eabi/6.3.0/../../../../arm-none-eabi/lib/crt0.o
 .data          0x0000000000000000        0x0 /home/saicharan/arm/lib/gcc/arm-none-eabi/6.3.0/../../../../arm-none-eabi/lib/crt0.o
 .bss           0x0000000000000000        0x0 /home/saicharan/arm/lib/gcc/arm-none-eabi/6.3.0/../../../../arm-none-eabi/lib/crt0.o
 .ARM.extab     0x0000000000000000        0x0 /home/saicharan/arm/lib/gcc/arm-none-eabi/6.3.0/../../../../arm-none-eabi/lib/crt0.o
 .ARM.exidx     0x0000000000000000        0x8 /home/saicharan/arm/lib/gcc/arm-none-eabi/6.3.0/../../../../arm-none-eabi/lib/crt0.o
 .debug_line    0x0000000000000000       0x97 /home/saicharan/arm/lib/gcc/arm-none-eabi/6.3.0/../../../../arm-none-eabi/lib/crt0.o
 .debug_info    0x0000000000000000       0xab /home/saicharan/arm/lib/gcc/arm-none-eabi/6.3.0/../../../../arm-none-eabi/lib/crt0.o
 .debug_abbrev  0x0000000000000000       0x14 /home/saicharan/arm/lib/gcc/arm-none-eabi/6.3.0/../../../../arm-none-eabi/lib/crt0.o
 .debug_aranges
                0x0000000000000000       0x20 /home/saicharan/arm/lib/gcc/arm-none-eabi/6.3.0/../../../../arm-none-eabi/lib/crt0.o
 .ARM.attributes
                0x0000000000000000       0x25 /home/saicharan/arm/lib/gcc/arm-none-eabi/6.3.0/../../../../arm-none-eabi/lib/crt0.o
 .text          0x0000000000000000        0x0 build/stm32f4xx_hal_flash.o
 .data          0x0000000000000000        0x0 build/stm32f4xx_hal_flash.o
 .bss           0x0000000000000000        0x0 build/stm32f4xx_hal_flash.o
 .text.FLASH_SetErrorCode
                0x0000000000000000       0x8c build/stm32f4xx_hal_flash.o
 .text.FLASH_Program_Byte
                0x0000000000000000       0x4c build/stm32f4xx_hal_flash.o
 .text.FLASH_Program_HalfWord
                0x0000000000000000       0x50 build/stm32f4xx_hal_flash.o
 .text.FLASH_Program_Word
                0x0000000000000000       0x50 build/stm32f4xx_hal_flash.o
 .text.FLASH_Program_DoubleWord
                0x0000000000000000       0x54 build/stm32f4xx_hal_flash.o
 .text.HAL_FLASH_Program_IT
                0x0000000000000000       0x90 build/stm32f4xx_hal_flash.o
 .text.HAL_FLASH_EndOfOperationCallback
                0x0000000000000000        0x2 build/stm32f4xx_hal_flash.o
 .text.HAL_FLASH_OperationErrorCallback
                0x0000000000000000        0x2 build/stm32f4xx_hal_flash.o
 .text.HAL_FLASH_IRQHandler
[...]
Memory Configuration

Name             Origin             Length             Attributes
RAM              0x0000000020000000 0x0000000000020000 xrw
CCMRAM           0x0000000010000000 0x0000000000010000 rw
FLASH            0x0000000008000000 0x0000000000100000 xr
*default*        0x0000000000000000 0xffffffffffffffff

Linker script and memory map

LOAD /home/saicharan/arm/lib/gcc/arm-none-eabi/6.3.0/crti.o
LOAD /home/saicharan/arm/lib/gcc/arm-none-eabi/6.3.0/crtbegin.o
LOAD /home/saicharan/arm/lib/gcc/arm-none-eabi/6.3.0/../../../../arm-none-eabi/lib/crt0.o
LOAD build/stm32f4xx_hal_flash.o
LOAD build/stm32f4xx_hal_pwr.o
LOAD build/stm32f4xx_hal_dma.o
LOAD build/stm32f4xx_hal_flash_ramfunc.o
LOAD build/stm32f4xx_hal_tim.o
LOAD build/stm32f4xx_hal_cortex.o
LOAD build/stm32f4xx_hal_dma_ex.o
LOAD build/stm32f4xx_hal_gpio.o
LOAD build/stm32f4xx_hal_pwr_ex.o
LOAD build/stm32f4xx_hal_tim_ex.o
LOAD build/stm32f4xx_hal_uart.o
LOAD build/stm32f4xx_hal_flash_ex.o
LOAD build/main.o
LOAD build/stm32f4xx_it.o
LOAD build/stm32f4xx_hal_rcc.o
LOAD build/stm32f4xx_hal_rcc_ex.o
LOAD build/stm32f4xx_hal.o
LOAD build/stm32f4xx_hal_msp.o
LOAD build/system_stm32f4xx.o
LOAD build/startup_stm32f407xx.o
LOAD /home/saicharan/arm/lib/gcc/arm-none-eabi/6.3.0/../../../../arm-none-eabi/lib/libc_s.a
LOAD /home/saicharan/arm/lib/gcc/arm-none-eabi/6.3.0/../../../../arm-none-eabi/lib/libm.a
LOAD /home/saicharan/arm/lib/gcc/arm-none-eabi/6.3.0/../../../../arm-none-eabi/lib/libnosys.a
START GROUP
LOAD /home/saicharan/arm/lib/gcc/arm-none-eabi/6.3.0/libgcc.a
LOAD /home/saicharan/arm/lib/gcc/arm-none-eabi/6.3.0/../../../../arm-none-eabi/lib/libc_s.a
END GROUP
START GROUP
LOAD /home/saicharan/arm/lib/gcc/arm-none-eabi/6.3.0/libgcc.a
LOAD /home/saicharan/arm/lib/gcc/arm-none-eabi/6.3.0/../../../../arm-none-eabi/lib/libc_s.a
END GROUP
LOAD /home/saicharan/arm/lib/gcc/arm-none-eabi/6.3.0/crtend.o
LOAD /home/saicharan/arm/lib/gcc/arm-none-eabi/6.3.0/crtn.o
                0x0000000020020000                _estack = 0x20020000
                0x0000000000000200                _Min_Heap_Size = 0x200
                0x0000000000000400                _Min_Stack_Size = 0x400

.isr_vector     0x0000000008000000      0x188
                0x0000000008000000                . = ALIGN (0x4)
 *(.isr_vector)
 .isr_vector    0x0000000008000000      0x188 build/startup_stm32f407xx.o
                0x0000000008000000                g_pfnVectors
                0x0000000008000188                . = ALIGN (0x4)

.text           0x0000000008000188     0x1e90
                0x0000000008000188                . = ALIGN (0x4)
 *(.text)
 .text          0x0000000008000188       0xa4 /home/saicharan/arm/lib/gcc/arm-none-eabi/6.3.0/crtbegin.o
 .text          0x000000000800022c       0x50 /home/saicharan/arm/lib/gcc/arm-none-eabi/6.3.0/../../../../arm-none-eabi/lib/libc_s.a(lib_a-init.o)
                0x000000000800022c                __libc_init_array
 .text          0x000000000800027c       0x30 /home/saicharan/arm/lib/gcc/arm-none-eabi/6.3.0/libgcc.a(_aeabi_uldivmod.o)
                0x000000000800027c                __aeabi_uldivmod
 .text          0x00000000080002ac      0x2dc /home/saicharan/arm/lib/gcc/arm-none-eabi/6.3.0/libgcc.a(_udivmoddi4.o)
                0x00000000080002ac                __udivmoddi4
 .text          0x0000000008000588        0x4 /home/saicharan/arm/lib/gcc/arm-none-eabi/6.3.0/libgcc.a(_dvmd_tls.o)
                0x0000000008000588                __aeabi_ldiv0
                0x0000000008000588                __aeabi_idiv0
 *(.text*)
 .text.DMA_SetConfig
                0x000000000800058c       0x2c build/stm32f4xx_hal_dma.o
 .text.HAL_DMA_Start_IT
                0x00000000080005b8       0xa4 build/stm32f4xx_hal_dma.o
                0x00000000080005b8                HAL_DMA_Start_IT
 .text.HAL_DMA_Abort_IT
                0x000000000800065c       0x26 build/stm32f4xx_hal_dma.o
                0x000000000800065c                HAL_DMA_Abort_IT
 *fill*         0x0000000008000682        0x2 
 .text.HAL_NVIC_SetPriorityGrouping
                0x0000000008000684       0x3c build/stm32f4xx_hal_cortex.o
                0x0000000008000684                HAL_NVIC_SetPriorityGrouping
 .text.HAL_NVIC_SetPriority
                0x00000000080006c0       0x88 build/stm32f4xx_hal_cortex.o
                0x00000000080006c0                HAL_NVIC_SetPriority
 .text.HAL_NVIC_EnableIRQ
                0x0000000008000748       0x2c build/stm32f4xx_hal_cortex.o
                0x0000000008000748                HAL_NVIC_EnableIRQ
 .text.HAL_SYSTICK_Config
                0x0000000008000774       0x2c build/stm32f4xx_hal_cortex.o
                0x0000000008000774                HAL_SYSTICK_Config
 .text.HAL_SYSTICK_CLKSourceConfig
                0x00000000080007a0       0x3c build/stm32f4xx_hal_cortex.o
                0x00000000080007a0                HAL_SYSTICK_CLKSourceConfig
 .text.HAL_SYSTICK_Callback
                0x00000000080007dc        0x2 build/stm32f4xx_hal_cortex.o
                0x00000000080007dc                HAL_SYSTICK_Callback
 .text.HAL_SYSTICK_IRQHandler
                0x00000000080007de        0x8 build/stm32f4xx_hal_cortex.o
                0x00000000080007de                HAL_SYSTICK_IRQHandler
 *fill*         0x00000000080007e6        0x2 
 .text.HAL_GPIO_Init
                0x00000000080007e8      0x2f8 build/stm32f4xx_hal_gpio.o
                0x00000000080007e8                HAL_GPIO_Init
 .text.HAL_GPIO_ReadPin
                0x0000000008000ae0       0x28 build/stm32f4xx_hal_gpio.o
                0x0000000008000ae0                HAL_GPIO_ReadPin
 .text.HAL_GPIO_WritePin
                0x0000000008000b08       0x34 build/stm32f4xx_hal_gpio.o
                0x0000000008000b08                HAL_GPIO_WritePin
 .text.HAL_GPIO_TogglePin
                0x0000000008000b3c       0x20 build/stm32f4xx_hal_gpio.o
                0x0000000008000b3c                HAL_GPIO_TogglePin
 .text.HAL_GPIO_EXTI_Callback
                0x0000000008000b5c        0x2 build/stm32f4xx_hal_gpio.o
                0x0000000008000b5c                HAL_GPIO_EXTI_Callback
 *fill*         0x0000000008000b5e        0x2 
 .text.HAL_GPIO_EXTI_IRQHandler
                0x0000000008000b60       0x1c build/stm32f4xx_hal_gpio.o
                0x0000000008000b60                HAL_GPIO_EXTI_IRQHandler
 .text.UART_EndTxTransfer
                0x0000000008000b7c       0x12 build/stm32f4xx_hal_uart.o
 .text.UART_EndRxTransfer
                0x0000000008000b8e       0x1c build/stm32f4xx_hal_uart.o
 .text.UART_Transmit_IT
                0x0000000008000baa       0x6a build/stm32f4xx_hal_uart.o
 .text.UART_SetConfig
                0x0000000008000c14      0x3a8 build/stm32f4xx_hal_uart.o
 .text.HAL_UART_Init
                0x0000000008000fbc      0x120 build/stm32f4xx_hal_uart.o
                0x0000000008000fbc                HAL_UART_Init
 .text.HAL_UART_Transmit_DMA
                0x00000000080010dc       0x8c build/stm32f4xx_hal_uart.o
                0x00000000080010dc                HAL_UART_Transmit_DMA
 .text.UART_DMATransmitCplt
                0x0000000008001168       0x30 build/stm32f4xx_hal_uart.o
 .text.UART_EndTransmit_IT
                0x0000000008001198       0x1a build/stm32f4xx_hal_uart.o
 .text.HAL_UART_TxHalfCpltCallback
                0x00000000080011b2        0x2 build/stm32f4xx_hal_uart.o
                0x00000000080011b2                HAL_UART_TxHalfCpltCallback
 .text.UART_DMATxHalfCplt
                0x00000000080011b4        0xa build/stm32f4xx_hal_uart.o
 .text.HAL_UART_RxCpltCallback
                0x00000000080011be        0x2 build/stm32f4xx_hal_uart.o
                0x00000000080011be                HAL_UART_RxCpltCallback
 .text.UART_Receive_IT
                0x00000000080011c0       0x94 build/stm32f4xx_hal_uart.o
 .text.UART_DMAError
                0x0000000008001254       0x58 build/stm32f4xx_hal_uart.o
 .text.HAL_UART_IRQHandler
                0x00000000080012ac      0x120 build/stm32f4xx_hal_uart.o
                0x00000000080012ac                HAL_UART_IRQHandler
 .text.UART_DMAAbortOnError
                0x00000000080013cc       0x10 build/stm32f4xx_hal_uart.o
 .text.MX_GPIO_Init
                0x00000000080013dc       0xa0 build/main.o
 .text.HAL_UART_TxCpltCallback
                0x000000000800147c       0x1c build/main.o
                0x000000000800147c                HAL_UART_TxCpltCallback
 .text.HAL_UART_ErrorCallback
                0x0000000008001498       0x14 build/main.o
                0x0000000008001498                HAL_UART_ErrorCallback
 .text._Error_Handler
                0x00000000080014ac       0x14 build/main.o
                0x00000000080014ac                _Error_Handler
 .text.MX_USART6_UART_Init
                0x00000000080014c0       0x3c build/main.o
 .text.SystemClock_Config
                0x00000000080014fc       0xbc build/main.o
                0x00000000080014fc                SystemClock_Config
 .text.main     0x00000000080015b8       0x80 build/main.o
                0x00000000080015b8                main
 .text.assert_failed
                0x0000000008001638        0x2 build/main.o
                0x0000000008001638                assert_failed
 .text.NMI_Handler
                0x000000000800163a        0x2 build/stm32f4xx_it.o
                0x000000000800163a                NMI_Handler
 .text.HardFault_Handler
                0x000000000800163c        0x2 build/stm32f4xx_it.o
                0x000000000800163c                HardFault_Handler
 .text.MemManage_Handler
                0x000000000800163e        0x2 build/stm32f4xx_it.o
                0x000000000800163e                MemManage_Handler
 .text.BusFault_Handler
                0x0000000008001640        0x2 build/stm32f4xx_it.o
                0x0000000008001640                BusFault_Handler
 .text.UsageFault_Handler
                0x0000000008001642        0x2 build/stm32f4xx_it.o
                0x0000000008001642                UsageFault_Handler
 .text.SVC_Handler
                0x0000000008001644        0x2 build/stm32f4xx_it.o
                0x0000000008001644                SVC_Handler
 .text.DebugMon_Handler
                0x0000000008001646        0x2 build/stm32f4xx_it.o
                0x0000000008001646                DebugMon_Handler
 .text.PendSV_Handler
                0x0000000008001648        0x2 build/stm32f4xx_it.o
                0x0000000008001648                PendSV_Handler
 .text.SysTick_Handler
                0x000000000800164a        0xc build/stm32f4xx_it.o
                0x000000000800164a                SysTick_Handler
 *fill*         0x0000000008001656        0x2 
 .text.EXTI0_IRQHandler
                0x0000000008001658       0x34 build/stm32f4xx_it.o
                0x0000000008001658                EXTI0_IRQHandler
 .text.USART6_IRQHandler
                0x000000000800168c       0x10 build/stm32f4xx_it.o
                0x000000000800168c                USART6_IRQHandler
 .text.HAL_RCC_OscConfig
                0x000000000800169c      0x464 build/stm32f4xx_hal_rcc.o
                0x000000000800169c                HAL_RCC_OscConfig
 .text.HAL_RCC_GetSysClockFreq
                0x0000000008001b00       0xa4 build/stm32f4xx_hal_rcc.o
                0x0000000008001b00                HAL_RCC_GetSysClockFreq
 .text.HAL_RCC_ClockConfig
                0x0000000008001ba4      0x210 build/stm32f4xx_hal_rcc.o
                0x0000000008001ba4                HAL_RCC_ClockConfig
 .text.HAL_RCC_GetHCLKFreq
                0x0000000008001db4        0xc build/stm32f4xx_hal_rcc.o
                0x0000000008001db4                HAL_RCC_GetHCLKFreq
 .text.HAL_RCC_GetPCLK1Freq
                0x0000000008001dc0       0x20 build/stm32f4xx_hal_rcc.o
                0x0000000008001dc0                HAL_RCC_GetPCLK1Freq
 .text.HAL_RCC_GetPCLK2Freq
                0x0000000008001de0       0x20 build/stm32f4xx_hal_rcc.o
                0x0000000008001de0                HAL_RCC_GetPCLK2Freq
 .text.HAL_InitTick
                0x0000000008001e00       0x2c build/stm32f4xx_hal.o
                0x0000000008001e00                HAL_InitTick
 .text.HAL_Init
                0x0000000008001e2c       0x34 build/stm32f4xx_hal.o
                0x0000000008001e2c                HAL_Init
 .text.HAL_IncTick
                0x0000000008001e60       0x10 build/stm32f4xx_hal.o
                0x0000000008001e60                HAL_IncTick
 .text.HAL_GetTick
                0x0000000008001e70        0xc build/stm32f4xx_hal.o
                0x0000000008001e70                HAL_GetTick
 .text.HAL_Delay
                0x0000000008001e7c       0x24 build/stm32f4xx_hal.o
                0x0000000008001e7c                HAL_Delay
 .text.HAL_MspInit
                0x0000000008001ea0       0x5e build/stm32f4xx_hal_msp.o
                0x0000000008001ea0                HAL_MspInit
 *fill*         0x0000000008001efe        0x2 
 .text.HAL_UART_MspInit
                0x0000000008001f00       0x60 build/stm32f4xx_hal_msp.o
                0x0000000008001f00                HAL_UART_MspInit
 .text.SystemInit
                0x0000000008001f60       0x4c build/system_stm32f4xx.o
                0x0000000008001f60                SystemInit
 .text.Reset_Handler
                0x0000000008001fac       0x50 build/startup_stm32f407xx.o
                0x0000000008001fac                Reset_Handler
 .text.Default_Handler
                0x0000000008001ffc        0x2 build/startup_stm32f407xx.o
                0x0000000008001ffc                RTC_Alarm_IRQHandler
                0x0000000008001ffc                HASH_RNG_IRQHandler
                0x0000000008001ffc                EXTI2_IRQHandler
                0x0000000008001ffc                TIM8_CC_IRQHandler
                0x0000000008001ffc                TIM1_CC_IRQHandler
                0x0000000008001ffc                DMA2_Stream5_IRQHandler
                0x0000000008001ffc                DMA1_Stream5_IRQHandler
                0x0000000008001ffc                PVD_IRQHandler
                0x0000000008001ffc                SDIO_IRQHandler
                0x0000000008001ffc                TAMP_STAMP_IRQHandler
                0x0000000008001ffc                CAN2_RX1_IRQHandler
                0x0000000008001ffc                EXTI3_IRQHandler
                0x0000000008001ffc                TIM8_TRG_COM_TIM14_IRQHandler
                0x0000000008001ffc                TIM1_UP_TIM10_IRQHandler
                0x0000000008001ffc                TIM8_UP_TIM13_IRQHandler
                0x0000000008001ffc                I2C3_ER_IRQHandler
                0x0000000008001ffc                I2C2_EV_IRQHandler
                0x0000000008001ffc                DMA1_Stream2_IRQHandler
                0x0000000008001ffc                CAN1_RX0_IRQHandler
                0x0000000008001ffc                FPU_IRQHandler
                0x0000000008001ffc                OTG_HS_WKUP_IRQHandler
                0x0000000008001ffc                CAN2_SCE_IRQHandler
                0x0000000008001ffc                DMA2_Stream2_IRQHandler
                0x0000000008001ffc                SPI1_IRQHandler
                0x0000000008001ffc                TIM6_DAC_IRQHandler
                0x0000000008001ffc                TIM1_BRK_TIM9_IRQHandler
                0x0000000008001ffc                DCMI_IRQHandler
                0x0000000008001ffc                CAN2_RX0_IRQHandler
                0x0000000008001ffc                DMA2_Stream3_IRQHandler
                0x0000000008001ffc                USART3_IRQHandler
                0x0000000008001ffc                CAN1_RX1_IRQHandler
                0x0000000008001ffc                UART5_IRQHandler
                0x0000000008001ffc                DMA2_Stream0_IRQHandler
                0x0000000008001ffc                TIM4_IRQHandler
                0x0000000008001ffc                I2C1_EV_IRQHandler
                0x0000000008001ffc                DMA1_Stream6_IRQHandler
                0x0000000008001ffc                DMA1_Stream1_IRQHandler
                0x0000000008001ffc                UART4_IRQHandler
                0x0000000008001ffc                TIM3_IRQHandler
                0x0000000008001ffc                RCC_IRQHandler
                0x0000000008001ffc                TIM8_BRK_TIM12_IRQHandler
                0x0000000008001ffc                Default_Handler
                0x0000000008001ffc                EXTI15_10_IRQHandler
                0x0000000008001ffc                ADC_IRQHandler
                0x0000000008001ffc                DMA1_Stream7_IRQHandler
                0x0000000008001ffc                TIM7_IRQHandler
                0x0000000008001ffc                CAN2_TX_IRQHandler
                0x0000000008001ffc                TIM5_IRQHandler
                0x0000000008001ffc                DMA2_Stream7_IRQHandler
                0x0000000008001ffc                I2C3_EV_IRQHandler
                0x0000000008001ffc                EXTI9_5_IRQHandler
                0x0000000008001ffc                RTC_WKUP_IRQHandler
                0x0000000008001ffc                ETH_WKUP_IRQHandler
                0x0000000008001ffc                SPI2_IRQHandler
                0x0000000008001ffc                OTG_HS_EP1_IN_IRQHandler
                0x0000000008001ffc                DMA1_Stream0_IRQHandler
                0x0000000008001ffc                CAN1_TX_IRQHandler
                0x0000000008001ffc                EXTI4_IRQHandler
                0x0000000008001ffc                FSMC_IRQHandler
                0x0000000008001ffc                ETH_IRQHandler
                0x0000000008001ffc                OTG_HS_EP1_OUT_IRQHandler
                0x0000000008001ffc                WWDG_IRQHandler
                0x0000000008001ffc                TIM2_IRQHandler
                0x0000000008001ffc                OTG_FS_WKUP_IRQHandler
                0x0000000008001ffc                TIM1_TRG_COM_TIM11_IRQHandler
                0x0000000008001ffc                OTG_HS_IRQHandler
                0x0000000008001ffc                EXTI1_IRQHandler
                0x0000000008001ffc                USART2_IRQHandler
                0x0000000008001ffc                I2C2_ER_IRQHandler
                0x0000000008001ffc                DMA2_Stream1_IRQHandler
                0x0000000008001ffc                CAN1_SCE_IRQHandler
                0x0000000008001ffc                FLASH_IRQHandler
                0x0000000008001ffc                DMA2_Stream4_IRQHandler
                0x0000000008001ffc                USART1_IRQHandler
                0x0000000008001ffc                OTG_FS_IRQHandler
                0x0000000008001ffc                SPI3_IRQHandler
                0x0000000008001ffc                DMA1_Stream4_IRQHandler
                0x0000000008001ffc                I2C1_ER_IRQHandler
                0x0000000008001ffc                DMA2_Stream6_IRQHandler
                0x0000000008001ffc                DMA1_Stream3_IRQHandler
 *(.glue_7)
 .glue_7        0x0000000008001ffe        0x0 linker stubs
 *(.glue_7t)
 .glue_7t       0x0000000008001ffe        0x0 linker stubs
 *(.eh_frame)
 *fill*         0x0000000008001ffe        0x2 
 .eh_frame      0x0000000008002000        0x0 /home/saicharan/arm/lib/gcc/arm-none-eabi/6.3.0/crtbegin.o
 *(.init)
 .init          0x0000000008002000        0x4 /home/saicharan/arm/lib/gcc/arm-none-eabi/6.3.0/crti.o
                0x0000000008002000                _init
 .init          0x0000000008002004        0x8 /home/saicharan/arm/lib/gcc/arm-none-eabi/6.3.0/crtn.o
 *(.fini)
 .fini          0x000000000800200c        0x4 /home/saicharan/arm/lib/gcc/arm-none-eabi/6.3.0/crti.o
                0x000000000800200c                _fini
 .fini          0x0000000008002010        0x8 /home/saicharan/arm/lib/gcc/arm-none-eabi/6.3.0/crtn.o
                0x0000000008002018                . = ALIGN (0x4)
                0x0000000008002018                _etext = .

.vfp11_veneer   0x0000000008002018        0x0
 .vfp11_veneer  0x0000000008002018        0x0 linker stubs

.v4_bx          0x0000000008002018        0x0
 .v4_bx         0x0000000008002018        0x0 linker stubs

.iplt           0x0000000008002018        0x0
 .iplt          0x0000000008002018        0x0 /home/saicharan/arm/lib/gcc/arm-none-eabi/6.3.0/crtbegin.o

.rodata         0x0000000008002018      0x13c
                0x0000000008002018                . = ALIGN (0x4)
 *(.rodata)
 *(.rodata*)
 .rodata.HAL_DMA_Init.str1.4
                0x0000000008002018       0x35 build/stm32f4xx_hal_dma.o
 *fill*         0x000000000800204d        0x3 
 .rodata.HAL_NVIC_SetPriorityGrouping.str1.4
                0x0000000008002050       0x38 build/stm32f4xx_hal_cortex.o
 .rodata.HAL_GPIO_Init.str1.4
                0x0000000008002088       0x36 build/stm32f4xx_hal_gpio.o
 *fill*         0x00000000080020be        0x2 
 .rodata.UART_SetConfig.str1.4
                0x00000000080020c0       0x36 build/stm32f4xx_hal_uart.o
 *fill*         0x00000000080020f6        0x2 
 .rodata.MX_USART6_UART_Init.str1.4
                0x00000000080020f8        0xb build/main.o
 *fill*         0x0000000008002103        0x1 
 .rodata.HAL_RCC_OscConfig.str1.4
                0x0000000008002104       0x38 build/stm32f4xx_hal_rcc.o
                                         0x35 (size before relaxing)
 .rodata.AHBPrescTable
                0x000000000800213c       0x10 build/system_stm32f4xx.o
                0x000000000800213c                AHBPrescTable
 .rodata.APBPrescTable
                0x000000000800214c        0x8 build/system_stm32f4xx.o
                0x000000000800214c                APBPrescTable
                0x0000000008002154                . = ALIGN (0x4)

.ARM.extab
 *(.ARM.extab* .gnu.linkonce.armextab.*)

.ARM            0x0000000008002154        0x8
                0x0000000008002154                __exidx_start = .
 *(.ARM.exidx*)
 .ARM.exidx     0x0000000008002154        0x8 /home/saicharan/arm/lib/gcc/arm-none-eabi/6.3.0/libgcc.a(_udivmoddi4.o)
                0x000000000800215c                __exidx_end = .

.rel.dyn        0x000000000800215c        0x0
 .rel.iplt      0x000000000800215c        0x0 /home/saicharan/arm/lib/gcc/arm-none-eabi/6.3.0/crtbegin.o

.preinit_array  0x000000000800215c        0x0
                0x000000000800215c                PROVIDE (__preinit_array_start, .)
 *(.preinit_array*)
                0x000000000800215c                PROVIDE (__preinit_array_end, .)

.init_array     0x000000000800215c        0x4
                0x000000000800215c                PROVIDE (__init_array_start, .)
 *(SORT(.init_array.*))
 *(.init_array*)
 .init_array    0x000000000800215c        0x4 /home/saicharan/arm/lib/gcc/arm-none-eabi/6.3.0/crtbegin.o
                0x0000000008002160                PROVIDE (__init_array_end, .)

.fini_array     0x0000000008002160        0x4
                [!provide]                        PROVIDE (__fini_array_start, .)
 *(SORT(.fini_array.*))
 *(.fini_array*)
 .fini_array    0x0000000008002160        0x4 /home/saicharan/arm/lib/gcc/arm-none-eabi/6.3.0/crtbegin.o
                [!provide]                        PROVIDE (__fini_array_end, .)
                0x0000000008002164                _sidata = LOADADDR (.data)

.data           0x0000000020000000        0x8 load address 0x0000000008002164
                0x0000000020000000                . = ALIGN (0x4)
                0x0000000020000000                _sdata = .
 *(.data)
 *(.data*)
 .data.aTxBuffer
                0x0000000020000000        0x2 build/main.o
                0x0000000020000000                aTxBuffer
 *fill*         0x0000000020000002        0x2 
 .data.SystemCoreClock
                0x0000000020000004        0x4 build/system_stm32f4xx.o
                0x0000000020000004                SystemCoreClock
                0x0000000020000008                . = ALIGN (0x4)
                0x0000000020000008                _edata = .
                0x000000000800216c                _siccmram = LOADADDR (.ccmram)

.jcr            0x0000000020000008        0x0 load address 0x000000000800216c
 .jcr           0x0000000020000008        0x0 /home/saicharan/arm/lib/gcc/arm-none-eabi/6.3.0/crtbegin.o

.tm_clone_table
                0x0000000020000008        0x0 load address 0x000000000800216c
 .tm_clone_table
                0x0000000020000008        0x0 /home/saicharan/arm/lib/gcc/arm-none-eabi/6.3.0/crtbegin.o
 .tm_clone_table
                0x0000000020000008        0x0 /home/saicharan/arm/lib/gcc/arm-none-eabi/6.3.0/crtend.o

.igot.plt       0x0000000020000008        0x0 load address 0x000000000800216c
 .igot.plt      0x0000000020000008        0x0 /home/saicharan/arm/lib/gcc/arm-none-eabi/6.3.0/crtbegin.o

.ccmram         0x0000000010000000        0x0 load address 0x000000000800216c
                0x0000000010000000                . = ALIGN (0x4)
                0x0000000010000000                _sccmram = .
 *(.ccmram)
 *(.ccmram*)
                0x0000000010000000                . = ALIGN (0x4)
                0x0000000010000000                _eccmram = .
                0x0000000010000000                . = ALIGN (0x4)

.bss            0x0000000020000008       0x6c
                0x0000000020000008                _sbss = .
                0x0000000020000008                __bss_start__ = _sbss
 *(.bss)
 .bss           0x0000000020000008       0x1c /home/saicharan/arm/lib/gcc/arm-none-eabi/6.3.0/crtbegin.o
 *(.bss*)
 .bss.Interrupt_Variable
                0x0000000020000024        0x4 build/main.o
                0x0000000020000024                Interrupt_Variable
 .bss.UartReady
                0x0000000020000028        0x1 build/main.o
                0x0000000020000028                UartReady
 *(COMMON)
 *fill*         0x0000000020000029        0x3 
 COMMON         0x000000002000002c       0x41 build/main.o
                0x000000002000002c                huart6
                0x000000002000006c                aRxBuffer
 *fill*         0x000000002000006d        0x3 
 COMMON         0x0000000020000070        0x4 build/stm32f4xx_hal.o
                0x0000000020000070                uwTick
                0x0000000020000074                . = ALIGN (0x4)
                0x0000000020000074                _ebss = .
                0x0000000020000074                __bss_end__ = _ebss

._user_heap_stack
                0x0000000020000074      0x604
                0x0000000020000078                . = ALIGN (0x8)
 *fill*         0x0000000020000074        0x4 
                [!provide]                        PROVIDE (end, .)
                [!provide]                        PROVIDE (_end, .)
                0x0000000020000278                . = (. + _Min_Heap_Size)
 *fill*         0x0000000020000078      0x200 
                0x0000000020000678                . = (. + _Min_Stack_Size)
 *fill*         0x0000000020000278      0x400 
                0x0000000020000678                . = ALIGN (0x8)

/DISCARD/
 libc.a(*)
 libm.a(*)
 libgcc.a(*)

.ARM.attributes
                0x0000000000000000       0x35
 *(.ARM.attributes)
 .ARM.attributes
                0x0000000000000000       0x27 /home/saicharan/arm/lib/gcc/arm-none-eabi/6.3.0/crti.o
 .ARM.attributes
                0x0000000000000027       0x39 /home/saicharan/arm/lib/gcc/arm-none-eabi/6.3.0/crtbegin.o
 .ARM.attributes
                0x0000000000000060       0x39 build/stm32f4xx_hal_dma.o
 .ARM.attributes
                0x0000000000000099       0x39 build/stm32f4xx_hal_cortex.o
 .ARM.attributes
                0x00000000000000d2       0x39 build/stm32f4xx_hal_gpio.o
 .ARM.attributes
                0x000000000000010b       0x39 build/stm32f4xx_hal_uart.o
 .ARM.attributes
                0x0000000000000144       0x39 build/main.o
 .ARM.attributes
                0x000000000000017d       0x39 build/stm32f4xx_it.o
 .ARM.attributes
                0x00000000000001b6       0x39 build/stm32f4xx_hal_rcc.o
 .ARM.attributes
                0x00000000000001ef       0x39 build/stm32f4xx_hal.o
 .ARM.attributes
                0x0000000000000228       0x39 build/stm32f4xx_hal_msp.o
 .ARM.attributes
                0x0000000000000261       0x39 build/system_stm32f4xx.o
 .ARM.attributes
                0x000000000000029a       0x21 build/startup_stm32f407xx.o
 .ARM.attributes
                0x00000000000002bb       0x39 /home/saicharan/arm/lib/gcc/arm-none-eabi/6.3.0/../../../../arm-none-eabi/lib/libc_s.a(lib_a-init.o)
 .ARM.attributes
                0x00000000000002f4       0x27 /home/saicharan/arm/lib/gcc/arm-none-eabi/6.3.0/libgcc.a(_aeabi_uldivmod.o)
 .ARM.attributes
                0x000000000000031b       0x39 /home/saicharan/arm/lib/gcc/arm-none-eabi/6.3.0/libgcc.a(_udivmoddi4.o)
 .ARM.attributes
                0x0000000000000354       0x27 /home/saicharan/arm/lib/gcc/arm-none-eabi/6.3.0/libgcc.a(_dvmd_tls.o)
 .ARM.attributes
                0x000000000000037b       0x39 /home/saicharan/arm/lib/gcc/arm-none-eabi/6.3.0/crtend.o
 .ARM.attributes
                0x00000000000003b4       0x27 /home/saicharan/arm/lib/gcc/arm-none-eabi/6.3.0/crtn.o
OUTPUT(build/USART.elf elf32-littlearm)

.comment        0x0000000000000000       0x11
 .comment       0x0000000000000000       0x11 /home/saicharan/arm/lib/gcc/arm-none-eabi/6.3.0/crtbegin.o
                                         0x12 (size before relaxing)
 .comment       0x0000000000000011       0x12 build/stm32f4xx_hal_dma.o
 .comment       0x0000000000000011       0x12 build/stm32f4xx_hal_cortex.o
 .comment       0x0000000000000011       0x12 build/stm32f4xx_hal_gpio.o
 .comment       0x0000000000000011       0x12 build/stm32f4xx_hal_uart.o
 .comment       0x0000000000000011       0x12 build/main.o
 .comment       0x0000000000000011       0x12 build/stm32f4xx_it.o
 .comment       0x0000000000000011       0x12 build/stm32f4xx_hal_rcc.o
 .comment       0x0000000000000011       0x12 build/stm32f4xx_hal.o
 .comment       0x0000000000000011       0x12 build/stm32f4xx_hal_msp.o
 .comment       0x0000000000000011       0x12 build/system_stm32f4xx.o
 .comment       0x0000000000000011       0x12 /home/saicharan/arm/lib/gcc/arm-none-eabi/6.3.0/../../../../arm-none-eabi/lib/libc_s.a(lib_a-init.o)
 .comment       0x0000000000000011       0x12 /home/saicharan/arm/lib/gcc/arm-none-eabi/6.3.0/libgcc.a(_udivmoddi4.o)
 .comment       0x0000000000000011       0x12 /home/saicharan/arm/lib/gcc/arm-none-eabi/6.3.0/crtend.o

.debug_info     0x0000000000000000     0xf25a
 .debug_info    0x0000000000000000     0x15de build/stm32f4xx_hal_dma.o
 .debug_info    0x00000000000015de     0x1ba2 build/stm32f4xx_hal_cortex.o
 .debug_info    0x0000000000003180     0x126c build/stm32f4xx_hal_gpio.o
 .debug_info    0x00000000000043ec     0x2450 build/stm32f4xx_hal_uart.o
 .debug_info    0x000000000000683c     0x1b93 build/main.o
 .debug_info    0x00000000000083cf     0x11c4 build/stm32f4xx_it.o
 .debug_info    0x0000000000009593     0x167f build/stm32f4xx_hal_rcc.o
 .debug_info    0x000000000000ac12     0x12a7 build/stm32f4xx_hal.o
 .debug_info    0x000000000000beb9     0x164b build/stm32f4xx_hal_msp.o
 .debug_info    0x000000000000d504      0xe71 build/system_stm32f4xx.o
 .debug_info    0x000000000000e375       0x9f build/startup_stm32f407xx.o
 .debug_info    0x000000000000e414      0x10c /home/saicharan/arm/lib/gcc/arm-none-eabi/6.3.0/../../../../arm-none-eabi/lib/libc_s.a(lib_a-init.o)
 .debug_info    0x000000000000e520       0x9b /home/saicharan/arm/lib/gcc/arm-none-eabi/6.3.0/libgcc.a(_aeabi_uldivmod.o)
 .debug_info    0x000000000000e5bb      0xc00 /home/saicharan/arm/lib/gcc/arm-none-eabi/6.3.0/libgcc.a(_udivmoddi4.o)
 .debug_info    0x000000000000f1bb       0x9f /home/saicharan/arm/lib/gcc/arm-none-eabi/6.3.0/libgcc.a(_dvmd_tls.o)

.debug_abbrev   0x0000000000000000     0x1eef
 .debug_abbrev  0x0000000000000000      0x32f build/stm32f4xx_hal_dma.o
 .debug_abbrev  0x000000000000032f      0x409 build/stm32f4xx_hal_cortex.o
 .debug_abbrev  0x0000000000000738      0x2cf build/stm32f4xx_hal_gpio.o
 .debug_abbrev  0x0000000000000a07      0x36a build/stm32f4xx_hal_uart.o
 .debug_abbrev  0x0000000000000d71      0x2c8 build/main.o
 .debug_abbrev  0x0000000000001039      0x21d build/stm32f4xx_it.o
 .debug_abbrev  0x0000000000001256      0x32d build/stm32f4xx_hal_rcc.o
 .debug_abbrev  0x0000000000001583      0x2e5 build/stm32f4xx_hal.o
 .debug_abbrev  0x0000000000001868      0x22c build/stm32f4xx_hal_msp.o
 .debug_abbrev  0x0000000000001a94      0x1dd build/system_stm32f4xx.o
 .debug_abbrev  0x0000000000001c71       0x12 build/startup_stm32f407xx.o
 .debug_abbrev  0x0000000000001c83       0xb8 /home/saicharan/arm/lib/gcc/arm-none-eabi/6.3.0/../../../../arm-none-eabi/lib/libc_s.a(lib_a-init.o)
 .debug_abbrev  0x0000000000001d3b       0x14 /home/saicharan/arm/lib/gcc/arm-none-eabi/6.3.0/libgcc.a(_aeabi_uldivmod.o)
 .debug_abbrev  0x0000000000001d4f      0x18c /home/saicharan/arm/lib/gcc/arm-none-eabi/6.3.0/libgcc.a(_udivmoddi4.o)
 .debug_abbrev  0x0000000000001edb       0x14 /home/saicharan/arm/lib/gcc/arm-none-eabi/6.3.0/libgcc.a(_dvmd_tls.o)

.debug_loc      0x0000000000000000     0x4d7c
 .debug_loc     0x0000000000000000      0xc28 build/stm32f4xx_hal_dma.o
 .debug_loc     0x0000000000000c28      0x8dc build/stm32f4xx_hal_cortex.o
 .debug_loc     0x0000000000001504      0x68e build/stm32f4xx_hal_gpio.o
 .debug_loc     0x0000000000001b92     0x19f4 build/stm32f4xx_hal_uart.o
 .debug_loc     0x0000000000003586      0x1a2 build/main.o
 .debug_loc     0x0000000000003728       0x60 build/stm32f4xx_it.o
 .debug_loc     0x0000000000003788      0x4bd build/stm32f4xx_hal_rcc.o
 .debug_loc     0x0000000000003c45      0x101 build/stm32f4xx_hal.o
 .debug_loc     0x0000000000003d46       0xd3 build/stm32f4xx_hal_msp.o
 .debug_loc     0x0000000000003e19      0x13e build/system_stm32f4xx.o
 .debug_loc     0x0000000000003f57       0xae /home/saicharan/arm/lib/gcc/arm-none-eabi/6.3.0/../../../../arm-none-eabi/lib/libc_s.a(lib_a-init.o)
 .debug_loc     0x0000000000004005      0xd77 /home/saicharan/arm/lib/gcc/arm-none-eabi/6.3.0/libgcc.a(_udivmoddi4.o)

.debug_aranges  0x0000000000000000      0x678
 .debug_aranges
                0x0000000000000000       0x90 build/stm32f4xx_hal_dma.o
 .debug_aranges
                0x0000000000000090       0xa8 build/stm32f4xx_hal_cortex.o
 .debug_aranges
                0x0000000000000138       0x58 build/stm32f4xx_hal_gpio.o
 .debug_aranges
                0x0000000000000190      0x1d0 build/stm32f4xx_hal_uart.o
 .debug_aranges
                0x0000000000000360       0x58 build/main.o
 .debug_aranges
                0x00000000000003b8       0x70 build/stm32f4xx_it.o
 .debug_aranges
                0x0000000000000428       0x88 build/stm32f4xx_hal_rcc.o
 .debug_aranges
                0x00000000000004b0       0xc8 build/stm32f4xx_hal.o
 .debug_aranges
                0x0000000000000578       0x30 build/stm32f4xx_hal_msp.o
 .debug_aranges
                0x00000000000005a8       0x28 build/system_stm32f4xx.o
 .debug_aranges
                0x00000000000005d0       0x28 build/startup_stm32f407xx.o
 .debug_aranges
                0x00000000000005f8       0x20 /home/saicharan/arm/lib/gcc/arm-none-eabi/6.3.0/../../../../arm-none-eabi/lib/libc_s.a(lib_a-init.o)
 .debug_aranges
                0x0000000000000618       0x20 /home/saicharan/arm/lib/gcc/arm-none-eabi/6.3.0/libgcc.a(_aeabi_uldivmod.o)
 .debug_aranges
                0x0000000000000638       0x20 /home/saicharan/arm/lib/gcc/arm-none-eabi/6.3.0/libgcc.a(_udivmoddi4.o)
 .debug_aranges
                0x0000000000000658       0x20 /home/saicharan/arm/lib/gcc/arm-none-eabi/6.3.0/libgcc.a(_dvmd_tls.o)

.debug_ranges   0x0000000000000000      0x680
 .debug_ranges  0x0000000000000000       0x80 build/stm32f4xx_hal_dma.o
 .debug_ranges  0x0000000000000080       0xf8 build/stm32f4xx_hal_cortex.o
 .debug_ranges  0x0000000000000178       0x48 build/stm32f4xx_hal_gpio.o
 .debug_ranges  0x00000000000001c0      0x1c0 build/stm32f4xx_hal_uart.o
 .debug_ranges  0x0000000000000380       0x48 build/main.o
 .debug_ranges  0x00000000000003c8       0x60 build/stm32f4xx_it.o
 .debug_ranges  0x0000000000000428       0x78 build/stm32f4xx_hal_rcc.o
 .debug_ranges  0x00000000000004a0       0xb8 build/stm32f4xx_hal.o
 .debug_ranges  0x0000000000000558       0x20 build/stm32f4xx_hal_msp.o
 .debug_ranges  0x0000000000000578       0x18 build/system_stm32f4xx.o
 .debug_ranges  0x0000000000000590       0x20 build/startup_stm32f407xx.o
 .debug_ranges  0x00000000000005b0       0xd0 /home/saicharan/arm/lib/gcc/arm-none-eabi/6.3.0/libgcc.a(_udivmoddi4.o)

.debug_line     0x0000000000000000     0x387c
 .debug_line    0x0000000000000000      0x71a build/stm32f4xx_hal_dma.o
 .debug_line    0x000000000000071a      0x515 build/stm32f4xx_hal_cortex.o
 .debug_line    0x0000000000000c2f      0x510 build/stm32f4xx_hal_gpio.o
 .debug_line    0x000000000000113f      0xd6e build/stm32f4xx_hal_uart.o
 .debug_line    0x0000000000001ead      0x36e build/main.o
 .debug_line    0x000000000000221b      0x31a build/stm32f4xx_it.o
 .debug_line    0x0000000000002535      0x637 build/stm32f4xx_hal_rcc.o
 .debug_line    0x0000000000002b6c      0x3cc build/stm32f4xx_hal.o
 .debug_line    0x0000000000002f38      0x29f build/stm32f4xx_hal_msp.o
 .debug_line    0x00000000000031d7      0x1fe build/system_stm32f4xx.o
 .debug_line    0x00000000000033d5       0x74 build/startup_stm32f407xx.o
 .debug_line    0x0000000000003449       0xec /home/saicharan/arm/lib/gcc/arm-none-eabi/6.3.0/../../../../arm-none-eabi/lib/libc_s.a(lib_a-init.o)
 .debug_line    0x0000000000003535       0x70 /home/saicharan/arm/lib/gcc/arm-none-eabi/6.3.0/libgcc.a(_aeabi_uldivmod.o)
 .debug_line    0x00000000000035a5      0x267 /home/saicharan/arm/lib/gcc/arm-none-eabi/6.3.0/libgcc.a(_udivmoddi4.o)
 .debug_line    0x000000000000380c       0x70 /home/saicharan/arm/lib/gcc/arm-none-eabi/6.3.0/libgcc.a(_dvmd_tls.o)

.debug_str      0x0000000000000000     0x3105
 .debug_str     0x0000000000000000      0xaeb build/stm32f4xx_hal_dma.o
                                        0xb9c (size before relaxing)
 .debug_str     0x0000000000000aeb      0x954 build/stm32f4xx_hal_cortex.o
                                       0x1054 (size before relaxing)
 .debug_str     0x000000000000143f      0x295 build/stm32f4xx_hal_gpio.o
                                        0x916 (size before relaxing)
 .debug_str     0x00000000000016d4      0x714 build/stm32f4xx_hal_uart.o
                                       0x1018 (size before relaxing)
 .debug_str     0x0000000000001de8      0x210 build/main.o
                                       0x1366 (size before relaxing)
 .debug_str     0x0000000000001ff8       0xd2 build/stm32f4xx_it.o
                                        0xb71 (size before relaxing)
 .debug_str     0x00000000000020ca      0x17e build/stm32f4xx_hal_rcc.o
                                        0xad0 (size before relaxing)
 .debug_str     0x0000000000002248      0x1d9 build/stm32f4xx_hal.o
                                        0xea5 (size before relaxing)
 .debug_str     0x0000000000002421       0x18 build/stm32f4xx_hal_msp.o
                                       0x10e2 (size before relaxing)
 .debug_str     0x0000000000002439       0x42 build/system_stm32f4xx.o
                                        0x76c (size before relaxing)
 .debug_str     0x000000000000247b      0x10c /home/saicharan/arm/lib/gcc/arm-none-eabi/6.3.0/../../../../arm-none-eabi/lib/libc_s.a(lib_a-init.o)
                                        0x1b0 (size before relaxing)
 .debug_str     0x0000000000002587      0xb7e /home/saicharan/arm/lib/gcc/arm-none-eabi/6.3.0/libgcc.a(_udivmoddi4.o)
                                        0xc71 (size before relaxing)

.debug_frame    0x0000000000000000     0x10b0
 .debug_frame   0x0000000000000000      0x1c8 build/stm32f4xx_hal_dma.o
 .debug_frame   0x00000000000001c8      0x1d0 build/stm32f4xx_hal_cortex.o
 .debug_frame   0x0000000000000398      0x120 build/stm32f4xx_hal_gpio.o
 .debug_frame   0x00000000000004b8      0x5a8 build/stm32f4xx_hal_uart.o
 .debug_frame   0x0000000000000a60       0xfc build/main.o
 .debug_frame   0x0000000000000b5c       0xe4 build/stm32f4xx_it.o
 .debug_frame   0x0000000000000c40      0x1a4 build/stm32f4xx_hal_rcc.o
 .debug_frame   0x0000000000000de4      0x1a8 build/stm32f4xx_hal.o
 .debug_frame   0x0000000000000f8c       0x68 build/stm32f4xx_hal_msp.o
 .debug_frame   0x0000000000000ff4       0x30 build/system_stm32f4xx.o
 .debug_frame   0x0000000000001024       0x2c /home/saicharan/arm/lib/gcc/arm-none-eabi/6.3.0/../../../../arm-none-eabi/lib/libc_s.a(lib_a-init.o)
 .debug_frame   0x0000000000001050       0x2c /home/saicharan/arm/lib/gcc/arm-none-eabi/6.3.0/libgcc.a(_aeabi_uldivmod.o)
 .debug_frame   0x000000000000107c       0x34 /home/saicharan/arm/lib/gcc/arm-none-eabi/6.3.0/libgcc.a(_udivmoddi4.o)

Cross Reference Table

Symbol                                            File
ADC_IRQHandler                                    build/startup_stm32f407xx.o
AHBPrescTable                                     build/system_stm32f4xx.o
                                                  build/stm32f4xx_hal_rcc.o
APBPrescTable                                     build/system_stm32f4xx.o
                                                  build/stm32f4xx_hal_rcc.o
BusFault_Handler                                  build/stm32f4xx_it.o
CAN1_RX0_IRQHandler                               build/startup_stm32f407xx.o
CAN1_RX1_IRQHandler                               build/startup_stm32f407xx.o
CAN1_SCE_IRQHandler                               build/startup_stm32f407xx.o
CAN1_TX_IRQHandler                                build/startup_stm32f407xx.o
CAN2_RX0_IRQHandler                               build/startup_stm32f407xx.o
CAN2_RX1_IRQHandler                               build/startup_stm32f407xx.o
CAN2_SCE_IRQHandler                               build/startup_stm32f407xx.o
CAN2_TX_IRQHandler                                build/startup_stm32f407xx.o
DCMI_IRQHandler                                   build/startup_stm32f407xx.o
DMA1_Stream0_IRQHandler                           build/startup_stm32f407xx.o
DMA1_Stream1_IRQHandler                           build/startup_stm32f407xx.o
DMA1_Stream2_IRQHandler                           build/startup_stm32f407xx.o
DMA1_Stream3_IRQHandler                           build/startup_stm32f407xx.o
DMA1_Stream4_IRQHandler                           build/startup_stm32f407xx.o
DMA1_Stream5_IRQHandler                           build/startup_stm32f407xx.o
DMA1_Stream6_IRQHandler                           build/startup_stm32f407xx.o
DMA1_Stream7_IRQHandler                           build/startup_stm32f407xx.o
DMA2_Stream0_IRQHandler                           build/startup_stm32f407xx.o
DMA2_Stream1_IRQHandler                           build/startup_stm32f407xx.o
DMA2_Stream2_IRQHandler                           build/startup_stm32f407xx.o
DMA2_Stream3_IRQHandler                           build/startup_stm32f407xx.o
DMA2_Stream4_IRQHandler                           build/startup_stm32f407xx.o
DMA2_Stream5_IRQHandler                           build/startup_stm32f407xx.o
DMA2_Stream6_IRQHandler                           build/startup_stm32f407xx.o
DMA2_Stream7_IRQHandler                           build/startup_stm32f407xx.o
DebugMon_Handler                                  build/stm32f4xx_it.o
Default_Handler                                   build/startup_stm32f407xx.o
ETH_IRQHandler                                    build/startup_stm32f407xx.o
ETH_WKUP_IRQHandler                               build/startup_stm32f407xx.o
EXTI0_IRQHandler                                  build/stm32f4xx_it.o
EXTI15_10_IRQHandler                              build/startup_stm32f407xx.o
EXTI1_IRQHandler                                  build/startup_stm32f407xx.o
EXTI2_IRQHandler                                  build/startup_stm32f407xx.o
EXTI3_IRQHandler                                  build/startup_stm32f407xx.o
EXTI4_IRQHandler                                  build/startup_stm32f407xx.o
EXTI9_5_IRQHandler                                build/startup_stm32f407xx.o
FLASH_Erase_Sector                                build/stm32f4xx_hal_flash_ex.o
                                                  build/stm32f4xx_hal_flash.o
FLASH_FlushCaches                                 build/stm32f4xx_hal_flash_ex.o
                                                  build/stm32f4xx_hal_flash.o
FLASH_IRQHandler                                  build/startup_stm32f407xx.o
FLASH_WaitForLastOperation                        build/stm32f4xx_hal_flash.o
                                                  build/stm32f4xx_hal_flash_ex.o
FPU_IRQHandler                                    build/startup_stm32f407xx.o
FSMC_IRQHandler                                   build/startup_stm32f407xx.o
HAL_DBGMCU_DisableDBGSleepMode                    build/stm32f4xx_hal.o
HAL_DBGMCU_DisableDBGStandbyMode                  build/stm32f4xx_hal.o
HAL_DBGMCU_DisableDBGStopMode                     build/stm32f4xx_hal.o
HAL_DBGMCU_EnableDBGSleepMode                     build/stm32f4xx_hal.o
HAL_DBGMCU_EnableDBGStandbyMode                   build/stm32f4xx_hal.o
HAL_DBGMCU_EnableDBGStopMode                      build/stm32f4xx_hal.o
HAL_DMAEx_ChangeMemory                            build/stm32f4xx_hal_dma_ex.o
HAL_DMAEx_MultiBufferStart                        build/stm32f4xx_hal_dma_ex.o
HAL_DMAEx_MultiBufferStart_IT                     build/stm32f4xx_hal_dma_ex.o
HAL_DMA_Abort                                     build/stm32f4xx_hal_dma.o
                                                  build/stm32f4xx_hal_uart.o
HAL_DMA_Abort_IT                                  build/stm32f4xx_hal_dma.o
                                                  build/stm32f4xx_hal_uart.o
HAL_DMA_DeInit                                    build/stm32f4xx_hal_dma.o
HAL_DMA_GetError                                  build/stm32f4xx_hal_dma.o
HAL_DMA_GetState                                  build/stm32f4xx_hal_dma.o
HAL_DMA_IRQHandler                                build/stm32f4xx_hal_dma.o
HAL_DMA_Init                                      build/stm32f4xx_hal_dma.o
HAL_DMA_PollForTransfer                           build/stm32f4xx_hal_dma.o
HAL_DMA_RegisterCallback                          build/stm32f4xx_hal_dma.o
HAL_DMA_Start                                     build/stm32f4xx_hal_dma.o
HAL_DMA_Start_IT                                  build/stm32f4xx_hal_dma.o
                                                  build/stm32f4xx_hal_uart.o
HAL_DMA_UnRegisterCallback                        build/stm32f4xx_hal_dma.o
HAL_DeInit                                        build/stm32f4xx_hal.o
HAL_Delay                                         build/stm32f4xx_hal.o
                                                  build/main.o
HAL_DisableCompensationCell                       build/stm32f4xx_hal.o
HAL_EnableCompensationCell                        build/stm32f4xx_hal.o
HAL_FLASHEx_Erase                                 build/stm32f4xx_hal_flash_ex.o
HAL_FLASHEx_Erase_IT                              build/stm32f4xx_hal_flash_ex.o
HAL_FLASHEx_OBGetConfig                           build/stm32f4xx_hal_flash_ex.o
HAL_FLASHEx_OBProgram                             build/stm32f4xx_hal_flash_ex.o
HAL_FLASH_EndOfOperationCallback                  build/stm32f4xx_hal_flash.o
HAL_FLASH_GetError                                build/stm32f4xx_hal_flash.o
HAL_FLASH_IRQHandler                              build/stm32f4xx_hal_flash.o
HAL_FLASH_Lock                                    build/stm32f4xx_hal_flash.o
HAL_FLASH_OB_Launch                               build/stm32f4xx_hal_flash.o
HAL_FLASH_OB_Lock                                 build/stm32f4xx_hal_flash.o
HAL_FLASH_OB_Unlock                               build/stm32f4xx_hal_flash.o
HAL_FLASH_OperationErrorCallback                  build/stm32f4xx_hal_flash.o
HAL_FLASH_Program                                 build/stm32f4xx_hal_flash.o
HAL_FLASH_Program_IT                              build/stm32f4xx_hal_flash.o
HAL_FLASH_Unlock                                  build/stm32f4xx_hal_flash.o
HAL_GPIO_DeInit                                   build/stm32f4xx_hal_gpio.o
                                                  build/stm32f4xx_hal_msp.o
HAL_GPIO_EXTI_Callback                            build/stm32f4xx_hal_gpio.o
HAL_GPIO_EXTI_IRQHandler                          build/stm32f4xx_hal_gpio.o
                                                  build/stm32f4xx_it.o
HAL_GPIO_Init                                     build/stm32f4xx_hal_gpio.o
                                                  build/stm32f4xx_hal_msp.o
                                                  build/stm32f4xx_hal_rcc.o
                                                  build/main.o
HAL_GPIO_LockPin                                  build/stm32f4xx_hal_gpio.o
HAL_GPIO_ReadPin                                  build/stm32f4xx_hal_gpio.o
                                                  build/main.o
HAL_GPIO_TogglePin                                build/stm32f4xx_hal_gpio.o
                                                  build/main.o
HAL_GPIO_WritePin                                 build/stm32f4xx_hal_gpio.o
                                                  build/stm32f4xx_it.o
                                                  build/main.o
HAL_GetDEVID                                      build/stm32f4xx_hal.o
HAL_GetHalVersion                                 build/stm32f4xx_hal.o
HAL_GetREVID                                      build/stm32f4xx_hal.o
HAL_GetTick                                       build/stm32f4xx_hal.o
                                                  build/stm32f4xx_hal_rcc_ex.o
                                                  build/stm32f4xx_hal_rcc.o
                                                  build/stm32f4xx_hal_uart.o
                                                  build/stm32f4xx_hal_pwr_ex.o
                                                  build/stm32f4xx_hal_dma.o
                                                  build/stm32f4xx_hal_flash.o
HAL_GetUID                                        build/stm32f4xx_hal.o
HAL_HalfDuplex_EnableReceiver                     build/stm32f4xx_hal_uart.o
HAL_HalfDuplex_EnableTransmitter                  build/stm32f4xx_hal_uart.o
HAL_HalfDuplex_Init                               build/stm32f4xx_hal_uart.o
HAL_IncTick                                       build/stm32f4xx_hal.o
                                                  build/stm32f4xx_it.o
HAL_Init                                          build/stm32f4xx_hal.o
                                                  build/main.o
HAL_InitTick                                      build/stm32f4xx_hal.o
                                                  build/stm32f4xx_hal_rcc_ex.o
                                                  build/stm32f4xx_hal_rcc.o
HAL_LIN_Init                                      build/stm32f4xx_hal_uart.o
HAL_LIN_SendBreak                                 build/stm32f4xx_hal_uart.o
HAL_MPU_ConfigRegion                              build/stm32f4xx_hal_cortex.o
HAL_MPU_Disable                                   build/stm32f4xx_hal_cortex.o
HAL_MPU_Enable                                    build/stm32f4xx_hal_cortex.o
HAL_MspDeInit                                     build/stm32f4xx_hal.o
HAL_MspInit                                       build/stm32f4xx_hal_msp.o
                                                  build/stm32f4xx_hal.o
HAL_MultiProcessor_EnterMuteMode                  build/stm32f4xx_hal_uart.o
HAL_MultiProcessor_ExitMuteMode                   build/stm32f4xx_hal_uart.o
HAL_MultiProcessor_Init                           build/stm32f4xx_hal_uart.o
HAL_NVIC_ClearPendingIRQ                          build/stm32f4xx_hal_cortex.o
HAL_NVIC_DisableIRQ                               build/stm32f4xx_hal_cortex.o
                                                  build/stm32f4xx_hal_msp.o
HAL_NVIC_EnableIRQ                                build/stm32f4xx_hal_cortex.o
                                                  build/stm32f4xx_hal_msp.o
                                                  build/main.o
HAL_NVIC_GetActive                                build/stm32f4xx_hal_cortex.o
HAL_NVIC_GetPendingIRQ                            build/stm32f4xx_hal_cortex.o
HAL_NVIC_GetPriority                              build/stm32f4xx_hal_cortex.o
HAL_NVIC_GetPriorityGrouping                      build/stm32f4xx_hal_cortex.o
HAL_NVIC_SetPendingIRQ                            build/stm32f4xx_hal_cortex.o
HAL_NVIC_SetPriority                              build/stm32f4xx_hal_cortex.o
                                                  build/stm32f4xx_hal_msp.o
                                                  build/stm32f4xx_hal.o
                                                  build/main.o
HAL_NVIC_SetPriorityGrouping                      build/stm32f4xx_hal_cortex.o
                                                  build/stm32f4xx_hal_msp.o
                                                  build/stm32f4xx_hal.o
HAL_NVIC_SystemReset                              build/stm32f4xx_hal_cortex.o
HAL_PWREx_ControlVoltageScaling                   build/stm32f4xx_hal_pwr_ex.o
HAL_PWREx_DisableBkUpReg                          build/stm32f4xx_hal_pwr_ex.o
HAL_PWREx_DisableFlashPowerDown                   build/stm32f4xx_hal_pwr_ex.o
HAL_PWREx_EnableBkUpReg                           build/stm32f4xx_hal_pwr_ex.o
HAL_PWREx_EnableFlashPowerDown                    build/stm32f4xx_hal_pwr_ex.o
HAL_PWREx_GetVoltageRange                         build/stm32f4xx_hal_pwr_ex.o
HAL_PWR_ConfigPVD                                 build/stm32f4xx_hal_pwr.o
HAL_PWR_DeInit                                    build/stm32f4xx_hal_pwr.o
HAL_PWR_DisableBkUpAccess                         build/stm32f4xx_hal_pwr.o
HAL_PWR_DisablePVD                                build/stm32f4xx_hal_pwr.o
HAL_PWR_DisableSEVOnPend                          build/stm32f4xx_hal_pwr.o
HAL_PWR_DisableSleepOnExit                        build/stm32f4xx_hal_pwr.o
HAL_PWR_DisableWakeUpPin                          build/stm32f4xx_hal_pwr.o
HAL_PWR_EnableBkUpAccess                          build/stm32f4xx_hal_pwr.o
HAL_PWR_EnablePVD                                 build/stm32f4xx_hal_pwr.o
HAL_PWR_EnableSEVOnPend                           build/stm32f4xx_hal_pwr.o
HAL_PWR_EnableSleepOnExit                         build/stm32f4xx_hal_pwr.o
HAL_PWR_EnableWakeUpPin                           build/stm32f4xx_hal_pwr.o
HAL_PWR_EnterSLEEPMode                            build/stm32f4xx_hal_pwr.o
HAL_PWR_EnterSTANDBYMode                          build/stm32f4xx_hal_pwr.o
HAL_PWR_EnterSTOPMode                             build/stm32f4xx_hal_pwr.o
HAL_PWR_PVDCallback                               build/stm32f4xx_hal_pwr.o
HAL_PWR_PVD_IRQHandler                            build/stm32f4xx_hal_pwr.o
HAL_RCCEx_GetPeriphCLKConfig                      build/stm32f4xx_hal_rcc_ex.o
HAL_RCCEx_GetPeriphCLKFreq                        build/stm32f4xx_hal_rcc_ex.o
HAL_RCCEx_PeriphCLKConfig                         build/stm32f4xx_hal_rcc_ex.o
HAL_RCC_CSSCallback                               build/stm32f4xx_hal_rcc.o
HAL_RCC_ClockConfig                               build/stm32f4xx_hal_rcc.o
                                                  build/main.o
HAL_RCC_DeInit                                    build/stm32f4xx_hal_rcc_ex.o
                                                  build/stm32f4xx_hal_rcc.o
HAL_RCC_DisableCSS                                build/stm32f4xx_hal_rcc.o
HAL_RCC_EnableCSS                                 build/stm32f4xx_hal_rcc.o
HAL_RCC_GetClockConfig                            build/stm32f4xx_hal_rcc.o
HAL_RCC_GetHCLKFreq                               build/stm32f4xx_hal_rcc.o
                                                  build/main.o
HAL_RCC_GetOscConfig                              build/stm32f4xx_hal_rcc.o
HAL_RCC_GetPCLK1Freq                              build/stm32f4xx_hal_rcc.o
                                                  build/stm32f4xx_hal_uart.o
HAL_RCC_GetPCLK2Freq                              build/stm32f4xx_hal_rcc.o
                                                  build/stm32f4xx_hal_uart.o
HAL_RCC_GetSysClockFreq                           build/stm32f4xx_hal_rcc.o
HAL_RCC_MCOConfig                                 build/stm32f4xx_hal_rcc.o
HAL_RCC_NMI_IRQHandler                            build/stm32f4xx_hal_rcc.o
HAL_RCC_OscConfig                                 build/stm32f4xx_hal_rcc.o
                                                  build/main.o
HAL_ResumeTick                                    build/stm32f4xx_hal.o
HAL_SYSTICK_CLKSourceConfig                       build/stm32f4xx_hal_cortex.o
                                                  build/main.o
HAL_SYSTICK_Callback                              build/stm32f4xx_hal_cortex.o
HAL_SYSTICK_Config                                build/stm32f4xx_hal_cortex.o
                                                  build/stm32f4xx_hal.o
                                                  build/main.o
HAL_SYSTICK_IRQHandler                            build/stm32f4xx_hal_cortex.o
                                                  build/stm32f4xx_it.o
HAL_SuspendTick                                   build/stm32f4xx_hal.o
HAL_UART_Abort                                    build/stm32f4xx_hal_uart.o
HAL_UART_AbortCpltCallback                        build/stm32f4xx_hal_uart.o
HAL_UART_AbortReceive                             build/stm32f4xx_hal_uart.o
HAL_UART_AbortReceiveCpltCallback                 build/stm32f4xx_hal_uart.o
HAL_UART_AbortReceive_IT                          build/stm32f4xx_hal_uart.o
HAL_UART_AbortTransmit                            build/stm32f4xx_hal_uart.o
HAL_UART_AbortTransmitCpltCallback                build/stm32f4xx_hal_uart.o
HAL_UART_AbortTransmit_IT                         build/stm32f4xx_hal_uart.o
HAL_UART_Abort_IT                                 build/stm32f4xx_hal_uart.o
HAL_UART_DMAPause                                 build/stm32f4xx_hal_uart.o
HAL_UART_DMAResume                                build/stm32f4xx_hal_uart.o
HAL_UART_DMAStop                                  build/stm32f4xx_hal_uart.o
HAL_UART_DeInit                                   build/stm32f4xx_hal_uart.o
HAL_UART_ErrorCallback                            build/main.o
                                                  build/stm32f4xx_hal_uart.o
HAL_UART_GetError                                 build/stm32f4xx_hal_uart.o
HAL_UART_GetState                                 build/stm32f4xx_hal_uart.o
HAL_UART_IRQHandler                               build/stm32f4xx_hal_uart.o
                                                  build/stm32f4xx_it.o
HAL_UART_Init                                     build/stm32f4xx_hal_uart.o
                                                  build/main.o
HAL_UART_MspDeInit                                build/stm32f4xx_hal_msp.o
                                                  build/stm32f4xx_hal_uart.o
HAL_UART_MspInit                                  build/stm32f4xx_hal_msp.o
                                                  build/stm32f4xx_hal_uart.o
HAL_UART_Receive                                  build/stm32f4xx_hal_uart.o
HAL_UART_Receive_DMA                              build/stm32f4xx_hal_uart.o
HAL_UART_Receive_IT                               build/stm32f4xx_hal_uart.o
HAL_UART_RxCpltCallback                           build/stm32f4xx_hal_uart.o
HAL_UART_RxHalfCpltCallback                       build/stm32f4xx_hal_uart.o
HAL_UART_Transmit                                 build/stm32f4xx_hal_uart.o
HAL_UART_Transmit_DMA                             build/stm32f4xx_hal_uart.o
                                                  build/main.o
HAL_UART_Transmit_IT                              build/stm32f4xx_hal_uart.o
HAL_UART_TxCpltCallback                           build/main.o
                                                  build/stm32f4xx_hal_uart.o
HAL_UART_TxHalfCpltCallback                       build/stm32f4xx_hal_uart.o
HASH_RNG_IRQHandler                               build/startup_stm32f407xx.o
HardFault_Handler                                 build/stm32f4xx_it.o
I2C1_ER_IRQHandler                                build/startup_stm32f407xx.o
I2C1_EV_IRQHandler                                build/startup_stm32f407xx.o
I2C2_ER_IRQHandler                                build/startup_stm32f407xx.o
I2C2_EV_IRQHandler                                build/startup_stm32f407xx.o
I2C3_ER_IRQHandler                                build/startup_stm32f407xx.o
I2C3_EV_IRQHandler                                build/startup_stm32f407xx.o
Interrupt_Variable                                build/main.o
                                                  build/stm32f4xx_it.o
MemManage_Handler                                 build/stm32f4xx_it.o
NMI_Handler                                       build/stm32f4xx_it.o
OTG_FS_IRQHandler                                 build/startup_stm32f407xx.o
OTG_FS_WKUP_IRQHandler                            build/startup_stm32f407xx.o
OTG_HS_EP1_IN_IRQHandler                          build/startup_stm32f407xx.o
OTG_HS_EP1_OUT_IRQHandler                         build/startup_stm32f407xx.o
OTG_HS_IRQHandler                                 build/startup_stm32f407xx.o
OTG_HS_WKUP_IRQHandler                            build/startup_stm32f407xx.o
PVD_IRQHandler                                    build/startup_stm32f407xx.o
PendSV_Handler                                    build/stm32f4xx_it.o
RCC_IRQHandler                                    build/startup_stm32f407xx.o
RTC_Alarm_IRQHandler                              build/startup_stm32f407xx.o
RTC_WKUP_IRQHandler                               build/startup_stm32f407xx.o
Reset_Handler                                     build/startup_stm32f407xx.o
SDIO_IRQHandler                                   build/startup_stm32f407xx.o
SPI1_IRQHandler                                   build/startup_stm32f407xx.o
SPI2_IRQHandler                                   build/startup_stm32f407xx.o
SPI3_IRQHandler                                   build/startup_stm32f407xx.o
SVC_Handler                                       build/stm32f4xx_it.o
SysTick_Handler                                   build/stm32f4xx_it.o
SystemClock_Config                                build/main.o
SystemCoreClock                                   build/system_stm32f4xx.o
                                                  build/stm32f4xx_hal.o
                                                  build/stm32f4xx_hal_rcc_ex.o
                                                  build/stm32f4xx_hal_rcc.o
                                                  build/stm32f4xx_hal_dma.o
SystemCoreClockUpdate                             build/system_stm32f4xx.o
SystemInit                                        build/system_stm32f4xx.o
                                                  build/startup_stm32f407xx.o
TAMP_STAMP_IRQHandler                             build/startup_stm32f407xx.o
TIM1_BRK_TIM9_IRQHandler                          build/startup_stm32f407xx.o
TIM1_CC_IRQHandler                                build/startup_stm32f407xx.o
TIM1_TRG_COM_TIM11_IRQHandler                     build/startup_stm32f407xx.o
TIM1_UP_TIM10_IRQHandler                          build/startup_stm32f407xx.o
TIM2_IRQHandler                                   build/startup_stm32f407xx.o
TIM3_IRQHandler                                   build/startup_stm32f407xx.o
TIM4_IRQHandler                                   build/startup_stm32f407xx.o
TIM5_IRQHandler                                   build/startup_stm32f407xx.o
TIM6_DAC_IRQHandler                               build/startup_stm32f407xx.o
TIM7_IRQHandler                                   build/startup_stm32f407xx.o
TIM8_BRK_TIM12_IRQHandler                         build/startup_stm32f407xx.o
TIM8_CC_IRQHandler                                build/startup_stm32f407xx.o
TIM8_TRG_COM_TIM14_IRQHandler                     build/startup_stm32f407xx.o
TIM8_UP_TIM13_IRQHandler                          build/startup_stm32f407xx.o
UART4_IRQHandler                                  build/startup_stm32f407xx.o
UART5_IRQHandler                                  build/startup_stm32f407xx.o
USART1_IRQHandler                                 build/startup_stm32f407xx.o
USART2_IRQHandler                                 build/startup_stm32f407xx.o
USART3_IRQHandler                                 build/startup_stm32f407xx.o
USART6_IRQHandler                                 build/stm32f4xx_it.o
UartReady                                         build/main.o
UsageFault_Handler                                build/stm32f4xx_it.o
WWDG_IRQHandler                                   build/startup_stm32f407xx.o
_Error_Handler                                    build/main.o
_ITM_deregisterTMCloneTable                       /home/saicharan/arm/lib/gcc/arm-none-eabi/6.3.0/crtbegin.o
_ITM_registerTMCloneTable                         /home/saicharan/arm/lib/gcc/arm-none-eabi/6.3.0/crtbegin.o
_Jv_RegisterClasses                               /home/saicharan/arm/lib/gcc/arm-none-eabi/6.3.0/crtbegin.o
__TMC_END__                                       /home/saicharan/arm/lib/gcc/arm-none-eabi/6.3.0/crtend.o
                                                  /home/saicharan/arm/lib/gcc/arm-none-eabi/6.3.0/crtbegin.o
__aeabi_idiv0                                     /home/saicharan/arm/lib/gcc/arm-none-eabi/6.3.0/libgcc.a(_dvmd_tls.o)
__aeabi_ldiv0                                     /home/saicharan/arm/lib/gcc/arm-none-eabi/6.3.0/libgcc.a(_dvmd_tls.o)
                                                  /home/saicharan/arm/lib/gcc/arm-none-eabi/6.3.0/libgcc.a(_aeabi_uldivmod.o)
__aeabi_uldivmod                                  /home/saicharan/arm/lib/gcc/arm-none-eabi/6.3.0/libgcc.a(_aeabi_uldivmod.o)
                                                  build/stm32f4xx_hal_rcc.o
__bss_end__                                       /home/saicharan/arm/lib/gcc/arm-none-eabi/6.3.0/../../../../arm-none-eabi/lib/crt0.o
__bss_start__                                     /home/saicharan/arm/lib/gcc/arm-none-eabi/6.3.0/../../../../arm-none-eabi/lib/crt0.o
__call_exitprocs                                  /home/saicharan/arm/lib/gcc/arm-none-eabi/6.3.0/../../../../arm-none-eabi/lib/libc_s.a(lib_a-exit.o)
__deregister_frame_info                           /home/saicharan/arm/lib/gcc/arm-none-eabi/6.3.0/crtbegin.o
__dso_handle                                      /home/saicharan/arm/lib/gcc/arm-none-eabi/6.3.0/crtbegin.o
__init_array_end                                  /home/saicharan/arm/lib/gcc/arm-none-eabi/6.3.0/../../../../arm-none-eabi/lib/libc_s.a(lib_a-init.o)
__init_array_start                                /home/saicharan/arm/lib/gcc/arm-none-eabi/6.3.0/../../../../arm-none-eabi/lib/libc_s.a(lib_a-init.o)
__libc_fini_array                                 /home/saicharan/arm/lib/gcc/arm-none-eabi/6.3.0/../../../../arm-none-eabi/lib/crt0.o
__libc_init_array                                 /home/saicharan/arm/lib/gcc/arm-none-eabi/6.3.0/../../../../arm-none-eabi/lib/libc_s.a(lib_a-init.o)
                                                  build/startup_stm32f407xx.o
                                                  /home/saicharan/arm/lib/gcc/arm-none-eabi/6.3.0/../../../../arm-none-eabi/lib/crt0.o
__preinit_array_end                               /home/saicharan/arm/lib/gcc/arm-none-eabi/6.3.0/../../../../arm-none-eabi/lib/libc_s.a(lib_a-init.o)
__preinit_array_start                             /home/saicharan/arm/lib/gcc/arm-none-eabi/6.3.0/../../../../arm-none-eabi/lib/libc_s.a(lib_a-init.o)
__register_frame_info                             /home/saicharan/arm/lib/gcc/arm-none-eabi/6.3.0/crtbegin.o
__sf_fake_stderr                                  /home/saicharan/arm/lib/gcc/arm-none-eabi/6.3.0/../../../../arm-none-eabi/lib/libc_s.a(lib_a-impure.o)
__sf_fake_stdin                                   /home/saicharan/arm/lib/gcc/arm-none-eabi/6.3.0/../../../../arm-none-eabi/lib/libc_s.a(lib_a-impure.o)
__sf_fake_stdout                                  /home/saicharan/arm/lib/gcc/arm-none-eabi/6.3.0/../../../../arm-none-eabi/lib/libc_s.a(lib_a-impure.o)
__stack                                           /home/saicharan/arm/lib/gcc/arm-none-eabi/6.3.0/../../../../arm-none-eabi/lib/crt0.o
__udivmoddi4                                      /home/saicharan/arm/lib/gcc/arm-none-eabi/6.3.0/libgcc.a(_udivmoddi4.o)
                                                  /home/saicharan/arm/lib/gcc/arm-none-eabi/6.3.0/libgcc.a(_aeabi_uldivmod.o)
_ebss                                             build/startup_stm32f407xx.o
_edata                                            build/startup_stm32f407xx.o
_estack                                           build/startup_stm32f407xx.o
_exit                                             /home/saicharan/arm/lib/gcc/arm-none-eabi/6.3.0/../../../../arm-none-eabi/lib/libnosys.a(_exit.o)
                                                  /home/saicharan/arm/lib/gcc/arm-none-eabi/6.3.0/../../../../arm-none-eabi/lib/libc_s.a(lib_a-exit.o)
_fini                                             /home/saicharan/arm/lib/gcc/arm-none-eabi/6.3.0/crti.o
_global_impure_ptr                                /home/saicharan/arm/lib/gcc/arm-none-eabi/6.3.0/../../../../arm-none-eabi/lib/libc_s.a(lib_a-impure.o)
                                                  /home/saicharan/arm/lib/gcc/arm-none-eabi/6.3.0/../../../../arm-none-eabi/lib/libc_s.a(lib_a-exit.o)
_impure_ptr                                       /home/saicharan/arm/lib/gcc/arm-none-eabi/6.3.0/../../../../arm-none-eabi/lib/libc_s.a(lib_a-impure.o)
_init                                             /home/saicharan/arm/lib/gcc/arm-none-eabi/6.3.0/crti.o
                                                  /home/saicharan/arm/lib/gcc/arm-none-eabi/6.3.0/../../../../arm-none-eabi/lib/libc_s.a(lib_a-init.o)
_mainCRTStartup                                   /home/saicharan/arm/lib/gcc/arm-none-eabi/6.3.0/../../../../arm-none-eabi/lib/crt0.o
_sbss                                             build/startup_stm32f407xx.o
_sdata                                            build/startup_stm32f407xx.o
_sidata                                           build/startup_stm32f407xx.o
_start                                            /home/saicharan/arm/lib/gcc/arm-none-eabi/6.3.0/../../../../arm-none-eabi/lib/crt0.o
aRxBuffer                                         build/main.o
aTxBuffer                                         build/main.o
assert_failed                                     build/main.o
                                                  build/stm32f4xx_hal_rcc_ex.o
                                                  build/stm32f4xx_hal_rcc.o
                                                  build/stm32f4xx_hal_flash_ex.o
                                                  build/stm32f4xx_hal_uart.o
                                                  build/stm32f4xx_hal_pwr_ex.o
                                                  build/stm32f4xx_hal_gpio.o
                                                  build/stm32f4xx_hal_dma_ex.o
                                                  build/stm32f4xx_hal_cortex.o
                                                  build/stm32f4xx_hal_dma.o
                                                  build/stm32f4xx_hal_pwr.o
                                                  build/stm32f4xx_hal_flash.o
atexit                                            /home/saicharan/arm/lib/gcc/arm-none-eabi/6.3.0/../../../../arm-none-eabi/lib/crt0.o
exit                                              /home/saicharan/arm/lib/gcc/arm-none-eabi/6.3.0/../../../../arm-none-eabi/lib/libc_s.a(lib_a-exit.o)
                                                  /home/saicharan/arm/lib/gcc/arm-none-eabi/6.3.0/../../../../arm-none-eabi/lib/crt0.o
g_pfnVectors                                      build/startup_stm32f407xx.o
hardware_init_hook                                /home/saicharan/arm/lib/gcc/arm-none-eabi/6.3.0/../../../../arm-none-eabi/lib/crt0.o
huart6                                            build/main.o
                                                  build/stm32f4xx_it.o
main                                              build/main.o
                                                  build/startup_stm32f407xx.o
                                                  /home/saicharan/arm/lib/gcc/arm-none-eabi/6.3.0/../../../../arm-none-eabi/lib/crt0.o
memset                                            /home/saicharan/arm/lib/gcc/arm-none-eabi/6.3.0/../../../../arm-none-eabi/lib/libc_s.a(lib_a-memset.o)
                                                  /home/saicharan/arm/lib/gcc/arm-none-eabi/6.3.0/../../../../arm-none-eabi/lib/crt0.o
pFlash                                            build/stm32f4xx_hal_flash.o
                                                  build/stm32f4xx_hal_flash_ex.o
software_init_hook                                /home/saicharan/arm/lib/gcc/arm-none-eabi/6.3.0/../../../../arm-none-eabi/lib/crt0.o
uwTick                                            build/stm32f4xx_hal.o
