Archive member included to satisfy reference by file (symbol)

/home/saicharan/arm/lib/gcc/arm-none-eabi/6.3.0/../../../../arm-none-eabi/lib/libc_s.a(lib_a-exit.o)
                              /home/saicharan/arm/lib/gcc/arm-none-eabi/6.3.0/../../../../arm-none-eabi/lib/crt0.o (exit)
/home/saicharan/arm/lib/gcc/arm-none-eabi/6.3.0/../../../../arm-none-eabi/lib/libc_s.a(lib_a-impure.o)
                              /home/saicharan/arm/lib/gcc/arm-none-eabi/6.3.0/../../../../arm-none-eabi/lib/libc_s.a(lib_a-exit.o) (_global_impure_ptr)
/home/saicharan/arm/lib/gcc/arm-none-eabi/6.3.0/../../../../arm-none-eabi/lib/libc_s.a(lib_a-init.o)
                              /home/saicharan/arm/lib/gcc/arm-none-eabi/6.3.0/../../../../arm-none-eabi/lib/crt0.o (__libc_init_array)
/home/saicharan/arm/lib/gcc/arm-none-eabi/6.3.0/../../../../arm-none-eabi/lib/libc_s.a(lib_a-memset.o)
                              /home/saicharan/arm/lib/gcc/arm-none-eabi/6.3.0/../../../../arm-none-eabi/lib/crt0.o (memset)
/home/saicharan/arm/lib/gcc/arm-none-eabi/6.3.0/../../../../arm-none-eabi/lib/libnosys.a(_exit.o)
                              /home/saicharan/arm/lib/gcc/arm-none-eabi/6.3.0/../../../../arm-none-eabi/lib/libc_s.a(lib_a-exit.o) (_exit)
/home/saicharan/arm/lib/gcc/arm-none-eabi/6.3.0/libgcc.a(_aeabi_uldivmod.o)
                              build/stm32f4xx_hal_rcc.o (__aeabi_uldivmod)
/home/saicharan/arm/lib/gcc/arm-none-eabi/6.3.0/libgcc.a(_udivmoddi4.o)
                              /home/saicharan/arm/lib/gcc/arm-none-eabi/6.3.0/libgcc.a(_aeabi_uldivmod.o) (__udivmoddi4)
/home/saicharan/arm/lib/gcc/arm-none-eabi/6.3.0/libgcc.a(_dvmd_tls.o)
                              /home/saicharan/arm/lib/gcc/arm-none-eabi/6.3.0/libgcc.a(_aeabi_uldivmod.o) (__aeabi_ldiv0)

Allocating common symbols
Common symbol       size              file

uwTick              0x4               build/stm32f4xx_hal.o
pFlash              0x20              build/stm32f4xx_hal_flash.o
former_val          0x1               build/main.o
actual_val          0x1               build/main.o
dali_state          0x1               build/main.o
htim2               0x3c              build/main.o

Discarded input sections

 .text          0x0000000000000000        0x0 /home/saicharan/arm/lib/gcc/arm-none-eabi/6.3.0/crti.o
 .data          0x0000000000000000        0x0 /home/saicharan/arm/lib/gcc/arm-none-eabi/6.3.0/crti.o
 .bss           0x0000000000000000        0x0 /home/saicharan/arm/lib/gcc/arm-none-eabi/6.3.0/crti.o
 .data          0x0000000000000000        0x4 /home/saicharan/arm/lib/gcc/arm-none-eabi/6.3.0/crtbegin.o
 .text          0x0000000000000000       0x74 /home/saicharan/arm/lib/gcc/arm-none-eabi/6.3.0/../../../../arm-none-eabi/lib/crt0.o
 .data          0x0000000000000000        0x0 /home/saicharan/arm/lib/gcc/arm-none-eabi/6.3.0/../../../../arm-none-eabi/lib/crt0.o
 .bss           0x0000000000000000        0x0 /home/saicharan/arm/lib/gcc/arm-none-eabi/6.3.0/../../../../arm-none-eabi/lib/crt0.o
 .ARM.extab     0x0000000000000000        0x0 /home/saicharan/arm/lib/gcc/arm-none-eabi/6.3.0/../../../../arm-none-eabi/lib/crt0.o
 .ARM.exidx     0x0000000000000000        0x8 /home/saicharan/arm/lib/gcc/arm-none-eabi/6.3.0/../../../../arm-none-eabi/lib/crt0.o
 .debug_line    0x0000000000000000       0x97 /home/saicharan/arm/lib/gcc/arm-none-eabi/6.3.0/../../../../arm-none-eabi/lib/crt0.o
 .debug_info    0x0000000000000000       0xab /home/saicharan/arm/lib/gcc/arm-none-eabi/6.3.0/../../../../arm-none-eabi/lib/crt0.o
 .debug_abbrev  0x0000000000000000       0x14 /home/saicharan/arm/lib/gcc/arm-none-eabi/6.3.0/../../../../arm-none-eabi/lib/crt0.o
 .debug_aranges
                0x0000000000000000       0x20 /home/saicharan/arm/lib/gcc/arm-none-eabi/6.3.0/../../../../arm-none-eabi/lib/crt0.o
 .ARM.attributes
                0x0000000000000000       0x25 /home/saicharan/arm/lib/gcc/arm-none-eabi/6.3.0/../../../../arm-none-eabi/lib/crt0.o
 .text          0x0000000000000000        0x0 build/stm32f4xx_hal_pwr_ex.o
 .data          0x0000000000000000        0x0 build/stm32f4xx_hal_pwr_ex.o
 .bss           0x0000000000000000        0x0 build/stm32f4xx_hal_pwr_ex.o
 .text.HAL_PWREx_EnableBkUpReg
                0x0000000000000000       0x34 build/stm32f4xx_hal_pwr_ex.o
 .text.HAL_PWREx_DisableBkUpReg
                0x0000000000000000       0x34 build/stm32f4xx_hal_pwr_ex.o
 .text.HAL_PWREx_EnableFlashPowerDown
                0x0000000000000000        0xc build/stm32f4xx_hal_pwr_ex.o
 .text.HAL_PWREx_DisableFlashPowerDown
                0x0000000000000000        0xc build/stm32f4xx_hal_pwr_ex.o
 .text.HAL_PWREx_GetVoltageRange
                0x0000000000000000       0x10 build/stm32f4xx_hal_pwr_ex.o
 .text.HAL_PWREx_ControlVoltageScaling
                0x0000000000000000       0x7c build/stm32f4xx_hal_pwr_ex.o
 .rodata.HAL_PWREx_ControlVoltageScaling.str1.4
                0x0000000000000000       0x38 build/stm32f4xx_hal_pwr_ex.o
[...]
Memory Configuration

Name             Origin             Length             Attributes
RAM              0x0000000020000000 0x0000000000020000 xrw
CCMRAM           0x0000000010000000 0x0000000000010000 rw
FLASH            0x0000000008000000 0x0000000000100000 xr
*default*        0x0000000000000000 0xffffffffffffffff

Linker script and memory map

LOAD /home/saicharan/arm/lib/gcc/arm-none-eabi/6.3.0/crti.o
LOAD /home/saicharan/arm/lib/gcc/arm-none-eabi/6.3.0/crtbegin.o
LOAD /home/saicharan/arm/lib/gcc/arm-none-eabi/6.3.0/../../../../arm-none-eabi/lib/crt0.o
LOAD build/stm32f4xx_hal_pwr_ex.o
LOAD build/stm32f4xx_it.o
LOAD build/main.o
LOAD build/stm32f4xx_hal_flash.o
LOAD build/stm32f4xx_hal_tim.o
LOAD build/stm32f4xx_hal_msp.o
LOAD build/stm32f4xx_hal_flash_ramfunc.o
LOAD build/stm32f4xx_hal_tim_ex.o
LOAD build/stm32f4xx_hal_rcc_ex.o
LOAD build/system_stm32f4xx.o
LOAD build/stm32f4xx_hal_dma.o
LOAD build/stm32f4xx_hal_cortex.o
LOAD build/stm32f4xx_hal_gpio.o
LOAD build/stm32f4xx_hal_pwr.o
LOAD build/stm32f4xx_hal.o
LOAD build/stm32f4xx_hal_dma_ex.o
LOAD build/stm32f4xx_hal_flash_ex.o
LOAD build/stm32f4xx_hal_rcc.o
LOAD build/startup_stm32f407xx.o
LOAD /home/saicharan/arm/lib/gcc/arm-none-eabi/6.3.0/../../../../arm-none-eabi/lib/libc_s.a
LOAD /home/saicharan/arm/lib/gcc/arm-none-eabi/6.3.0/../../../../arm-none-eabi/lib/libm.a
LOAD /home/saicharan/arm/lib/gcc/arm-none-eabi/6.3.0/../../../../arm-none-eabi/lib/libnosys.a
START GROUP
LOAD /home/saicharan/arm/lib/gcc/arm-none-eabi/6.3.0/libgcc.a
LOAD /home/saicharan/arm/lib/gcc/arm-none-eabi/6.3.0/../../../../arm-none-eabi/lib/libc_s.a
END GROUP
START GROUP
LOAD /home/saicharan/arm/lib/gcc/arm-none-eabi/6.3.0/libgcc.a
LOAD /home/saicharan/arm/lib/gcc/arm-none-eabi/6.3.0/../../../../arm-none-eabi/lib/libc_s.a
END GROUP
LOAD /home/saicharan/arm/lib/gcc/arm-none-eabi/6.3.0/crtend.o
LOAD /home/saicharan/arm/lib/gcc/arm-none-eabi/6.3.0/crtn.o
                0x0000000020020000                _estack = 0x20020000
                0x0000000000000200                _Min_Heap_Size = 0x200
                0x0000000000000400                _Min_Stack_Size = 0x400

.isr_vector     0x0000000008000000      0x188
                0x0000000008000000                . = ALIGN (0x4)
 *(.isr_vector)
 .isr_vector    0x0000000008000000      0x188 build/startup_stm32f407xx.o
                0x0000000008000000                g_pfnVectors
                0x0000000008000188                . = ALIGN (0x4)

.text           0x0000000008000188     0x2180
                0x0000000008000188                . = ALIGN (0x4)
 *(.text)
 .text          0x0000000008000188       0xa4 /home/saicharan/arm/lib/gcc/arm-none-eabi/6.3.0/crtbegin.o
 .text          0x000000000800022c       0x50 /home/saicharan/arm/lib/gcc/arm-none-eabi/6.3.0/../../../../arm-none-eabi/lib/libc_s.a(lib_a-init.o)
                0x000000000800022c                __libc_init_array
 .text          0x000000000800027c       0x30 /home/saicharan/arm/lib/gcc/arm-none-eabi/6.3.0/libgcc.a(_aeabi_uldivmod.o)
                0x000000000800027c                __aeabi_uldivmod
 .text          0x00000000080002ac      0x2dc /home/saicharan/arm/lib/gcc/arm-none-eabi/6.3.0/libgcc.a(_udivmoddi4.o)
                0x00000000080002ac                __udivmoddi4
 .text          0x0000000008000588        0x4 /home/saicharan/arm/lib/gcc/arm-none-eabi/6.3.0/libgcc.a(_dvmd_tls.o)
                0x0000000008000588                __aeabi_ldiv0
                0x0000000008000588                __aeabi_idiv0
 *(.text*)
 .text.NMI_Handler
                0x000000000800058c        0x2 build/stm32f4xx_it.o
                0x000000000800058c                NMI_Handler
 .text.HardFault_Handler
                0x000000000800058e        0x2 build/stm32f4xx_it.o
                0x000000000800058e                HardFault_Handler
 .text.MemManage_Handler
                0x0000000008000590        0x2 build/stm32f4xx_it.o
                0x0000000008000590                MemManage_Handler
 .text.BusFault_Handler
                0x0000000008000592        0x2 build/stm32f4xx_it.o
                0x0000000008000592                BusFault_Handler
 .text.UsageFault_Handler
                0x0000000008000594        0x2 build/stm32f4xx_it.o
                0x0000000008000594                UsageFault_Handler
 .text.SVC_Handler
                0x0000000008000596        0x2 build/stm32f4xx_it.o
                0x0000000008000596                SVC_Handler
 .text.DebugMon_Handler
                0x0000000008000598        0x2 build/stm32f4xx_it.o
                0x0000000008000598                DebugMon_Handler
 .text.PendSV_Handler
                0x000000000800059a        0x2 build/stm32f4xx_it.o
                0x000000000800059a                PendSV_Handler
 .text.SysTick_Handler
                0x000000000800059c        0xc build/stm32f4xx_it.o
                0x000000000800059c                SysTick_Handler
 .text.EXTI9_5_IRQHandler
                0x00000000080005a8        0xa build/stm32f4xx_it.o
                0x00000000080005a8                EXTI9_5_IRQHandler
 *fill*         0x00000000080005b2        0x2 
 .text.TIM2_IRQHandler
                0x00000000080005b4       0x10 build/stm32f4xx_it.o
                0x00000000080005b4                TIM2_IRQHandler
 .text.MX_GPIO_Init
                0x00000000080005c4       0x70 build/main.o
 .text.PrepareDataToSend
                0x0000000008000634       0x6c build/main.o
                0x0000000008000634                PrepareDataToSend
 .text.DALI_Send_Cmd
                0x00000000080006a0       0x50 build/main.o
                0x00000000080006a0                DALI_Send_Cmd
 .text._Error_Handler
                0x00000000080006f0       0x14 build/main.o
                0x00000000080006f0                _Error_Handler
 .text.MX_TIM2_Init
                0x0000000008000704       0x68 build/main.o
 .text.SystemClock_Config
                0x000000000800076c       0xbc build/main.o
                0x000000000800076c                SystemClock_Config
 .text.main     0x0000000008000828       0x50 build/main.o
                0x0000000008000828                main
 .text.DALI_Master_Sending_Data
                0x0000000008000878       0xe0 build/main.o
                0x0000000008000878                DALI_Master_Sending_Data
 .text.HAL_TIM_PeriodElapsedCallback
                0x0000000008000958       0x18 build/main.o
                0x0000000008000958                HAL_TIM_PeriodElapsedCallback
 .text.assert_failed
                0x0000000008000970       0x10 build/main.o
                0x0000000008000970                assert_failed
 .text.TIM_TI1_ConfigInputStage
                0x0000000008000980       0x26 build/stm32f4xx_hal_tim.o
 .text.TIM_TI2_ConfigInputStage
                0x00000000080009a6       0x28 build/stm32f4xx_hal_tim.o
 .text.TIM_ITRx_SetConfig
                0x00000000080009ce       0x10 build/stm32f4xx_hal_tim.o
 .text.TIM_ETR_SetConfig
                0x00000000080009de       0x18 build/stm32f4xx_hal_tim.o
 *fill*         0x00000000080009f6        0x2 
 .text.HAL_TIM_Base_Start_IT
                0x00000000080009f8       0x9c build/stm32f4xx_hal_tim.o
                0x00000000080009f8                HAL_TIM_Base_Start_IT
 .text.HAL_TIM_Base_Stop_IT
                0x0000000008000a94       0xb0 build/stm32f4xx_hal_tim.o
                0x0000000008000a94                HAL_TIM_Base_Stop_IT
 .text.HAL_TIM_ConfigClockSource
                0x0000000008000b44      0x5b4 build/stm32f4xx_hal_tim.o
                0x0000000008000b44                HAL_TIM_ConfigClockSource
 .text.HAL_TIM_OC_DelayElapsedCallback
                0x00000000080010f8        0x2 build/stm32f4xx_hal_tim.o
                0x00000000080010f8                HAL_TIM_OC_DelayElapsedCallback
 .text.HAL_TIM_IC_CaptureCallback
                0x00000000080010fa        0x2 build/stm32f4xx_hal_tim.o
                0x00000000080010fa                HAL_TIM_IC_CaptureCallback
 .text.HAL_TIM_PWM_PulseFinishedCallback
                0x00000000080010fc        0x2 build/stm32f4xx_hal_tim.o
                0x00000000080010fc                HAL_TIM_PWM_PulseFinishedCallback
 .text.HAL_TIM_TriggerCallback
                0x00000000080010fe        0x2 build/stm32f4xx_hal_tim.o
                0x00000000080010fe                HAL_TIM_TriggerCallback
 .text.HAL_TIM_IRQHandler
                0x0000000008001100      0x17a build/stm32f4xx_hal_tim.o
                0x0000000008001100                HAL_TIM_IRQHandler
 *fill*         0x000000000800127a        0x2 
 .text.TIM_Base_SetConfig
                0x000000000800127c      0x11c build/stm32f4xx_hal_tim.o
                0x000000000800127c                TIM_Base_SetConfig
 .text.HAL_TIM_Base_Init
                0x0000000008001398       0xe8 build/stm32f4xx_hal_tim.o
                0x0000000008001398                HAL_TIM_Base_Init
 .text.HAL_MspInit
                0x0000000008001480       0x5e build/stm32f4xx_hal_msp.o
                0x0000000008001480                HAL_MspInit
 .text.HAL_TIM_Base_MspInit
                0x00000000080014de       0x3c build/stm32f4xx_hal_msp.o
                0x00000000080014de                HAL_TIM_Base_MspInit
 *fill*         0x000000000800151a        0x2 
 .text.HAL_TIMEx_MasterConfigSynchronization
                0x000000000800151c       0xe0 build/stm32f4xx_hal_tim_ex.o
                0x000000000800151c                HAL_TIMEx_MasterConfigSynchronization
 .text.HAL_TIMEx_CommutationCallback
                0x00000000080015fc        0x2 build/stm32f4xx_hal_tim_ex.o
                0x00000000080015fc                HAL_TIMEx_CommutationCallback
 .text.HAL_TIMEx_BreakCallback
                0x00000000080015fe        0x2 build/stm32f4xx_hal_tim_ex.o
                0x00000000080015fe                HAL_TIMEx_BreakCallback
 .text.SystemInit
                0x0000000008001600       0x4c build/system_stm32f4xx.o
                0x0000000008001600                SystemInit
 .text.HAL_NVIC_SetPriorityGrouping
                0x000000000800164c       0x3c build/stm32f4xx_hal_cortex.o
                0x000000000800164c                HAL_NVIC_SetPriorityGrouping
 .text.HAL_NVIC_SetPriority
                0x0000000008001688       0x88 build/stm32f4xx_hal_cortex.o
                0x0000000008001688                HAL_NVIC_SetPriority
 .text.HAL_NVIC_EnableIRQ
                0x0000000008001710       0x2c build/stm32f4xx_hal_cortex.o
                0x0000000008001710                HAL_NVIC_EnableIRQ
 .text.HAL_SYSTICK_Config
                0x000000000800173c       0x2c build/stm32f4xx_hal_cortex.o
                0x000000000800173c                HAL_SYSTICK_Config
 .text.HAL_SYSTICK_CLKSourceConfig
                0x0000000008001768       0x3c build/stm32f4xx_hal_cortex.o
                0x0000000008001768                HAL_SYSTICK_CLKSourceConfig
 .text.HAL_SYSTICK_Callback
                0x00000000080017a4        0x2 build/stm32f4xx_hal_cortex.o
                0x00000000080017a4                HAL_SYSTICK_Callback
 .text.HAL_SYSTICK_IRQHandler
                0x00000000080017a6        0x8 build/stm32f4xx_hal_cortex.o
                0x00000000080017a6                HAL_SYSTICK_IRQHandler
 *fill*         0x00000000080017ae        0x2 
 .text.HAL_GPIO_Init
                0x00000000080017b0      0x2f8 build/stm32f4xx_hal_gpio.o
                0x00000000080017b0                HAL_GPIO_Init
 .text.HAL_GPIO_WritePin
                0x0000000008001aa8       0x34 build/stm32f4xx_hal_gpio.o
                0x0000000008001aa8                HAL_GPIO_WritePin
 .text.HAL_GPIO_EXTI_Callback
                0x0000000008001adc        0x2 build/stm32f4xx_hal_gpio.o
                0x0000000008001adc                HAL_GPIO_EXTI_Callback
 *fill*         0x0000000008001ade        0x2 
 .text.HAL_GPIO_EXTI_IRQHandler
                0x0000000008001ae0       0x1c build/stm32f4xx_hal_gpio.o
                0x0000000008001ae0                HAL_GPIO_EXTI_IRQHandler
 .text.HAL_InitTick
                0x0000000008001afc       0x2c build/stm32f4xx_hal.o
                0x0000000008001afc                HAL_InitTick
 .text.HAL_Init
                0x0000000008001b28       0x34 build/stm32f4xx_hal.o
                0x0000000008001b28                HAL_Init
 .text.HAL_IncTick
                0x0000000008001b5c       0x10 build/stm32f4xx_hal.o
                0x0000000008001b5c                HAL_IncTick
 .text.HAL_GetTick
                0x0000000008001b6c        0xc build/stm32f4xx_hal.o
                0x0000000008001b6c                HAL_GetTick
 .text.HAL_RCC_OscConfig
                0x0000000008001b78      0x464 build/stm32f4xx_hal_rcc.o
                0x0000000008001b78                HAL_RCC_OscConfig
 .text.HAL_RCC_GetSysClockFreq
                0x0000000008001fdc       0xa4 build/stm32f4xx_hal_rcc.o
                0x0000000008001fdc                HAL_RCC_GetSysClockFreq
 .text.HAL_RCC_ClockConfig
                0x0000000008002080      0x210 build/stm32f4xx_hal_rcc.o
                0x0000000008002080                HAL_RCC_ClockConfig
 .text.HAL_RCC_GetHCLKFreq
                0x0000000008002290        0xc build/stm32f4xx_hal_rcc.o
                0x0000000008002290                HAL_RCC_GetHCLKFreq
 .text.Reset_Handler
                0x000000000800229c       0x50 build/startup_stm32f407xx.o
                0x000000000800229c                Reset_Handler
 .text.Default_Handler
                0x00000000080022ec        0x2 build/startup_stm32f407xx.o
                0x00000000080022ec                RTC_Alarm_IRQHandler
                0x00000000080022ec                HASH_RNG_IRQHandler
                0x00000000080022ec                EXTI2_IRQHandler
                0x00000000080022ec                TIM8_CC_IRQHandler
                0x00000000080022ec                TIM1_CC_IRQHandler
                0x00000000080022ec                DMA2_Stream5_IRQHandler
                0x00000000080022ec                DMA1_Stream5_IRQHandler
                0x00000000080022ec                PVD_IRQHandler
                0x00000000080022ec                SDIO_IRQHandler
                0x00000000080022ec                TAMP_STAMP_IRQHandler
                0x00000000080022ec                CAN2_RX1_IRQHandler
                0x00000000080022ec                EXTI3_IRQHandler
                0x00000000080022ec                TIM8_TRG_COM_TIM14_IRQHandler
                0x00000000080022ec                TIM1_UP_TIM10_IRQHandler
                0x00000000080022ec                TIM8_UP_TIM13_IRQHandler
                0x00000000080022ec                I2C3_ER_IRQHandler
                0x00000000080022ec                EXTI0_IRQHandler
                0x00000000080022ec                I2C2_EV_IRQHandler
                0x00000000080022ec                DMA1_Stream2_IRQHandler
                0x00000000080022ec                CAN1_RX0_IRQHandler
                0x00000000080022ec                FPU_IRQHandler
                0x00000000080022ec                OTG_HS_WKUP_IRQHandler
                0x00000000080022ec                CAN2_SCE_IRQHandler
                0x00000000080022ec                DMA2_Stream2_IRQHandler
                0x00000000080022ec                SPI1_IRQHandler
                0x00000000080022ec                TIM6_DAC_IRQHandler
                0x00000000080022ec                TIM1_BRK_TIM9_IRQHandler
                0x00000000080022ec                DCMI_IRQHandler
                0x00000000080022ec                CAN2_RX0_IRQHandler
                0x00000000080022ec                DMA2_Stream3_IRQHandler
                0x00000000080022ec                USART6_IRQHandler
                0x00000000080022ec                USART3_IRQHandler
                0x00000000080022ec                CAN1_RX1_IRQHandler
                0x00000000080022ec                UART5_IRQHandler
                0x00000000080022ec                DMA2_Stream0_IRQHandler
                0x00000000080022ec                TIM4_IRQHandler
                0x00000000080022ec                I2C1_EV_IRQHandler
                0x00000000080022ec                DMA1_Stream6_IRQHandler
                0x00000000080022ec                DMA1_Stream1_IRQHandler
                0x00000000080022ec                UART4_IRQHandler
                0x00000000080022ec                TIM3_IRQHandler
                0x00000000080022ec                RCC_IRQHandler
                0x00000000080022ec                TIM8_BRK_TIM12_IRQHandler
                0x00000000080022ec                Default_Handler
                0x00000000080022ec                EXTI15_10_IRQHandler
                0x00000000080022ec                ADC_IRQHandler
                0x00000000080022ec                DMA1_Stream7_IRQHandler
                0x00000000080022ec                TIM7_IRQHandler
                0x00000000080022ec                CAN2_TX_IRQHandler
                0x00000000080022ec                TIM5_IRQHandler
                0x00000000080022ec                DMA2_Stream7_IRQHandler
                0x00000000080022ec                I2C3_EV_IRQHandler
                0x00000000080022ec                RTC_WKUP_IRQHandler
                0x00000000080022ec                ETH_WKUP_IRQHandler
                0x00000000080022ec                SPI2_IRQHandler
                0x00000000080022ec                OTG_HS_EP1_IN_IRQHandler
                0x00000000080022ec                DMA1_Stream0_IRQHandler
                0x00000000080022ec                CAN1_TX_IRQHandler
                0x00000000080022ec                EXTI4_IRQHandler
                0x00000000080022ec                FSMC_IRQHandler
                0x00000000080022ec                ETH_IRQHandler
                0x00000000080022ec                OTG_HS_EP1_OUT_IRQHandler
                0x00000000080022ec                WWDG_IRQHandler
                0x00000000080022ec                OTG_FS_WKUP_IRQHandler
                0x00000000080022ec                TIM1_TRG_COM_TIM11_IRQHandler
                0x00000000080022ec                OTG_HS_IRQHandler
                0x00000000080022ec                EXTI1_IRQHandler
                0x00000000080022ec                USART2_IRQHandler
                0x00000000080022ec                I2C2_ER_IRQHandler
                0x00000000080022ec                DMA2_Stream1_IRQHandler
                0x00000000080022ec                CAN1_SCE_IRQHandler
                0x00000000080022ec                FLASH_IRQHandler
                0x00000000080022ec                DMA2_Stream4_IRQHandler
                0x00000000080022ec                USART1_IRQHandler
                0x00000000080022ec                OTG_FS_IRQHandler
                0x00000000080022ec                SPI3_IRQHandler
                0x00000000080022ec                DMA1_Stream4_IRQHandler
                0x00000000080022ec                I2C1_ER_IRQHandler
                0x00000000080022ec                DMA2_Stream6_IRQHandler
                0x00000000080022ec                DMA1_Stream3_IRQHandler
 *(.glue_7)
 .glue_7        0x00000000080022ee        0x0 linker stubs
 *(.glue_7t)
 .glue_7t       0x00000000080022ee        0x0 linker stubs
 *(.eh_frame)
 *fill*         0x00000000080022ee        0x2 
 .eh_frame      0x00000000080022f0        0x0 /home/saicharan/arm/lib/gcc/arm-none-eabi/6.3.0/crtbegin.o
 *(.init)
 .init          0x00000000080022f0        0x4 /home/saicharan/arm/lib/gcc/arm-none-eabi/6.3.0/crti.o
                0x00000000080022f0                _init
 .init          0x00000000080022f4        0x8 /home/saicharan/arm/lib/gcc/arm-none-eabi/6.3.0/crtn.o
 *(.fini)
 .fini          0x00000000080022fc        0x4 /home/saicharan/arm/lib/gcc/arm-none-eabi/6.3.0/crti.o
                0x00000000080022fc                _fini
 .fini          0x0000000008002300        0x8 /home/saicharan/arm/lib/gcc/arm-none-eabi/6.3.0/crtn.o
                0x0000000008002308                . = ALIGN (0x4)
                0x0000000008002308                _etext = .

.vfp11_veneer   0x0000000008002308        0x0
 .vfp11_veneer  0x0000000008002308        0x0 linker stubs

.v4_bx          0x0000000008002308        0x0
 .v4_bx         0x0000000008002308        0x0 linker stubs

.iplt           0x0000000008002308        0x0
 .iplt          0x0000000008002308        0x0 /home/saicharan/arm/lib/gcc/arm-none-eabi/6.3.0/crtbegin.o

.rodata         0x0000000008002308      0x134
                0x0000000008002308                . = ALIGN (0x4)
 *(.rodata)
 *(.rodata*)
 .rodata.MX_TIM2_Init.str1.4
                0x0000000008002308        0xb build/main.o
 *fill*         0x0000000008002313        0x1 
 .rodata.TIM_OC3_SetConfig.str1.4
                0x0000000008002314       0x35 build/stm32f4xx_hal_tim.o
 *fill*         0x0000000008002349        0x3 
 .rodata.TIM_CCxNChannelCmd.str1.4
                0x000000000800234c       0x38 build/stm32f4xx_hal_tim_ex.o
 .rodata.AHBPrescTable
                0x0000000008002384       0x10 build/system_stm32f4xx.o
                0x0000000008002384                AHBPrescTable
 .rodata.HAL_NVIC_SetPriorityGrouping.str1.4
                0x0000000008002394       0x38 build/stm32f4xx_hal_cortex.o
 .rodata.HAL_GPIO_Init.str1.4
                0x00000000080023cc       0x36 build/stm32f4xx_hal_gpio.o
 *fill*         0x0000000008002402        0x2 
 .rodata.HAL_RCC_OscConfig.str1.4
                0x0000000008002404       0x38 build/stm32f4xx_hal_rcc.o
                                         0x35 (size before relaxing)
                0x000000000800243c                . = ALIGN (0x4)

.ARM.extab
 *(.ARM.extab* .gnu.linkonce.armextab.*)

.ARM            0x000000000800243c        0x8
                0x000000000800243c                __exidx_start = .
 *(.ARM.exidx*)
 .ARM.exidx     0x000000000800243c        0x8 /home/saicharan/arm/lib/gcc/arm-none-eabi/6.3.0/libgcc.a(_udivmoddi4.o)
                0x0000000008002444                __exidx_end = .

.rel.dyn        0x0000000008002444        0x0
 .rel.iplt      0x0000000008002444        0x0 /home/saicharan/arm/lib/gcc/arm-none-eabi/6.3.0/crtbegin.o

.preinit_array  0x0000000008002444        0x0
                0x0000000008002444                PROVIDE (__preinit_array_start, .)
 *(.preinit_array*)
                0x0000000008002444                PROVIDE (__preinit_array_end, .)

.init_array     0x0000000008002444        0x4
                0x0000000008002444                PROVIDE (__init_array_start, .)
 *(SORT(.init_array.*))
 *(.init_array*)
 .init_array    0x0000000008002444        0x4 /home/saicharan/arm/lib/gcc/arm-none-eabi/6.3.0/crtbegin.o
                0x0000000008002448                PROVIDE (__init_array_end, .)

.fini_array     0x0000000008002448        0x4
                [!provide]                        PROVIDE (__fini_array_start, .)
 *(SORT(.fini_array.*))
 *(.fini_array*)
 .fini_array    0x0000000008002448        0x4 /home/saicharan/arm/lib/gcc/arm-none-eabi/6.3.0/crtbegin.o
                [!provide]                        PROVIDE (__fini_array_end, .)
                0x000000000800244c                _sidata = LOADADDR (.data)

.data           0x0000000020000000        0x8 load address 0x000000000800244c
                0x0000000020000000                . = ALIGN (0x4)
                0x0000000020000000                _sdata = .
 *(.data)
 *(.data*)
 .data.ballastAddr
                0x0000000020000000        0x1 build/main.o
                0x0000000020000000                ballastAddr
 .data.cmd      0x0000000020000001        0x1 build/main.o
                0x0000000020000001                cmd
 *fill*         0x0000000020000002        0x2 
 .data.SystemCoreClock
                0x0000000020000004        0x4 build/system_stm32f4xx.o
                0x0000000020000004                SystemCoreClock
                0x0000000020000008                . = ALIGN (0x4)
                0x0000000020000008                _edata = .
                0x0000000008002454                _siccmram = LOADADDR (.ccmram)

.jcr            0x0000000020000008        0x0 load address 0x0000000008002454
 .jcr           0x0000000020000008        0x0 /home/saicharan/arm/lib/gcc/arm-none-eabi/6.3.0/crtbegin.o

.tm_clone_table
                0x0000000020000008        0x0 load address 0x0000000008002454
 .tm_clone_table
                0x0000000020000008        0x0 /home/saicharan/arm/lib/gcc/arm-none-eabi/6.3.0/crtbegin.o
 .tm_clone_table
                0x0000000020000008        0x0 /home/saicharan/arm/lib/gcc/arm-none-eabi/6.3.0/crtend.o

.igot.plt       0x0000000020000008        0x0 load address 0x0000000008002454
 .igot.plt      0x0000000020000008        0x0 /home/saicharan/arm/lib/gcc/arm-none-eabi/6.3.0/crtbegin.o

.ccmram         0x0000000010000000        0x0 load address 0x0000000008002454
                0x0000000010000000                . = ALIGN (0x4)
                0x0000000010000000                _sccmram = .
 *(.ccmram)
 *(.ccmram*)
                0x0000000010000000                . = ALIGN (0x4)
                0x0000000010000000                _eccmram = .
                0x0000000010000000                . = ALIGN (0x4)

.bss            0x0000000020000008       0x7c
                0x0000000020000008                _sbss = .
                0x0000000020000008                __bss_start__ = _sbss
 *(.bss)
 .bss           0x0000000020000008       0x1c /home/saicharan/arm/lib/gcc/arm-none-eabi/6.3.0/crtbegin.o
 *(.bss*)
 .bss.bit_count
                0x0000000020000024        0x1 build/main.o
                0x0000000020000024                bit_count
 *fill*         0x0000000020000025        0x3 
 .bss.dali_master_array_cmd
                0x0000000020000028       0x11 build/main.o
                0x0000000020000028                dali_master_array_cmd
 *fill*         0x0000000020000039        0x3 
 .bss.tick_count
                0x000000002000003c        0x4 build/main.o
                0x000000002000003c                tick_count
 *(COMMON)
 COMMON         0x0000000020000040       0x40 build/main.o
                0x0000000020000040                former_val
                0x0000000020000041                actual_val
                0x0000000020000042                dali_state
                0x0000000020000044                htim2
 COMMON         0x0000000020000080        0x4 build/stm32f4xx_hal.o
                0x0000000020000080                uwTick
                0x0000000020000084                . = ALIGN (0x4)
                0x0000000020000084                _ebss = .
                0x0000000020000084                __bss_end__ = _ebss

._user_heap_stack
                0x0000000020000084      0x604
                0x0000000020000088                . = ALIGN (0x8)
 *fill*         0x0000000020000084        0x4 
                [!provide]                        PROVIDE (end, .)
                [!provide]                        PROVIDE (_end, .)
                0x0000000020000288                . = (. + _Min_Heap_Size)
 *fill*         0x0000000020000088      0x200 
                0x0000000020000688                . = (. + _Min_Stack_Size)
 *fill*         0x0000000020000288      0x400 
                0x0000000020000688                . = ALIGN (0x8)

/DISCARD/
 libc.a(*)
 libm.a(*)
 libgcc.a(*)

.ARM.attributes
                0x0000000000000000       0x35
 *(.ARM.attributes)
 .ARM.attributes
                0x0000000000000000       0x27 /home/saicharan/arm/lib/gcc/arm-none-eabi/6.3.0/crti.o
 .ARM.attributes
                0x0000000000000027       0x39 /home/saicharan/arm/lib/gcc/arm-none-eabi/6.3.0/crtbegin.o
 .ARM.attributes
                0x0000000000000060       0x39 build/stm32f4xx_it.o
 .ARM.attributes
                0x0000000000000099       0x39 build/main.o
 .ARM.attributes
                0x00000000000000d2       0x39 build/stm32f4xx_hal_tim.o
 .ARM.attributes
                0x000000000000010b       0x39 build/stm32f4xx_hal_msp.o
 .ARM.attributes
                0x0000000000000144       0x39 build/stm32f4xx_hal_tim_ex.o
 .ARM.attributes
                0x000000000000017d       0x39 build/system_stm32f4xx.o
 .ARM.attributes
                0x00000000000001b6       0x39 build/stm32f4xx_hal_cortex.o
 .ARM.attributes
                0x00000000000001ef       0x39 build/stm32f4xx_hal_gpio.o
 .ARM.attributes
                0x0000000000000228       0x39 build/stm32f4xx_hal.o
 .ARM.attributes
                0x0000000000000261       0x39 build/stm32f4xx_hal_rcc.o
 .ARM.attributes
                0x000000000000029a       0x21 build/startup_stm32f407xx.o
 .ARM.attributes
                0x00000000000002bb       0x39 /home/saicharan/arm/lib/gcc/arm-none-eabi/6.3.0/../../../../arm-none-eabi/lib/libc_s.a(lib_a-init.o)
 .ARM.attributes
                0x00000000000002f4       0x27 /home/saicharan/arm/lib/gcc/arm-none-eabi/6.3.0/libgcc.a(_aeabi_uldivmod.o)
 .ARM.attributes
                0x000000000000031b       0x39 /home/saicharan/arm/lib/gcc/arm-none-eabi/6.3.0/libgcc.a(_udivmoddi4.o)
 .ARM.attributes
                0x0000000000000354       0x27 /home/saicharan/arm/lib/gcc/arm-none-eabi/6.3.0/libgcc.a(_dvmd_tls.o)
 .ARM.attributes
                0x000000000000037b       0x39 /home/saicharan/arm/lib/gcc/arm-none-eabi/6.3.0/crtend.o
 .ARM.attributes
                0x00000000000003b4       0x27 /home/saicharan/arm/lib/gcc/arm-none-eabi/6.3.0/crtn.o
OUTPUT(build/Basic_DALI_Transaction_Loop_Master.elf elf32-littlearm)

.comment        0x0000000000000000       0x11
 .comment       0x0000000000000000       0x11 /home/saicharan/arm/lib/gcc/arm-none-eabi/6.3.0/crtbegin.o
                                         0x12 (size before relaxing)
 .comment       0x0000000000000011       0x12 build/stm32f4xx_it.o
 .comment       0x0000000000000011       0x12 build/main.o
 .comment       0x0000000000000011       0x12 build/stm32f4xx_hal_tim.o
 .comment       0x0000000000000011       0x12 build/stm32f4xx_hal_msp.o
 .comment       0x0000000000000011       0x12 build/stm32f4xx_hal_tim_ex.o
 .comment       0x0000000000000011       0x12 build/system_stm32f4xx.o
 .comment       0x0000000000000011       0x12 build/stm32f4xx_hal_cortex.o
 .comment       0x0000000000000011       0x12 build/stm32f4xx_hal_gpio.o
 .comment       0x0000000000000011       0x12 build/stm32f4xx_hal.o
 .comment       0x0000000000000011       0x12 build/stm32f4xx_hal_rcc.o
 .comment       0x0000000000000011       0x12 /home/saicharan/arm/lib/gcc/arm-none-eabi/6.3.0/../../../../arm-none-eabi/lib/libc_s.a(lib_a-init.o)
 .comment       0x0000000000000011       0x12 /home/saicharan/arm/lib/gcc/arm-none-eabi/6.3.0/libgcc.a(_udivmoddi4.o)
 .comment       0x0000000000000011       0x12 /home/saicharan/arm/lib/gcc/arm-none-eabi/6.3.0/crtend.o

.debug_info     0x0000000000000000    0x12c9e
 .debug_info    0x0000000000000000     0x10c9 build/stm32f4xx_it.o
 .debug_info    0x00000000000010c9     0x1f3d build/main.o
 .debug_info    0x0000000000003006     0x4f41 build/stm32f4xx_hal_tim.o
 .debug_info    0x0000000000007f47     0x153d build/stm32f4xx_hal_msp.o
 .debug_info    0x0000000000009484     0x2377 build/stm32f4xx_hal_tim_ex.o
 .debug_info    0x000000000000b7fb      0xe71 build/system_stm32f4xx.o
 .debug_info    0x000000000000c66c     0x1ba2 build/stm32f4xx_hal_cortex.o
 .debug_info    0x000000000000e20e     0x126c build/stm32f4xx_hal_gpio.o
 .debug_info    0x000000000000f47a     0x12a7 build/stm32f4xx_hal.o
 .debug_info    0x0000000000010721     0x167f build/stm32f4xx_hal_rcc.o
 .debug_info    0x0000000000011da0       0xb8 build/startup_stm32f407xx.o
 .debug_info    0x0000000000011e58      0x10c /home/saicharan/arm/lib/gcc/arm-none-eabi/6.3.0/../../../../arm-none-eabi/lib/libc_s.a(lib_a-init.o)
 .debug_info    0x0000000000011f64       0x9b /home/saicharan/arm/lib/gcc/arm-none-eabi/6.3.0/libgcc.a(_aeabi_uldivmod.o)
 .debug_info    0x0000000000011fff      0xc00 /home/saicharan/arm/lib/gcc/arm-none-eabi/6.3.0/libgcc.a(_udivmoddi4.o)
 .debug_info    0x0000000000012bff       0x9f /home/saicharan/arm/lib/gcc/arm-none-eabi/6.3.0/libgcc.a(_dvmd_tls.o)

.debug_abbrev   0x0000000000000000     0x1e7c
 .debug_abbrev  0x0000000000000000      0x21f build/stm32f4xx_it.o
 .debug_abbrev  0x000000000000021f      0x301 build/main.o
 .debug_abbrev  0x0000000000000520      0x303 build/stm32f4xx_hal_tim.o
 .debug_abbrev  0x0000000000000823      0x229 build/stm32f4xx_hal_msp.o
 .debug_abbrev  0x0000000000000a4c      0x2eb build/stm32f4xx_hal_tim_ex.o
 .debug_abbrev  0x0000000000000d37      0x1dd build/system_stm32f4xx.o
 .debug_abbrev  0x0000000000000f14      0x409 build/stm32f4xx_hal_cortex.o
 .debug_abbrev  0x000000000000131d      0x2cf build/stm32f4xx_hal_gpio.o
 .debug_abbrev  0x00000000000015ec      0x2e5 build/stm32f4xx_hal.o
 .debug_abbrev  0x00000000000018d1      0x32d build/stm32f4xx_hal_rcc.o
 .debug_abbrev  0x0000000000001bfe       0x12 build/startup_stm32f407xx.o
 .debug_abbrev  0x0000000000001c10       0xb8 /home/saicharan/arm/lib/gcc/arm-none-eabi/6.3.0/../../../../arm-none-eabi/lib/libc_s.a(lib_a-init.o)
 .debug_abbrev  0x0000000000001cc8       0x14 /home/saicharan/arm/lib/gcc/arm-none-eabi/6.3.0/libgcc.a(_aeabi_uldivmod.o)
 .debug_abbrev  0x0000000000001cdc      0x18c /home/saicharan/arm/lib/gcc/arm-none-eabi/6.3.0/libgcc.a(_udivmoddi4.o)
 .debug_abbrev  0x0000000000001e68       0x14 /home/saicharan/arm/lib/gcc/arm-none-eabi/6.3.0/libgcc.a(_dvmd_tls.o)

.debug_loc      0x0000000000000000     0x6e97
 .debug_loc     0x0000000000000000       0x60 build/stm32f4xx_it.o
 .debug_loc     0x0000000000000060      0x413 build/main.o
 .debug_loc     0x0000000000000473     0x31fc build/stm32f4xx_hal_tim.o
 .debug_loc     0x000000000000366f       0xd3 build/stm32f4xx_hal_msp.o
 .debug_loc     0x0000000000003742     0x12ca build/stm32f4xx_hal_tim_ex.o
 .debug_loc     0x0000000000004a0c      0x13e build/system_stm32f4xx.o
 .debug_loc     0x0000000000004b4a      0x8dc build/stm32f4xx_hal_cortex.o
 .debug_loc     0x0000000000005426      0x68e build/stm32f4xx_hal_gpio.o
 .debug_loc     0x0000000000005ab4      0x101 build/stm32f4xx_hal.o
 .debug_loc     0x0000000000005bb5      0x4bd build/stm32f4xx_hal_rcc.o
 .debug_loc     0x0000000000006072       0xae /home/saicharan/arm/lib/gcc/arm-none-eabi/6.3.0/../../../../arm-none-eabi/lib/libc_s.a(lib_a-init.o)
 .debug_loc     0x0000000000006120      0xd77 /home/saicharan/arm/lib/gcc/arm-none-eabi/6.3.0/libgcc.a(_udivmoddi4.o)

.debug_aranges  0x0000000000000000      0x8d0
 .debug_aranges
                0x0000000000000000       0x70 build/stm32f4xx_it.o
 .debug_aranges
                0x0000000000000070       0x68 build/main.o
 .debug_aranges
                0x00000000000000d8      0x368 build/stm32f4xx_hal_tim.o
 .debug_aranges
                0x0000000000000440       0x30 build/stm32f4xx_hal_msp.o
 .debug_aranges
                0x0000000000000470      0x140 build/stm32f4xx_hal_tim_ex.o
 .debug_aranges
                0x00000000000005b0       0x28 build/system_stm32f4xx.o
 .debug_aranges
                0x00000000000005d8       0xa8 build/stm32f4xx_hal_cortex.o
 .debug_aranges
                0x0000000000000680       0x58 build/stm32f4xx_hal_gpio.o
 .debug_aranges
                0x00000000000006d8       0xc8 build/stm32f4xx_hal.o
 .debug_aranges
                0x00000000000007a0       0x88 build/stm32f4xx_hal_rcc.o
 .debug_aranges
                0x0000000000000828       0x28 build/startup_stm32f407xx.o
 .debug_aranges
                0x0000000000000850       0x20 /home/saicharan/arm/lib/gcc/arm-none-eabi/6.3.0/../../../../arm-none-eabi/lib/libc_s.a(lib_a-init.o)
 .debug_aranges
                0x0000000000000870       0x20 /home/saicharan/arm/lib/gcc/arm-none-eabi/6.3.0/libgcc.a(_aeabi_uldivmod.o)
 .debug_aranges
                0x0000000000000890       0x20 /home/saicharan/arm/lib/gcc/arm-none-eabi/6.3.0/libgcc.a(_udivmoddi4.o)
 .debug_aranges
                0x00000000000008b0       0x20 /home/saicharan/arm/lib/gcc/arm-none-eabi/6.3.0/libgcc.a(_dvmd_tls.o)

.debug_ranges   0x0000000000000000      0x8d8
 .debug_ranges  0x0000000000000000       0x60 build/stm32f4xx_it.o
 .debug_ranges  0x0000000000000060       0x58 build/main.o
 .debug_ranges  0x00000000000000b8      0x358 build/stm32f4xx_hal_tim.o
 .debug_ranges  0x0000000000000410       0x20 build/stm32f4xx_hal_msp.o
 .debug_ranges  0x0000000000000430      0x130 build/stm32f4xx_hal_tim_ex.o
 .debug_ranges  0x0000000000000560       0x18 build/system_stm32f4xx.o
 .debug_ranges  0x0000000000000578       0xf8 build/stm32f4xx_hal_cortex.o
 .debug_ranges  0x0000000000000670       0x48 build/stm32f4xx_hal_gpio.o
 .debug_ranges  0x00000000000006b8       0xb8 build/stm32f4xx_hal.o
 .debug_ranges  0x0000000000000770       0x78 build/stm32f4xx_hal_rcc.o
 .debug_ranges  0x00000000000007e8       0x20 build/startup_stm32f407xx.o
 .debug_ranges  0x0000000000000808       0xd0 /home/saicharan/arm/lib/gcc/arm-none-eabi/6.3.0/libgcc.a(_udivmoddi4.o)

.debug_line     0x0000000000000000     0x62bc
 .debug_line    0x0000000000000000      0x316 build/stm32f4xx_it.o
 .debug_line    0x0000000000000316      0x3fc build/main.o
 .debug_line    0x0000000000000712     0x310d build/stm32f4xx_hal_tim.o
 .debug_line    0x000000000000381f      0x27d build/stm32f4xx_hal_msp.o
 .debug_line    0x0000000000003a9c      0xd53 build/stm32f4xx_hal_tim_ex.o
 .debug_line    0x00000000000047ef      0x1fe build/system_stm32f4xx.o
 .debug_line    0x00000000000049ed      0x515 build/stm32f4xx_hal_cortex.o
 .debug_line    0x0000000000004f02      0x510 build/stm32f4xx_hal_gpio.o
 .debug_line    0x0000000000005412      0x3cc build/stm32f4xx_hal.o
 .debug_line    0x00000000000057de      0x637 build/stm32f4xx_hal_rcc.o
 .debug_line    0x0000000000005e15       0x74 build/startup_stm32f407xx.o
 .debug_line    0x0000000000005e89       0xec /home/saicharan/arm/lib/gcc/arm-none-eabi/6.3.0/../../../../arm-none-eabi/lib/libc_s.a(lib_a-init.o)
 .debug_line    0x0000000000005f75       0x70 /home/saicharan/arm/lib/gcc/arm-none-eabi/6.3.0/libgcc.a(_aeabi_uldivmod.o)
 .debug_line    0x0000000000005fe5      0x267 /home/saicharan/arm/lib/gcc/arm-none-eabi/6.3.0/libgcc.a(_udivmoddi4.o)
 .debug_line    0x000000000000624c       0x70 /home/saicharan/arm/lib/gcc/arm-none-eabi/6.3.0/libgcc.a(_dvmd_tls.o)

.debug_str      0x0000000000000000     0x3c26
 .debug_str     0x0000000000000000      0xa67 build/stm32f4xx_it.o
                                        0xb1e (size before relaxing)
 .debug_str     0x0000000000000a67      0xb22 build/main.o
                                       0x1541 (size before relaxing)
 .debug_str     0x0000000000001589      0xc93 build/stm32f4xx_hal_tim.o
                                       0x17f4 (size before relaxing)
 .debug_str     0x000000000000221c       0x5f build/stm32f4xx_hal_msp.o
                                       0x1093 (size before relaxing)
 .debug_str     0x000000000000227b      0x49a build/stm32f4xx_hal_tim_ex.o
                                       0x10b4 (size before relaxing)
 .debug_str     0x0000000000002715       0xa7 build/system_stm32f4xx.o
                                        0x785 (size before relaxing)
 .debug_str     0x00000000000027bc      0x33b build/stm32f4xx_hal_cortex.o
                                       0x106d (size before relaxing)
 .debug_str     0x0000000000002af7      0x11c build/stm32f4xx_hal_gpio.o
                                        0x92f (size before relaxing)
 .debug_str     0x0000000000002c13      0x22c build/stm32f4xx_hal.o
                                        0xebe (size before relaxing)
 .debug_str     0x0000000000002e3f      0x158 build/stm32f4xx_hal_rcc.o
                                        0xae9 (size before relaxing)
 .debug_str     0x0000000000002f97      0x10c /home/saicharan/arm/lib/gcc/arm-none-eabi/6.3.0/../../../../arm-none-eabi/lib/libc_s.a(lib_a-init.o)
                                        0x1b0 (size before relaxing)
 .debug_str     0x00000000000030a3      0xb83 /home/saicharan/arm/lib/gcc/arm-none-eabi/6.3.0/libgcc.a(_udivmoddi4.o)
                                        0xc71 (size before relaxing)

.debug_frame    0x0000000000000000     0x19fc
 .debug_frame   0x0000000000000000       0xe4 build/stm32f4xx_it.o
 .debug_frame   0x00000000000000e4      0x154 build/main.o
 .debug_frame   0x0000000000000238      0xbfc build/stm32f4xx_hal_tim.o
 .debug_frame   0x0000000000000e34       0x64 build/stm32f4xx_hal_msp.o
 .debug_frame   0x0000000000000e98      0x46c build/stm32f4xx_hal_tim_ex.o
 .debug_frame   0x0000000000001304       0x30 build/system_stm32f4xx.o
 .debug_frame   0x0000000000001334      0x1d0 build/stm32f4xx_hal_cortex.o
 .debug_frame   0x0000000000001504      0x120 build/stm32f4xx_hal_gpio.o
 .debug_frame   0x0000000000001624      0x1a8 build/stm32f4xx_hal.o
 .debug_frame   0x00000000000017cc      0x1a4 build/stm32f4xx_hal_rcc.o
 .debug_frame   0x0000000000001970       0x2c /home/saicharan/arm/lib/gcc/arm-none-eabi/6.3.0/../../../../arm-none-eabi/lib/libc_s.a(lib_a-init.o)
 .debug_frame   0x000000000000199c       0x2c /home/saicharan/arm/lib/gcc/arm-none-eabi/6.3.0/libgcc.a(_aeabi_uldivmod.o)
 .debug_frame   0x00000000000019c8       0x34 /home/saicharan/arm/lib/gcc/arm-none-eabi/6.3.0/libgcc.a(_udivmoddi4.o)

Cross Reference Table

Symbol                                            File
ADC_IRQHandler                                    build/startup_stm32f407xx.o
AHBPrescTable                                     build/system_stm32f4xx.o
                                                  build/stm32f4xx_hal_rcc.o
APBPrescTable                                     build/system_stm32f4xx.o
                                                  build/stm32f4xx_hal_rcc.o
BusFault_Handler                                  build/stm32f4xx_it.o
CAN1_RX0_IRQHandler                               build/startup_stm32f407xx.o
CAN1_RX1_IRQHandler                               build/startup_stm32f407xx.o
CAN1_SCE_IRQHandler                               build/startup_stm32f407xx.o
CAN1_TX_IRQHandler                                build/startup_stm32f407xx.o
CAN2_RX0_IRQHandler                               build/startup_stm32f407xx.o
CAN2_RX1_IRQHandler                               build/startup_stm32f407xx.o
CAN2_SCE_IRQHandler                               build/startup_stm32f407xx.o
CAN2_TX_IRQHandler                                build/startup_stm32f407xx.o
DALI_Master_Sending_Data                          build/main.o
DALI_Send_Cmd                                     build/main.o
DCMI_IRQHandler                                   build/startup_stm32f407xx.o
DMA1_Stream0_IRQHandler                           build/startup_stm32f407xx.o
DMA1_Stream1_IRQHandler                           build/startup_stm32f407xx.o
DMA1_Stream2_IRQHandler                           build/startup_stm32f407xx.o
DMA1_Stream3_IRQHandler                           build/startup_stm32f407xx.o
DMA1_Stream4_IRQHandler                           build/startup_stm32f407xx.o
DMA1_Stream5_IRQHandler                           build/startup_stm32f407xx.o
DMA1_Stream6_IRQHandler                           build/startup_stm32f407xx.o
DMA1_Stream7_IRQHandler                           build/startup_stm32f407xx.o
DMA2_Stream0_IRQHandler                           build/startup_stm32f407xx.o
DMA2_Stream1_IRQHandler                           build/startup_stm32f407xx.o
DMA2_Stream2_IRQHandler                           build/startup_stm32f407xx.o
DMA2_Stream3_IRQHandler                           build/startup_stm32f407xx.o
DMA2_Stream4_IRQHandler                           build/startup_stm32f407xx.o
DMA2_Stream5_IRQHandler                           build/startup_stm32f407xx.o
DMA2_Stream6_IRQHandler                           build/startup_stm32f407xx.o
DMA2_Stream7_IRQHandler                           build/startup_stm32f407xx.o
DebugMon_Handler                                  build/stm32f4xx_it.o
Default_Handler                                   build/startup_stm32f407xx.o
ETH_IRQHandler                                    build/startup_stm32f407xx.o
ETH_WKUP_IRQHandler                               build/startup_stm32f407xx.o
EXTI0_IRQHandler                                  build/startup_stm32f407xx.o
EXTI15_10_IRQHandler                              build/startup_stm32f407xx.o
EXTI1_IRQHandler                                  build/startup_stm32f407xx.o
EXTI2_IRQHandler                                  build/startup_stm32f407xx.o
EXTI3_IRQHandler                                  build/startup_stm32f407xx.o
EXTI4_IRQHandler                                  build/startup_stm32f407xx.o
EXTI9_5_IRQHandler                                build/stm32f4xx_it.o
FLASH_Erase_Sector                                build/stm32f4xx_hal_flash_ex.o
                                                  build/stm32f4xx_hal_flash.o
FLASH_FlushCaches                                 build/stm32f4xx_hal_flash_ex.o
                                                  build/stm32f4xx_hal_flash.o
FLASH_IRQHandler                                  build/startup_stm32f407xx.o
FLASH_WaitForLastOperation                        build/stm32f4xx_hal_flash.o
                                                  build/stm32f4xx_hal_flash_ex.o
FPU_IRQHandler                                    build/startup_stm32f407xx.o
FSMC_IRQHandler                                   build/startup_stm32f407xx.o
HAL_DBGMCU_DisableDBGSleepMode                    build/stm32f4xx_hal.o
HAL_DBGMCU_DisableDBGStandbyMode                  build/stm32f4xx_hal.o
HAL_DBGMCU_DisableDBGStopMode                     build/stm32f4xx_hal.o
HAL_DBGMCU_EnableDBGSleepMode                     build/stm32f4xx_hal.o
HAL_DBGMCU_EnableDBGStandbyMode                   build/stm32f4xx_hal.o
HAL_DBGMCU_EnableDBGStopMode                      build/stm32f4xx_hal.o
HAL_DMAEx_ChangeMemory                            build/stm32f4xx_hal_dma_ex.o
HAL_DMAEx_MultiBufferStart                        build/stm32f4xx_hal_dma_ex.o
HAL_DMAEx_MultiBufferStart_IT                     build/stm32f4xx_hal_dma_ex.o
HAL_DMA_Abort                                     build/stm32f4xx_hal_dma.o
                                                  build/stm32f4xx_hal_tim.o
HAL_DMA_Abort_IT                                  build/stm32f4xx_hal_dma.o
HAL_DMA_DeInit                                    build/stm32f4xx_hal_dma.o
HAL_DMA_GetError                                  build/stm32f4xx_hal_dma.o
HAL_DMA_GetState                                  build/stm32f4xx_hal_dma.o
HAL_DMA_IRQHandler                                build/stm32f4xx_hal_dma.o
HAL_DMA_Init                                      build/stm32f4xx_hal_dma.o
HAL_DMA_PollForTransfer                           build/stm32f4xx_hal_dma.o
HAL_DMA_RegisterCallback                          build/stm32f4xx_hal_dma.o
HAL_DMA_Start                                     build/stm32f4xx_hal_dma.o
HAL_DMA_Start_IT                                  build/stm32f4xx_hal_dma.o
                                                  build/stm32f4xx_hal_tim_ex.o
                                                  build/stm32f4xx_hal_tim.o
HAL_DMA_UnRegisterCallback                        build/stm32f4xx_hal_dma.o
HAL_DeInit                                        build/stm32f4xx_hal.o
HAL_Delay                                         build/stm32f4xx_hal.o
HAL_DisableCompensationCell                       build/stm32f4xx_hal.o
HAL_EnableCompensationCell                        build/stm32f4xx_hal.o
HAL_FLASHEx_Erase                                 build/stm32f4xx_hal_flash_ex.o
HAL_FLASHEx_Erase_IT                              build/stm32f4xx_hal_flash_ex.o
HAL_FLASHEx_OBGetConfig                           build/stm32f4xx_hal_flash_ex.o
HAL_FLASHEx_OBProgram                             build/stm32f4xx_hal_flash_ex.o
HAL_FLASH_EndOfOperationCallback                  build/stm32f4xx_hal_flash.o
HAL_FLASH_GetError                                build/stm32f4xx_hal_flash.o
HAL_FLASH_IRQHandler                              build/stm32f4xx_hal_flash.o
HAL_FLASH_Lock                                    build/stm32f4xx_hal_flash.o
HAL_FLASH_OB_Launch                               build/stm32f4xx_hal_flash.o
HAL_FLASH_OB_Lock                                 build/stm32f4xx_hal_flash.o
HAL_FLASH_OB_Unlock                               build/stm32f4xx_hal_flash.o
HAL_FLASH_OperationErrorCallback                  build/stm32f4xx_hal_flash.o
HAL_FLASH_Program                                 build/stm32f4xx_hal_flash.o
HAL_FLASH_Program_IT                              build/stm32f4xx_hal_flash.o
HAL_FLASH_Unlock                                  build/stm32f4xx_hal_flash.o
HAL_GPIO_DeInit                                   build/stm32f4xx_hal_gpio.o
HAL_GPIO_EXTI_Callback                            build/stm32f4xx_hal_gpio.o
HAL_GPIO_EXTI_IRQHandler                          build/stm32f4xx_hal_gpio.o
                                                  build/stm32f4xx_it.o
HAL_GPIO_Init                                     build/stm32f4xx_hal_gpio.o
                                                  build/stm32f4xx_hal_rcc.o
                                                  build/main.o
HAL_GPIO_LockPin                                  build/stm32f4xx_hal_gpio.o
HAL_GPIO_ReadPin                                  build/stm32f4xx_hal_gpio.o
HAL_GPIO_TogglePin                                build/stm32f4xx_hal_gpio.o
HAL_GPIO_WritePin                                 build/stm32f4xx_hal_gpio.o
                                                  build/main.o
HAL_GetDEVID                                      build/stm32f4xx_hal.o
HAL_GetHalVersion                                 build/stm32f4xx_hal.o
HAL_GetREVID                                      build/stm32f4xx_hal.o
HAL_GetTick                                       build/stm32f4xx_hal.o
                                                  build/stm32f4xx_hal_rcc.o
                                                  build/stm32f4xx_hal_dma.o
                                                  build/stm32f4xx_hal_rcc_ex.o
                                                  build/stm32f4xx_hal_flash.o
                                                  build/stm32f4xx_hal_pwr_ex.o
HAL_GetUID                                        build/stm32f4xx_hal.o
HAL_IncTick                                       build/stm32f4xx_hal.o
                                                  build/stm32f4xx_it.o
HAL_Init                                          build/stm32f4xx_hal.o
                                                  build/main.o
HAL_InitTick                                      build/stm32f4xx_hal.o
                                                  build/stm32f4xx_hal_rcc.o
                                                  build/stm32f4xx_hal_rcc_ex.o
HAL_MPU_ConfigRegion                              build/stm32f4xx_hal_cortex.o
HAL_MPU_Disable                                   build/stm32f4xx_hal_cortex.o
HAL_MPU_Enable                                    build/stm32f4xx_hal_cortex.o
HAL_MspDeInit                                     build/stm32f4xx_hal.o
HAL_MspInit                                       build/stm32f4xx_hal_msp.o
HAL_NVIC_ClearPendingIRQ                          build/stm32f4xx_hal_cortex.o
HAL_NVIC_DisableIRQ                               build/stm32f4xx_hal_cortex.o
                                                  build/stm32f4xx_hal_msp.o
HAL_NVIC_EnableIRQ                                build/stm32f4xx_hal_cortex.o
                                                  build/stm32f4xx_hal_msp.o
                                                  build/main.o
HAL_NVIC_GetActive                                build/stm32f4xx_hal_cortex.o
HAL_NVIC_GetPendingIRQ                            build/stm32f4xx_hal_cortex.o
HAL_NVIC_GetPriority                              build/stm32f4xx_hal_cortex.o
HAL_NVIC_GetPriorityGrouping                      build/stm32f4xx_hal_cortex.o
HAL_NVIC_SetPendingIRQ                            build/stm32f4xx_hal_cortex.o
HAL_NVIC_SetPriority                              build/stm32f4xx_hal_cortex.o
                                                  build/stm32f4xx_hal.o
                                                  build/stm32f4xx_hal_msp.o
                                                  build/main.o
HAL_NVIC_SetPriorityGrouping                      build/stm32f4xx_hal_cortex.o
                                                  build/stm32f4xx_hal.o
                                                  build/stm32f4xx_hal_msp.o
HAL_NVIC_SystemReset                              build/stm32f4xx_hal_cortex.o
HAL_PWREx_ControlVoltageScaling                   build/stm32f4xx_hal_pwr_ex.o
HAL_PWREx_DisableBkUpReg                          build/stm32f4xx_hal_pwr_ex.o
HAL_PWREx_DisableFlashPowerDown                   build/stm32f4xx_hal_pwr_ex.o
HAL_PWREx_EnableBkUpReg                           build/stm32f4xx_hal_pwr_ex.o
HAL_PWREx_EnableFlashPowerDown                    build/stm32f4xx_hal_pwr_ex.o
HAL_PWREx_GetVoltageRange                         build/stm32f4xx_hal_pwr_ex.o
HAL_PWR_ConfigPVD                                 build/stm32f4xx_hal_pwr.o
HAL_PWR_DeInit                                    build/stm32f4xx_hal_pwr.o
HAL_PWR_DisableBkUpAccess                         build/stm32f4xx_hal_pwr.o
HAL_PWR_DisablePVD                                build/stm32f4xx_hal_pwr.o
HAL_PWR_DisableSEVOnPend                          build/stm32f4xx_hal_pwr.o
HAL_PWR_DisableSleepOnExit                        build/stm32f4xx_hal_pwr.o
HAL_PWR_DisableWakeUpPin                          build/stm32f4xx_hal_pwr.o
HAL_PWR_EnableBkUpAccess                          build/stm32f4xx_hal_pwr.o
HAL_PWR_EnablePVD                                 build/stm32f4xx_hal_pwr.o
HAL_PWR_EnableSEVOnPend                           build/stm32f4xx_hal_pwr.o
HAL_PWR_EnableSleepOnExit                         build/stm32f4xx_hal_pwr.o
HAL_PWR_EnableWakeUpPin                           build/stm32f4xx_hal_pwr.o
HAL_PWR_EnterSLEEPMode                            build/stm32f4xx_hal_pwr.o
HAL_PWR_EnterSTANDBYMode                          build/stm32f4xx_hal_pwr.o
HAL_PWR_EnterSTOPMode                             build/stm32f4xx_hal_pwr.o
HAL_PWR_PVDCallback                               build/stm32f4xx_hal_pwr.o
HAL_PWR_PVD_IRQHandler                            build/stm32f4xx_hal_pwr.o
HAL_RCCEx_GetPeriphCLKConfig                      build/stm32f4xx_hal_rcc_ex.o
HAL_RCCEx_GetPeriphCLKFreq                        build/stm32f4xx_hal_rcc_ex.o
HAL_RCCEx_PeriphCLKConfig                         build/stm32f4xx_hal_rcc_ex.o
HAL_RCC_CSSCallback                               build/stm32f4xx_hal_rcc.o
HAL_RCC_ClockConfig                               build/stm32f4xx_hal_rcc.o
                                                  build/main.o
HAL_RCC_DeInit                                    build/stm32f4xx_hal_rcc_ex.o
HAL_RCC_DisableCSS                                build/stm32f4xx_hal_rcc.o
HAL_RCC_EnableCSS                                 build/stm32f4xx_hal_rcc.o
HAL_RCC_GetClockConfig                            build/stm32f4xx_hal_rcc.o
HAL_RCC_GetHCLKFreq                               build/stm32f4xx_hal_rcc.o
                                                  build/main.o
HAL_RCC_GetOscConfig                              build/stm32f4xx_hal_rcc.o
HAL_RCC_GetPCLK1Freq                              build/stm32f4xx_hal_rcc.o
HAL_RCC_GetPCLK2Freq                              build/stm32f4xx_hal_rcc.o
HAL_RCC_GetSysClockFreq                           build/stm32f4xx_hal_rcc.o
HAL_RCC_MCOConfig                                 build/stm32f4xx_hal_rcc.o
HAL_RCC_NMI_IRQHandler                            build/stm32f4xx_hal_rcc.o
HAL_RCC_OscConfig                                 build/stm32f4xx_hal_rcc.o
                                                  build/main.o
HAL_ResumeTick                                    build/stm32f4xx_hal.o
HAL_SYSTICK_CLKSourceConfig                       build/stm32f4xx_hal_cortex.o
                                                  build/main.o
HAL_SYSTICK_Callback                              build/stm32f4xx_hal_cortex.o
HAL_SYSTICK_Config                                build/stm32f4xx_hal_cortex.o
                                                  build/stm32f4xx_hal.o
                                                  build/main.o
HAL_SYSTICK_IRQHandler                            build/stm32f4xx_hal_cortex.o
                                                  build/stm32f4xx_it.o
HAL_SuspendTick                                   build/stm32f4xx_hal.o
HAL_TIMEx_BreakCallback                           build/stm32f4xx_hal_tim_ex.o
                                                  build/stm32f4xx_hal_tim.o
HAL_TIMEx_CommutationCallback                     build/stm32f4xx_hal_tim_ex.o
                                                  build/stm32f4xx_hal_tim.o
HAL_TIMEx_ConfigBreakDeadTime                     build/stm32f4xx_hal_tim_ex.o
HAL_TIMEx_ConfigCommutationEvent                  build/stm32f4xx_hal_tim_ex.o
HAL_TIMEx_ConfigCommutationEvent_DMA              build/stm32f4xx_hal_tim_ex.o
HAL_TIMEx_ConfigCommutationEvent_IT               build/stm32f4xx_hal_tim_ex.o
HAL_TIMEx_HallSensor_DeInit                       build/stm32f4xx_hal_tim_ex.o
HAL_TIMEx_HallSensor_GetState                     build/stm32f4xx_hal_tim_ex.o
HAL_TIMEx_HallSensor_Init                         build/stm32f4xx_hal_tim_ex.o
HAL_TIMEx_HallSensor_MspDeInit                    build/stm32f4xx_hal_tim_ex.o
HAL_TIMEx_HallSensor_MspInit                      build/stm32f4xx_hal_tim_ex.o
HAL_TIMEx_HallSensor_Start                        build/stm32f4xx_hal_tim_ex.o
HAL_TIMEx_HallSensor_Start_DMA                    build/stm32f4xx_hal_tim_ex.o
HAL_TIMEx_HallSensor_Start_IT                     build/stm32f4xx_hal_tim_ex.o
HAL_TIMEx_HallSensor_Stop                         build/stm32f4xx_hal_tim_ex.o
HAL_TIMEx_HallSensor_Stop_DMA                     build/stm32f4xx_hal_tim_ex.o
HAL_TIMEx_HallSensor_Stop_IT                      build/stm32f4xx_hal_tim_ex.o
HAL_TIMEx_MasterConfigSynchronization             build/stm32f4xx_hal_tim_ex.o
                                                  build/main.o
HAL_TIMEx_OCN_Start                               build/stm32f4xx_hal_tim_ex.o
HAL_TIMEx_OCN_Start_DMA                           build/stm32f4xx_hal_tim_ex.o
HAL_TIMEx_OCN_Start_IT                            build/stm32f4xx_hal_tim_ex.o
HAL_TIMEx_OCN_Stop                                build/stm32f4xx_hal_tim_ex.o
HAL_TIMEx_OCN_Stop_DMA                            build/stm32f4xx_hal_tim_ex.o
HAL_TIMEx_OCN_Stop_IT                             build/stm32f4xx_hal_tim_ex.o
HAL_TIMEx_OnePulseN_Start                         build/stm32f4xx_hal_tim_ex.o
HAL_TIMEx_OnePulseN_Start_IT                      build/stm32f4xx_hal_tim_ex.o
HAL_TIMEx_OnePulseN_Stop                          build/stm32f4xx_hal_tim_ex.o
HAL_TIMEx_OnePulseN_Stop_IT                       build/stm32f4xx_hal_tim_ex.o
HAL_TIMEx_PWMN_Start                              build/stm32f4xx_hal_tim_ex.o
HAL_TIMEx_PWMN_Start_DMA                          build/stm32f4xx_hal_tim_ex.o
HAL_TIMEx_PWMN_Start_IT                           build/stm32f4xx_hal_tim_ex.o
HAL_TIMEx_PWMN_Stop                               build/stm32f4xx_hal_tim_ex.o
HAL_TIMEx_PWMN_Stop_DMA                           build/stm32f4xx_hal_tim_ex.o
HAL_TIMEx_PWMN_Stop_IT                            build/stm32f4xx_hal_tim_ex.o
HAL_TIMEx_RemapConfig                             build/stm32f4xx_hal_tim_ex.o
HAL_TIM_Base_DeInit                               build/stm32f4xx_hal_tim.o
HAL_TIM_Base_GetState                             build/stm32f4xx_hal_tim.o
HAL_TIM_Base_Init                                 build/stm32f4xx_hal_tim.o
                                                  build/main.o
HAL_TIM_Base_MspDeInit                            build/stm32f4xx_hal_msp.o
                                                  build/stm32f4xx_hal_tim.o
HAL_TIM_Base_MspInit                              build/stm32f4xx_hal_msp.o
                                                  build/stm32f4xx_hal_tim.o
HAL_TIM_Base_Start                                build/stm32f4xx_hal_tim.o
HAL_TIM_Base_Start_DMA                            build/stm32f4xx_hal_tim.o
HAL_TIM_Base_Start_IT                             build/stm32f4xx_hal_tim.o
                                                  build/main.o
HAL_TIM_Base_Stop                                 build/stm32f4xx_hal_tim.o
HAL_TIM_Base_Stop_DMA                             build/stm32f4xx_hal_tim.o
HAL_TIM_Base_Stop_IT                              build/stm32f4xx_hal_tim.o
                                                  build/main.o
HAL_TIM_ConfigClockSource                         build/stm32f4xx_hal_tim.o
                                                  build/main.o
HAL_TIM_ConfigOCrefClear                          build/stm32f4xx_hal_tim.o
HAL_TIM_ConfigTI1Input                            build/stm32f4xx_hal_tim.o
HAL_TIM_DMABurst_ReadStart                        build/stm32f4xx_hal_tim.o
HAL_TIM_DMABurst_ReadStop                         build/stm32f4xx_hal_tim.o
HAL_TIM_DMABurst_WriteStart                       build/stm32f4xx_hal_tim.o
HAL_TIM_DMABurst_WriteStop                        build/stm32f4xx_hal_tim.o
HAL_TIM_Encoder_DeInit                            build/stm32f4xx_hal_tim.o
HAL_TIM_Encoder_GetState                          build/stm32f4xx_hal_tim.o
HAL_TIM_Encoder_Init                              build/stm32f4xx_hal_tim.o
HAL_TIM_Encoder_MspDeInit                         build/stm32f4xx_hal_tim.o
HAL_TIM_Encoder_MspInit                           build/stm32f4xx_hal_tim.o
HAL_TIM_Encoder_Start                             build/stm32f4xx_hal_tim.o
HAL_TIM_Encoder_Start_DMA                         build/stm32f4xx_hal_tim.o
HAL_TIM_Encoder_Start_IT                          build/stm32f4xx_hal_tim.o
HAL_TIM_Encoder_Stop                              build/stm32f4xx_hal_tim.o
HAL_TIM_Encoder_Stop_DMA                          build/stm32f4xx_hal_tim.o
HAL_TIM_Encoder_Stop_IT                           build/stm32f4xx_hal_tim.o
HAL_TIM_ErrorCallback                             build/stm32f4xx_hal_tim.o
HAL_TIM_GenerateEvent                             build/stm32f4xx_hal_tim.o
HAL_TIM_IC_CaptureCallback                        build/stm32f4xx_hal_tim.o
HAL_TIM_IC_ConfigChannel                          build/stm32f4xx_hal_tim.o
HAL_TIM_IC_DeInit                                 build/stm32f4xx_hal_tim.o
HAL_TIM_IC_GetState                               build/stm32f4xx_hal_tim.o
HAL_TIM_IC_Init                                   build/stm32f4xx_hal_tim.o
HAL_TIM_IC_MspDeInit                              build/stm32f4xx_hal_tim.o
HAL_TIM_IC_MspInit                                build/stm32f4xx_hal_tim.o
HAL_TIM_IC_Start                                  build/stm32f4xx_hal_tim.o
HAL_TIM_IC_Start_DMA                              build/stm32f4xx_hal_tim.o
HAL_TIM_IC_Start_IT                               build/stm32f4xx_hal_tim.o
HAL_TIM_IC_Stop                                   build/stm32f4xx_hal_tim.o
HAL_TIM_IC_Stop_DMA                               build/stm32f4xx_hal_tim.o
HAL_TIM_IC_Stop_IT                                build/stm32f4xx_hal_tim.o
HAL_TIM_IRQHandler                                build/stm32f4xx_hal_tim.o
                                                  build/stm32f4xx_it.o
HAL_TIM_OC_ConfigChannel                          build/stm32f4xx_hal_tim.o
HAL_TIM_OC_DeInit                                 build/stm32f4xx_hal_tim.o
HAL_TIM_OC_DelayElapsedCallback                   build/stm32f4xx_hal_tim.o
HAL_TIM_OC_GetState                               build/stm32f4xx_hal_tim.o
HAL_TIM_OC_Init                                   build/stm32f4xx_hal_tim.o
HAL_TIM_OC_MspDeInit                              build/stm32f4xx_hal_tim.o
HAL_TIM_OC_MspInit                                build/stm32f4xx_hal_tim.o
HAL_TIM_OC_Start                                  build/stm32f4xx_hal_tim.o
HAL_TIM_OC_Start_DMA                              build/stm32f4xx_hal_tim.o
HAL_TIM_OC_Start_IT                               build/stm32f4xx_hal_tim.o
HAL_TIM_OC_Stop                                   build/stm32f4xx_hal_tim.o
HAL_TIM_OC_Stop_DMA                               build/stm32f4xx_hal_tim.o
HAL_TIM_OC_Stop_IT                                build/stm32f4xx_hal_tim.o
HAL_TIM_OnePulse_ConfigChannel                    build/stm32f4xx_hal_tim.o
HAL_TIM_OnePulse_DeInit                           build/stm32f4xx_hal_tim.o
HAL_TIM_OnePulse_GetState                         build/stm32f4xx_hal_tim.o
HAL_TIM_OnePulse_Init                             build/stm32f4xx_hal_tim.o
HAL_TIM_OnePulse_MspDeInit                        build/stm32f4xx_hal_tim.o
HAL_TIM_OnePulse_MspInit                          build/stm32f4xx_hal_tim.o
HAL_TIM_OnePulse_Start                            build/stm32f4xx_hal_tim.o
HAL_TIM_OnePulse_Start_IT                         build/stm32f4xx_hal_tim.o
HAL_TIM_OnePulse_Stop                             build/stm32f4xx_hal_tim.o
HAL_TIM_OnePulse_Stop_IT                          build/stm32f4xx_hal_tim.o
HAL_TIM_PWM_ConfigChannel                         build/stm32f4xx_hal_tim.o
HAL_TIM_PWM_DeInit                                build/stm32f4xx_hal_tim.o
HAL_TIM_PWM_GetState                              build/stm32f4xx_hal_tim.o
HAL_TIM_PWM_Init                                  build/stm32f4xx_hal_tim.o
HAL_TIM_PWM_MspDeInit                             build/stm32f4xx_hal_tim.o
HAL_TIM_PWM_MspInit                               build/stm32f4xx_hal_tim.o
HAL_TIM_PWM_PulseFinishedCallback                 build/stm32f4xx_hal_tim.o
HAL_TIM_PWM_Start                                 build/stm32f4xx_hal_tim.o
HAL_TIM_PWM_Start_DMA                             build/stm32f4xx_hal_tim.o
HAL_TIM_PWM_Start_IT                              build/stm32f4xx_hal_tim.o
HAL_TIM_PWM_Stop                                  build/stm32f4xx_hal_tim.o
HAL_TIM_PWM_Stop_DMA                              build/stm32f4xx_hal_tim.o
HAL_TIM_PWM_Stop_IT                               build/stm32f4xx_hal_tim.o
HAL_TIM_PeriodElapsedCallback                     build/main.o
HAL_TIM_ReadCapturedValue                         build/stm32f4xx_hal_tim.o
HAL_TIM_SlaveConfigSynchronization                build/stm32f4xx_hal_tim.o
HAL_TIM_SlaveConfigSynchronization_IT             build/stm32f4xx_hal_tim.o
HAL_TIM_TriggerCallback                           build/stm32f4xx_hal_tim.o
HASH_RNG_IRQHandler                               build/startup_stm32f407xx.o
HardFault_Handler                                 build/stm32f4xx_it.o
I2C1_ER_IRQHandler                                build/startup_stm32f407xx.o
I2C1_EV_IRQHandler                                build/startup_stm32f407xx.o
I2C2_ER_IRQHandler                                build/startup_stm32f407xx.o
I2C2_EV_IRQHandler                                build/startup_stm32f407xx.o
I2C3_ER_IRQHandler                                build/startup_stm32f407xx.o
I2C3_EV_IRQHandler                                build/startup_stm32f407xx.o
MemManage_Handler                                 build/stm32f4xx_it.o
NMI_Handler                                       build/stm32f4xx_it.o
OTG_FS_IRQHandler                                 build/startup_stm32f407xx.o
OTG_FS_WKUP_IRQHandler                            build/startup_stm32f407xx.o
OTG_HS_EP1_IN_IRQHandler                          build/startup_stm32f407xx.o
OTG_HS_EP1_OUT_IRQHandler                         build/startup_stm32f407xx.o
OTG_HS_IRQHandler                                 build/startup_stm32f407xx.o
OTG_HS_WKUP_IRQHandler                            build/startup_stm32f407xx.o
PVD_IRQHandler                                    build/startup_stm32f407xx.o
PendSV_Handler                                    build/stm32f4xx_it.o
PrepareDataToSend                                 build/main.o
RCC_IRQHandler                                    build/startup_stm32f407xx.o
RTC_Alarm_IRQHandler                              build/startup_stm32f407xx.o
RTC_WKUP_IRQHandler                               build/startup_stm32f407xx.o
Reset_Handler                                     build/startup_stm32f407xx.o
SDIO_IRQHandler                                   build/startup_stm32f407xx.o
SPI1_IRQHandler                                   build/startup_stm32f407xx.o
SPI2_IRQHandler                                   build/startup_stm32f407xx.o
SPI3_IRQHandler                                   build/startup_stm32f407xx.o
SVC_Handler                                       build/stm32f4xx_it.o
SysTick_Handler                                   build/stm32f4xx_it.o
SystemClock_Config                                build/main.o
SystemCoreClock                                   build/system_stm32f4xx.o
                                                  build/stm32f4xx_hal_rcc.o
                                                  build/stm32f4xx_hal.o
                                                  build/stm32f4xx_hal_dma.o
                                                  build/stm32f4xx_hal_rcc_ex.o
SystemCoreClockUpdate                             build/system_stm32f4xx.o
SystemInit                                        build/system_stm32f4xx.o
                                                  build/startup_stm32f407xx.o
TAMP_STAMP_IRQHandler                             build/startup_stm32f407xx.o
TIM1_BRK_TIM9_IRQHandler                          build/startup_stm32f407xx.o
TIM1_CC_IRQHandler                                build/startup_stm32f407xx.o
TIM1_TRG_COM_TIM11_IRQHandler                     build/startup_stm32f407xx.o
TIM1_UP_TIM10_IRQHandler                          build/startup_stm32f407xx.o
TIM2_IRQHandler                                   build/stm32f4xx_it.o
TIM3_IRQHandler                                   build/startup_stm32f407xx.o
TIM4_IRQHandler                                   build/startup_stm32f407xx.o
TIM5_IRQHandler                                   build/startup_stm32f407xx.o
TIM6_DAC_IRQHandler                               build/startup_stm32f407xx.o
TIM7_IRQHandler                                   build/startup_stm32f407xx.o
TIM8_BRK_TIM12_IRQHandler                         build/startup_stm32f407xx.o
TIM8_CC_IRQHandler                                build/startup_stm32f407xx.o
TIM8_TRG_COM_TIM14_IRQHandler                     build/startup_stm32f407xx.o
TIM8_UP_TIM13_IRQHandler                          build/startup_stm32f407xx.o
TIMEx_DMACommutationCplt                          build/stm32f4xx_hal_tim_ex.o
                                                  build/stm32f4xx_hal_tim.o
TIM_Base_SetConfig                                build/stm32f4xx_hal_tim.o
                                                  build/stm32f4xx_hal_tim_ex.o
TIM_CCxChannelCmd                                 build/stm32f4xx_hal_tim.o
                                                  build/stm32f4xx_hal_tim_ex.o
TIM_DMACaptureCplt                                build/stm32f4xx_hal_tim.o
                                                  build/stm32f4xx_hal_tim_ex.o
TIM_DMADelayPulseCplt                             build/stm32f4xx_hal_tim.o
                                                  build/stm32f4xx_hal_tim_ex.o
TIM_DMAError                                      build/stm32f4xx_hal_tim.o
                                                  build/stm32f4xx_hal_tim_ex.o
TIM_OC2_SetConfig                                 build/stm32f4xx_hal_tim.o
                                                  build/stm32f4xx_hal_tim_ex.o
TIM_TI1_SetConfig                                 build/stm32f4xx_hal_tim.o
                                                  build/stm32f4xx_hal_tim_ex.o
UART4_IRQHandler                                  build/startup_stm32f407xx.o
UART5_IRQHandler                                  build/startup_stm32f407xx.o
USART1_IRQHandler                                 build/startup_stm32f407xx.o
USART2_IRQHandler                                 build/startup_stm32f407xx.o
USART3_IRQHandler                                 build/startup_stm32f407xx.o
USART6_IRQHandler                                 build/startup_stm32f407xx.o
UsageFault_Handler                                build/stm32f4xx_it.o
WWDG_IRQHandler                                   build/startup_stm32f407xx.o
_Error_Handler                                    build/main.o
_ITM_deregisterTMCloneTable                       /home/saicharan/arm/lib/gcc/arm-none-eabi/6.3.0/crtbegin.o
_ITM_registerTMCloneTable                         /home/saicharan/arm/lib/gcc/arm-none-eabi/6.3.0/crtbegin.o
_Jv_RegisterClasses                               /home/saicharan/arm/lib/gcc/arm-none-eabi/6.3.0/crtbegin.o
__TMC_END__                                       /home/saicharan/arm/lib/gcc/arm-none-eabi/6.3.0/crtend.o
                                                  /home/saicharan/arm/lib/gcc/arm-none-eabi/6.3.0/crtbegin.o
__aeabi_idiv0                                     /home/saicharan/arm/lib/gcc/arm-none-eabi/6.3.0/libgcc.a(_dvmd_tls.o)
__aeabi_ldiv0                                     /home/saicharan/arm/lib/gcc/arm-none-eabi/6.3.0/libgcc.a(_dvmd_tls.o)
                                                  /home/saicharan/arm/lib/gcc/arm-none-eabi/6.3.0/libgcc.a(_aeabi_uldivmod.o)
__aeabi_uldivmod                                  /home/saicharan/arm/lib/gcc/arm-none-eabi/6.3.0/libgcc.a(_aeabi_uldivmod.o)
                                                  build/stm32f4xx_hal_rcc.o
__bss_end__                                       /home/saicharan/arm/lib/gcc/arm-none-eabi/6.3.0/../../../../arm-none-eabi/lib/crt0.o
__bss_start__                                     /home/saicharan/arm/lib/gcc/arm-none-eabi/6.3.0/../../../../arm-none-eabi/lib/crt0.o
__call_exitprocs                                  /home/saicharan/arm/lib/gcc/arm-none-eabi/6.3.0/../../../../arm-none-eabi/lib/libc_s.a(lib_a-exit.o)
__deregister_frame_info                           /home/saicharan/arm/lib/gcc/arm-none-eabi/6.3.0/crtbegin.o
__dso_handle                                      /home/saicharan/arm/lib/gcc/arm-none-eabi/6.3.0/crtbegin.o
__init_array_end                                  /home/saicharan/arm/lib/gcc/arm-none-eabi/6.3.0/../../../../arm-none-eabi/lib/libc_s.a(lib_a-init.o)
__init_array_start                                /home/saicharan/arm/lib/gcc/arm-none-eabi/6.3.0/../../../../arm-none-eabi/lib/libc_s.a(lib_a-init.o)
__libc_fini_array                                 /home/saicharan/arm/lib/gcc/arm-none-eabi/6.3.0/../../../../arm-none-eabi/lib/crt0.o
__libc_init_array                                 /home/saicharan/arm/lib/gcc/arm-none-eabi/6.3.0/../../../../arm-none-eabi/lib/libc_s.a(lib_a-init.o)
                                                  build/startup_stm32f407xx.o
                                                  /home/saicharan/arm/lib/gcc/arm-none-eabi/6.3.0/../../../../arm-none-eabi/lib/crt0.o
__preinit_array_end                               /home/saicharan/arm/lib/gcc/arm-none-eabi/6.3.0/../../../../arm-none-eabi/lib/libc_s.a(lib_a-init.o)
__preinit_array_start                             /home/saicharan/arm/lib/gcc/arm-none-eabi/6.3.0/../../../../arm-none-eabi/lib/libc_s.a(lib_a-init.o)
__register_frame_info                             /home/saicharan/arm/lib/gcc/arm-none-eabi/6.3.0/crtbegin.o
__sf_fake_stderr                                  /home/saicharan/arm/lib/gcc/arm-none-eabi/6.3.0/../../../../arm-none-eabi/lib/libc_s.a(lib_a-impure.o)
__sf_fake_stdin                                   /home/saicharan/arm/lib/gcc/arm-none-eabi/6.3.0/../../../../arm-none-eabi/lib/libc_s.a(lib_a-impure.o)
__sf_fake_stdout                                  /home/saicharan/arm/lib/gcc/arm-none-eabi/6.3.0/../../../../arm-none-eabi/lib/libc_s.a(lib_a-impure.o)
__stack                                           /home/saicharan/arm/lib/gcc/arm-none-eabi/6.3.0/../../../../arm-none-eabi/lib/crt0.o
__udivmoddi4                                      /home/saicharan/arm/lib/gcc/arm-none-eabi/6.3.0/libgcc.a(_udivmoddi4.o)
                                                  /home/saicharan/arm/lib/gcc/arm-none-eabi/6.3.0/libgcc.a(_aeabi_uldivmod.o)
_ebss                                             build/startup_stm32f407xx.o
_edata                                            build/startup_stm32f407xx.o
_estack                                           build/startup_stm32f407xx.o
_exit                                             /home/saicharan/arm/lib/gcc/arm-none-eabi/6.3.0/../../../../arm-none-eabi/lib/libnosys.a(_exit.o)
                                                  /home/saicharan/arm/lib/gcc/arm-none-eabi/6.3.0/../../../../arm-none-eabi/lib/libc_s.a(lib_a-exit.o)
_fini                                             /home/saicharan/arm/lib/gcc/arm-none-eabi/6.3.0/crti.o
_global_impure_ptr                                /home/saicharan/arm/lib/gcc/arm-none-eabi/6.3.0/../../../../arm-none-eabi/lib/libc_s.a(lib_a-impure.o)
                                                  /home/saicharan/arm/lib/gcc/arm-none-eabi/6.3.0/../../../../arm-none-eabi/lib/libc_s.a(lib_a-exit.o)
_impure_ptr                                       /home/saicharan/arm/lib/gcc/arm-none-eabi/6.3.0/../../../../arm-none-eabi/lib/libc_s.a(lib_a-impure.o)
_init                                             /home/saicharan/arm/lib/gcc/arm-none-eabi/6.3.0/crti.o
                                                  /home/saicharan/arm/lib/gcc/arm-none-eabi/6.3.0/../../../../arm-none-eabi/lib/libc_s.a(lib_a-init.o)
_mainCRTStartup                                   /home/saicharan/arm/lib/gcc/arm-none-eabi/6.3.0/../../../../arm-none-eabi/lib/crt0.o
_sbss                                             build/startup_stm32f407xx.o
_sdata                                            build/startup_stm32f407xx.o
_sidata                                           build/startup_stm32f407xx.o
_start                                            /home/saicharan/arm/lib/gcc/arm-none-eabi/6.3.0/../../../../arm-none-eabi/lib/crt0.o
actual_val                                        build/main.o
assert_failed                                     build/main.o
                                                  build/stm32f4xx_hal_rcc.o
                                                  build/stm32f4xx_hal_flash_ex.o
                                                  build/stm32f4xx_hal_dma_ex.o
                                                  build/stm32f4xx_hal_pwr.o
                                                  build/stm32f4xx_hal_gpio.o
                                                  build/stm32f4xx_hal_cortex.o
                                                  build/stm32f4xx_hal_dma.o
                                                  build/stm32f4xx_hal_rcc_ex.o
                                                  build/stm32f4xx_hal_tim_ex.o
                                                  build/stm32f4xx_hal_tim.o
                                                  build/stm32f4xx_hal_flash.o
                                                  build/stm32f4xx_hal_pwr_ex.o
atexit                                            /home/saicharan/arm/lib/gcc/arm-none-eabi/6.3.0/../../../../arm-none-eabi/lib/crt0.o
ballastAddr                                       build/main.o
bit_count                                         build/main.o
cmd                                               build/main.o
dali_master_array_cmd                             build/main.o
dali_master_array_receive_buffer                  build/main.o
dali_state                                        build/main.o
exit                                              /home/saicharan/arm/lib/gcc/arm-none-eabi/6.3.0/../../../../arm-none-eabi/lib/libc_s.a(lib_a-exit.o)
                                                  /home/saicharan/arm/lib/gcc/arm-none-eabi/6.3.0/../../../../arm-none-eabi/lib/crt0.o
former_val                                        build/main.o
g_pfnVectors                                      build/startup_stm32f407xx.o
hardware_init_hook                                /home/saicharan/arm/lib/gcc/arm-none-eabi/6.3.0/../../../../arm-none-eabi/lib/crt0.o
htim2                                             build/main.o
                                                  build/stm32f4xx_it.o
main                                              build/main.o
                                                  build/startup_stm32f407xx.o
                                                  /home/saicharan/arm/lib/gcc/arm-none-eabi/6.3.0/../../../../arm-none-eabi/lib/crt0.o
memset                                            /home/saicharan/arm/lib/gcc/arm-none-eabi/6.3.0/../../../../arm-none-eabi/lib/libc_s.a(lib_a-memset.o)
                                                  /home/saicharan/arm/lib/gcc/arm-none-eabi/6.3.0/../../../../arm-none-eabi/lib/crt0.o
pFlash                                            build/stm32f4xx_hal_flash.o
                                                  build/stm32f4xx_hal_flash_ex.o
software_init_hook                                /home/saicharan/arm/lib/gcc/arm-none-eabi/6.3.0/../../../../arm-none-eabi/lib/crt0.o
start_timer                                       build/main.o
tick_count                                        build/main.o
uwTick                                            build/stm32f4xx_hal.o
