Archive member included to satisfy reference by file (symbol)

/home/saicharan/arm/lib/gcc/arm-none-eabi/6.3.0/../../../../arm-none-eabi/lib/libc_s.a(lib_a-exit.o)
                              /home/saicharan/arm/lib/gcc/arm-none-eabi/6.3.0/../../../../arm-none-eabi/lib/crt0.o (exit)
/home/saicharan/arm/lib/gcc/arm-none-eabi/6.3.0/../../../../arm-none-eabi/lib/libc_s.a(lib_a-impure.o)
                              /home/saicharan/arm/lib/gcc/arm-none-eabi/6.3.0/../../../../arm-none-eabi/lib/libc_s.a(lib_a-exit.o) (_global_impure_ptr)
/home/saicharan/arm/lib/gcc/arm-none-eabi/6.3.0/../../../../arm-none-eabi/lib/libc_s.a(lib_a-init.o)
                              /home/saicharan/arm/lib/gcc/arm-none-eabi/6.3.0/../../../../arm-none-eabi/lib/crt0.o (__libc_init_array)
/home/saicharan/arm/lib/gcc/arm-none-eabi/6.3.0/../../../../arm-none-eabi/lib/libc_s.a(lib_a-memset.o)
                              /home/saicharan/arm/lib/gcc/arm-none-eabi/6.3.0/../../../../arm-none-eabi/lib/crt0.o (memset)
/home/saicharan/arm/lib/gcc/arm-none-eabi/6.3.0/../../../../arm-none-eabi/lib/libnosys.a(_exit.o)
                              /home/saicharan/arm/lib/gcc/arm-none-eabi/6.3.0/../../../../arm-none-eabi/lib/libc_s.a(lib_a-exit.o) (_exit)

Allocating common symbols
Common symbol       size              file

hiwdg               0xc               build/main.o
uwTick              0x4               build/stm32f4xx_hal.o
pFlash              0x20              build/stm32f4xx_hal_flash.o
htim5               0x3c              build/main.o

Discarded input sections

 .text          0x0000000000000000        0x0 /home/saicharan/arm/lib/gcc/arm-none-eabi/6.3.0/crti.o
 .data          0x0000000000000000        0x0 /home/saicharan/arm/lib/gcc/arm-none-eabi/6.3.0/crti.o
 .bss           0x0000000000000000        0x0 /home/saicharan/arm/lib/gcc/arm-none-eabi/6.3.0/crti.o
 .data          0x0000000000000000        0x4 /home/saicharan/arm/lib/gcc/arm-none-eabi/6.3.0/crtbegin.o
 .text          0x0000000000000000       0x74 /home/saicharan/arm/lib/gcc/arm-none-eabi/6.3.0/../../../../arm-none-eabi/lib/crt0.o
 .data          0x0000000000000000        0x0 /home/saicharan/arm/lib/gcc/arm-none-eabi/6.3.0/../../../../arm-none-eabi/lib/crt0.o
 .bss           0x0000000000000000        0x0 /home/saicharan/arm/lib/gcc/arm-none-eabi/6.3.0/../../../../arm-none-eabi/lib/crt0.o
 .ARM.extab     0x0000000000000000        0x0 /home/saicharan/arm/lib/gcc/arm-none-eabi/6.3.0/../../../../arm-none-eabi/lib/crt0.o
 .ARM.exidx     0x0000000000000000        0x8 /home/saicharan/arm/lib/gcc/arm-none-eabi/6.3.0/../../../../arm-none-eabi/lib/crt0.o
 .debug_line    0x0000000000000000       0x97 /home/saicharan/arm/lib/gcc/arm-none-eabi/6.3.0/../../../../arm-none-eabi/lib/crt0.o
 .debug_info    0x0000000000000000       0xab /home/saicharan/arm/lib/gcc/arm-none-eabi/6.3.0/../../../../arm-none-eabi/lib/crt0.o
 .debug_abbrev  0x0000000000000000       0x14 /home/saicharan/arm/lib/gcc/arm-none-eabi/6.3.0/../../../../arm-none-eabi/lib/crt0.o
 .debug_aranges
                0x0000000000000000       0x20 /home/saicharan/arm/lib/gcc/arm-none-eabi/6.3.0/../../../../arm-none-eabi/lib/crt0.o
 .ARM.attributes
                0x0000000000000000       0x25 /home/saicharan/arm/lib/gcc/arm-none-eabi/6.3.0/../../../../arm-none-eabi/lib/crt0.o
 .text          0x0000000000000000        0x0 build/stm32f4xx_hal_rcc.o
 .data          0x0000000000000000        0x0 build/stm32f4xx_hal_rcc.o
 .bss           0x0000000000000000        0x0 build/stm32f4xx_hal_rcc.o
 .text.HAL_RCC_DeInit
                0x0000000000000000        0x2 build/stm32f4xx_hal_rcc.o
 .text.HAL_RCC_MCOConfig
                0x0000000000000000      0x110 build/stm32f4xx_hal_rcc.o
 .text.HAL_RCC_EnableCSS
                0x0000000000000000        0xc build/stm32f4xx_hal_rcc.o
 .text.HAL_RCC_DisableCSS
                0x0000000000000000        0xc build/stm32f4xx_hal_rcc.o
 .text.HAL_RCC_GetPCLK2Freq
                0x0000000000000000       0x2c build/stm32f4xx_hal_rcc.o
 .text.HAL_RCC_GetOscConfig
                0x0000000000000000      0x100 build/stm32f4xx_hal_rcc.o
 .text.HAL_RCC_GetClockConfig
                0x0000000000000000       0x3c build/stm32f4xx_hal_rcc.o
 .text.HAL_RCC_CSSCallback
                0x0000000000000000        0x2 build/stm32f4xx_hal_rcc.o
 .text.HAL_RCC_NMI_IRQHandler
                0x0000000000000000       0x24 build/stm32f4xx_hal_rcc.o
 .text          0x0000000000000000        0x0 build/stm32f4xx_hal_flash.o
 .data          0x0000000000000000        0x0 build/stm32f4xx_hal_flash.o
 .bss           0x0000000000000000        0x0 build/stm32f4xx_hal_flash.o
 .text.FLASH_SetErrorCode
                0x0000000000000000       0x8c build/stm32f4xx_hal_flash.o
 .text.FLASH_Program_Byte
                0x0000000000000000       0x4c build/stm32f4xx_hal_flash.o
 .text.FLASH_Program_HalfWord
                0x0000000000000000       0x50 build/stm32f4xx_hal_flash.o
 .text.FLASH_Program_Word
[...]
Memory Configuration

Name             Origin             Length             Attributes
RAM              0x0000000020000000 0x0000000000020000 xrw
CCMRAM           0x0000000010000000 0x0000000000010000 rw
FLASH            0x0000000008000000 0x0000000000100000 xr
*default*        0x0000000000000000 0xffffffffffffffff

Linker script and memory map

LOAD /home/saicharan/arm/lib/gcc/arm-none-eabi/6.3.0/crti.o
LOAD /home/saicharan/arm/lib/gcc/arm-none-eabi/6.3.0/crtbegin.o
LOAD /home/saicharan/arm/lib/gcc/arm-none-eabi/6.3.0/../../../../arm-none-eabi/lib/crt0.o
LOAD build/stm32f4xx_hal_rcc.o
LOAD build/stm32f4xx_hal_flash.o
LOAD build/stm32f4xx_hal_pwr_ex.o
LOAD build/stm32f4xx_hal_pwr.o
LOAD build/stm32f4xx_hal_tim.o
LOAD build/stm32f4xx_hal_cortex.o
LOAD build/stm32f4xx_hal.o
LOAD build/stm32f4xx_hal_tim_ex.o
LOAD build/stm32f4xx_hal_flash_ex.o
LOAD build/system_stm32f4xx.o
LOAD build/stm32f4xx_it.o
LOAD build/stm32f4xx_hal_msp.o
LOAD build/main.o
LOAD build/stm32f4xx_hal_dma.o
LOAD build/stm32f4xx_hal_flash_ramfunc.o
LOAD build/stm32f4xx_hal_gpio.o
LOAD build/stm32f4xx_hal_rcc_ex.o
LOAD build/stm32f4xx_hal_dma_ex.o
LOAD build/stm32f4xx_hal_iwdg.o
LOAD build/startup_stm32f407xx.o
LOAD /home/saicharan/arm/lib/gcc/arm-none-eabi/6.3.0/../../../../arm-none-eabi/lib/libc_s.a
LOAD /home/saicharan/arm/lib/gcc/arm-none-eabi/6.3.0/../../../../arm-none-eabi/lib/libm.a
LOAD /home/saicharan/arm/lib/gcc/arm-none-eabi/6.3.0/../../../../arm-none-eabi/lib/libnosys.a
START GROUP
LOAD /home/saicharan/arm/lib/gcc/arm-none-eabi/6.3.0/libgcc.a
LOAD /home/saicharan/arm/lib/gcc/arm-none-eabi/6.3.0/../../../../arm-none-eabi/lib/libc_s.a
END GROUP
START GROUP
LOAD /home/saicharan/arm/lib/gcc/arm-none-eabi/6.3.0/libgcc.a
LOAD /home/saicharan/arm/lib/gcc/arm-none-eabi/6.3.0/../../../../arm-none-eabi/lib/libc_s.a
END GROUP
LOAD /home/saicharan/arm/lib/gcc/arm-none-eabi/6.3.0/crtend.o
LOAD /home/saicharan/arm/lib/gcc/arm-none-eabi/6.3.0/crtn.o
                0x0000000020020000                _estack = 0x20020000
                0x0000000000000200                _Min_Heap_Size = 0x200
                0x0000000000000400                _Min_Stack_Size = 0x400

.isr_vector     0x0000000008000000      0x188
                0x0000000008000000                . = ALIGN (0x4)
 *(.isr_vector)
 .isr_vector    0x0000000008000000      0x188 build/startup_stm32f407xx.o
                0x0000000008000000                g_pfnVectors
                0x0000000008000188                . = ALIGN (0x4)

.text           0x0000000008000188     0x2540
                0x0000000008000188                . = ALIGN (0x4)
 *(.text)
 .text          0x0000000008000188       0xa4 /home/saicharan/arm/lib/gcc/arm-none-eabi/6.3.0/crtbegin.o
 .text          0x000000000800022c       0x50 /home/saicharan/arm/lib/gcc/arm-none-eabi/6.3.0/../../../../arm-none-eabi/lib/libc_s.a(lib_a-init.o)
                0x000000000800022c                __libc_init_array
 *(.text*)
 .text.HAL_RCC_OscConfig
                0x000000000800027c      0x4a0 build/stm32f4xx_hal_rcc.o
                0x000000000800027c                HAL_RCC_OscConfig
 .text.HAL_RCC_GetSysClockFreq
                0x000000000800071c       0x94 build/stm32f4xx_hal_rcc.o
                0x000000000800071c                HAL_RCC_GetSysClockFreq
 .text.HAL_RCC_ClockConfig
                0x00000000080007b0      0x250 build/stm32f4xx_hal_rcc.o
                0x00000000080007b0                HAL_RCC_ClockConfig
 .text.HAL_RCC_GetHCLKFreq
                0x0000000008000a00        0xc build/stm32f4xx_hal_rcc.o
                0x0000000008000a00                HAL_RCC_GetHCLKFreq
 .text.HAL_RCC_GetPCLK1Freq
                0x0000000008000a0c       0x2c build/stm32f4xx_hal_rcc.o
                0x0000000008000a0c                HAL_RCC_GetPCLK1Freq
 .text.TIM_TI1_ConfigInputStage
                0x0000000008000a38       0x26 build/stm32f4xx_hal_tim.o
 .text.TIM_TI2_SetConfig
                0x0000000008000a5e       0x34 build/stm32f4xx_hal_tim.o
 .text.TIM_TI2_ConfigInputStage
                0x0000000008000a92       0x28 build/stm32f4xx_hal_tim.o
 .text.TIM_TI3_SetConfig
                0x0000000008000aba       0x32 build/stm32f4xx_hal_tim.o
 .text.TIM_TI4_SetConfig
                0x0000000008000aec       0x34 build/stm32f4xx_hal_tim.o
 .text.TIM_ITRx_SetConfig
                0x0000000008000b20       0x10 build/stm32f4xx_hal_tim.o
 .text.TIM_ETR_SetConfig
                0x0000000008000b30       0x18 build/stm32f4xx_hal_tim.o
 .text.HAL_TIM_IC_MspInit
                0x0000000008000b48        0x2 build/stm32f4xx_hal_tim.o
                0x0000000008000b48                HAL_TIM_IC_MspInit
 .text.HAL_TIM_IC_MspDeInit
                0x0000000008000b4a        0x2 build/stm32f4xx_hal_tim.o
                0x0000000008000b4a                HAL_TIM_IC_MspDeInit
 .text.HAL_TIM_IC_DeInit
                0x0000000008000b4c       0xbc build/stm32f4xx_hal_tim.o
                0x0000000008000b4c                HAL_TIM_IC_DeInit
 .text.HAL_TIM_ConfigClockSource
                0x0000000008000c08      0x5b4 build/stm32f4xx_hal_tim.o
                0x0000000008000c08                HAL_TIM_ConfigClockSource
 .text.HAL_TIM_ReadCapturedValue
                0x00000000080011bc      0x17c build/stm32f4xx_hal_tim.o
                0x00000000080011bc                HAL_TIM_ReadCapturedValue
 .text.HAL_TIM_PeriodElapsedCallback
                0x0000000008001338        0x2 build/stm32f4xx_hal_tim.o
                0x0000000008001338                HAL_TIM_PeriodElapsedCallback
 .text.HAL_TIM_OC_DelayElapsedCallback
                0x000000000800133a        0x2 build/stm32f4xx_hal_tim.o
                0x000000000800133a                HAL_TIM_OC_DelayElapsedCallback
 .text.HAL_TIM_IC_CaptureCallback
                0x000000000800133c        0x2 build/stm32f4xx_hal_tim.o
                0x000000000800133c                HAL_TIM_IC_CaptureCallback
 .text.HAL_TIM_PWM_PulseFinishedCallback
                0x000000000800133e        0x2 build/stm32f4xx_hal_tim.o
                0x000000000800133e                HAL_TIM_PWM_PulseFinishedCallback
 .text.HAL_TIM_TriggerCallback
                0x0000000008001340        0x2 build/stm32f4xx_hal_tim.o
                0x0000000008001340                HAL_TIM_TriggerCallback
 .text.HAL_TIM_IRQHandler
                0x0000000008001342      0x17a build/stm32f4xx_hal_tim.o
                0x0000000008001342                HAL_TIM_IRQHandler
 .text.TIM_Base_SetConfig
                0x00000000080014bc      0x11c build/stm32f4xx_hal_tim.o
                0x00000000080014bc                TIM_Base_SetConfig
 .text.HAL_TIM_Base_Init
                0x00000000080015d8       0xe8 build/stm32f4xx_hal_tim.o
                0x00000000080015d8                HAL_TIM_Base_Init
 .text.HAL_TIM_IC_Init
                0x00000000080016c0       0xf0 build/stm32f4xx_hal_tim.o
                0x00000000080016c0                HAL_TIM_IC_Init
 .text.TIM_TI1_SetConfig
                0x00000000080017b0       0xa0 build/stm32f4xx_hal_tim.o
                0x00000000080017b0                TIM_TI1_SetConfig
 .text.HAL_TIM_IC_ConfigChannel
                0x0000000008001850      0x248 build/stm32f4xx_hal_tim.o
                0x0000000008001850                HAL_TIM_IC_ConfigChannel
 .text.HAL_NVIC_SetPriorityGrouping
                0x0000000008001a98       0x3c build/stm32f4xx_hal_cortex.o
                0x0000000008001a98                HAL_NVIC_SetPriorityGrouping
 .text.HAL_NVIC_SetPriority
                0x0000000008001ad4       0x88 build/stm32f4xx_hal_cortex.o
                0x0000000008001ad4                HAL_NVIC_SetPriority
 .text.HAL_NVIC_EnableIRQ
                0x0000000008001b5c       0x2c build/stm32f4xx_hal_cortex.o
                0x0000000008001b5c                HAL_NVIC_EnableIRQ
 .text.HAL_SYSTICK_Config
                0x0000000008001b88       0x2c build/stm32f4xx_hal_cortex.o
                0x0000000008001b88                HAL_SYSTICK_Config
 .text.HAL_SYSTICK_CLKSourceConfig
                0x0000000008001bb4       0x3c build/stm32f4xx_hal_cortex.o
                0x0000000008001bb4                HAL_SYSTICK_CLKSourceConfig
 .text.HAL_SYSTICK_Callback
                0x0000000008001bf0        0x2 build/stm32f4xx_hal_cortex.o
                0x0000000008001bf0                HAL_SYSTICK_Callback
 .text.HAL_SYSTICK_IRQHandler
                0x0000000008001bf2        0x8 build/stm32f4xx_hal_cortex.o
                0x0000000008001bf2                HAL_SYSTICK_IRQHandler
 *fill*         0x0000000008001bfa        0x2 
 .text.HAL_InitTick
                0x0000000008001bfc       0x2c build/stm32f4xx_hal.o
                0x0000000008001bfc                HAL_InitTick
 .text.HAL_Init
                0x0000000008001c28       0x34 build/stm32f4xx_hal.o
                0x0000000008001c28                HAL_Init
 .text.HAL_IncTick
                0x0000000008001c5c       0x10 build/stm32f4xx_hal.o
                0x0000000008001c5c                HAL_IncTick
 .text.HAL_GetTick
                0x0000000008001c6c        0xc build/stm32f4xx_hal.o
                0x0000000008001c6c                HAL_GetTick
 .text.HAL_Delay
                0x0000000008001c78       0x24 build/stm32f4xx_hal.o
                0x0000000008001c78                HAL_Delay
 .text.HAL_TIMEx_MasterConfigSynchronization
                0x0000000008001c9c       0xe0 build/stm32f4xx_hal_tim_ex.o
                0x0000000008001c9c                HAL_TIMEx_MasterConfigSynchronization
 .text.HAL_TIMEx_RemapConfig
                0x0000000008001d7c       0x80 build/stm32f4xx_hal_tim_ex.o
                0x0000000008001d7c                HAL_TIMEx_RemapConfig
 .text.HAL_TIMEx_CommutationCallback
                0x0000000008001dfc        0x2 build/stm32f4xx_hal_tim_ex.o
                0x0000000008001dfc                HAL_TIMEx_CommutationCallback
 .text.HAL_TIMEx_BreakCallback
                0x0000000008001dfe        0x2 build/stm32f4xx_hal_tim_ex.o
                0x0000000008001dfe                HAL_TIMEx_BreakCallback
 .text.SystemInit
                0x0000000008001e00       0x4c build/system_stm32f4xx.o
                0x0000000008001e00                SystemInit
 .text.NMI_Handler
                0x0000000008001e4c        0x2 build/stm32f4xx_it.o
                0x0000000008001e4c                NMI_Handler
 .text.HardFault_Handler
                0x0000000008001e4e        0x2 build/stm32f4xx_it.o
                0x0000000008001e4e                HardFault_Handler
 .text.MemManage_Handler
                0x0000000008001e50        0x2 build/stm32f4xx_it.o
                0x0000000008001e50                MemManage_Handler
 .text.BusFault_Handler
                0x0000000008001e52        0x2 build/stm32f4xx_it.o
                0x0000000008001e52                BusFault_Handler
 .text.UsageFault_Handler
                0x0000000008001e54        0x2 build/stm32f4xx_it.o
                0x0000000008001e54                UsageFault_Handler
 .text.SVC_Handler
                0x0000000008001e56        0x2 build/stm32f4xx_it.o
                0x0000000008001e56                SVC_Handler
 .text.DebugMon_Handler
                0x0000000008001e58        0x2 build/stm32f4xx_it.o
                0x0000000008001e58                DebugMon_Handler
 .text.PendSV_Handler
                0x0000000008001e5a        0x2 build/stm32f4xx_it.o
                0x0000000008001e5a                PendSV_Handler
 .text.SysTick_Handler
                0x0000000008001e5c        0xc build/stm32f4xx_it.o
                0x0000000008001e5c                SysTick_Handler
 .text.RCC_IRQHandler
                0x0000000008001e68        0x2 build/stm32f4xx_it.o
                0x0000000008001e68                RCC_IRQHandler
 .text.EXTI0_IRQHandler
                0x0000000008001e6a        0xa build/stm32f4xx_it.o
                0x0000000008001e6a                EXTI0_IRQHandler
 .text.EXTI1_IRQHandler
                0x0000000008001e74        0xa build/stm32f4xx_it.o
                0x0000000008001e74                EXTI1_IRQHandler
 *fill*         0x0000000008001e7e        0x2 
 .text.TIM5_IRQHandler
                0x0000000008001e80       0x54 build/stm32f4xx_it.o
                0x0000000008001e80                TIM5_IRQHandler
 .text.HAL_MspInit
                0x0000000008001ed4       0x6e build/stm32f4xx_hal_msp.o
                0x0000000008001ed4                HAL_MspInit
 *fill*         0x0000000008001f42        0x2 
 .text.HAL_TIM_Base_MspInit
                0x0000000008001f44       0x40 build/stm32f4xx_hal_msp.o
                0x0000000008001f44                HAL_TIM_Base_MspInit
 .text.MX_GPIO_Init
                0x0000000008001f84       0x80 build/main.o
 .text._Error_Handler
                0x0000000008002004       0x14 build/main.o
                0x0000000008002004                _Error_Handler
 .text.MX_TIM5_Init
                0x0000000008002018       0xb8 build/main.o
 .text.GetLSIFrequency
                0x00000000080020d0       0x48 build/main.o
 .text.SystemClock_Config
                0x0000000008002118       0xa8 build/main.o
                0x0000000008002118                SystemClock_Config
 .text.main     0x00000000080021c0       0x98 build/main.o
                0x00000000080021c0                main
 .text.assert_failed
                0x0000000008002258        0x2 build/main.o
                0x0000000008002258                assert_failed
 *fill*         0x000000000800225a        0x2 
 .text.HAL_GPIO_Init
                0x000000000800225c      0x2f8 build/stm32f4xx_hal_gpio.o
                0x000000000800225c                HAL_GPIO_Init
 .text.HAL_GPIO_WritePin
                0x0000000008002554       0x34 build/stm32f4xx_hal_gpio.o
                0x0000000008002554                HAL_GPIO_WritePin
 .text.HAL_GPIO_TogglePin
                0x0000000008002588       0x20 build/stm32f4xx_hal_gpio.o
                0x0000000008002588                HAL_GPIO_TogglePin
 .text.HAL_GPIO_EXTI_Callback
                0x00000000080025a8        0x2 build/stm32f4xx_hal_gpio.o
                0x00000000080025a8                HAL_GPIO_EXTI_Callback
 *fill*         0x00000000080025aa        0x2 
 .text.HAL_GPIO_EXTI_IRQHandler
                0x00000000080025ac       0x1c build/stm32f4xx_hal_gpio.o
                0x00000000080025ac                HAL_GPIO_EXTI_IRQHandler
 .text.HAL_IWDG_Init
                0x00000000080025c8       0x88 build/stm32f4xx_hal_iwdg.o
                0x00000000080025c8                HAL_IWDG_Init
 .text.HAL_IWDG_Refresh
                0x0000000008002650        0xc build/stm32f4xx_hal_iwdg.o
                0x0000000008002650                HAL_IWDG_Refresh
 .text.Reset_Handler
                0x000000000800265c       0x50 build/startup_stm32f407xx.o
                0x000000000800265c                Reset_Handler
 .text.Default_Handler
                0x00000000080026ac        0x2 build/startup_stm32f407xx.o
                0x00000000080026ac                RTC_Alarm_IRQHandler
                0x00000000080026ac                HASH_RNG_IRQHandler
                0x00000000080026ac                EXTI2_IRQHandler
                0x00000000080026ac                TIM8_CC_IRQHandler
                0x00000000080026ac                TIM1_CC_IRQHandler
                0x00000000080026ac                DMA2_Stream5_IRQHandler
                0x00000000080026ac                DMA1_Stream5_IRQHandler
                0x00000000080026ac                PVD_IRQHandler
                0x00000000080026ac                SDIO_IRQHandler
                0x00000000080026ac                TAMP_STAMP_IRQHandler
                0x00000000080026ac                CAN2_RX1_IRQHandler
                0x00000000080026ac                EXTI3_IRQHandler
                0x00000000080026ac                TIM8_TRG_COM_TIM14_IRQHandler
                0x00000000080026ac                TIM1_UP_TIM10_IRQHandler
                0x00000000080026ac                TIM8_UP_TIM13_IRQHandler
                0x00000000080026ac                I2C3_ER_IRQHandler
                0x00000000080026ac                I2C2_EV_IRQHandler
                0x00000000080026ac                DMA1_Stream2_IRQHandler
                0x00000000080026ac                CAN1_RX0_IRQHandler
                0x00000000080026ac                FPU_IRQHandler
                0x00000000080026ac                OTG_HS_WKUP_IRQHandler
                0x00000000080026ac                CAN2_SCE_IRQHandler
                0x00000000080026ac                DMA2_Stream2_IRQHandler
                0x00000000080026ac                SPI1_IRQHandler
                0x00000000080026ac                TIM6_DAC_IRQHandler
                0x00000000080026ac                TIM1_BRK_TIM9_IRQHandler
                0x00000000080026ac                DCMI_IRQHandler
                0x00000000080026ac                CAN2_RX0_IRQHandler
                0x00000000080026ac                DMA2_Stream3_IRQHandler
                0x00000000080026ac                USART6_IRQHandler
                0x00000000080026ac                USART3_IRQHandler
                0x00000000080026ac                CAN1_RX1_IRQHandler
                0x00000000080026ac                UART5_IRQHandler
                0x00000000080026ac                DMA2_Stream0_IRQHandler
                0x00000000080026ac                TIM4_IRQHandler
                0x00000000080026ac                I2C1_EV_IRQHandler
                0x00000000080026ac                DMA1_Stream6_IRQHandler
                0x00000000080026ac                DMA1_Stream1_IRQHandler
                0x00000000080026ac                UART4_IRQHandler
                0x00000000080026ac                TIM3_IRQHandler
                0x00000000080026ac                TIM8_BRK_TIM12_IRQHandler
                0x00000000080026ac                Default_Handler
                0x00000000080026ac                EXTI15_10_IRQHandler
                0x00000000080026ac                ADC_IRQHandler
                0x00000000080026ac                DMA1_Stream7_IRQHandler
                0x00000000080026ac                TIM7_IRQHandler
                0x00000000080026ac                CAN2_TX_IRQHandler
                0x00000000080026ac                DMA2_Stream7_IRQHandler
                0x00000000080026ac                I2C3_EV_IRQHandler
                0x00000000080026ac                EXTI9_5_IRQHandler
                0x00000000080026ac                RTC_WKUP_IRQHandler
                0x00000000080026ac                ETH_WKUP_IRQHandler
                0x00000000080026ac                SPI2_IRQHandler
                0x00000000080026ac                OTG_HS_EP1_IN_IRQHandler
                0x00000000080026ac                DMA1_Stream0_IRQHandler
                0x00000000080026ac                CAN1_TX_IRQHandler
                0x00000000080026ac                EXTI4_IRQHandler
                0x00000000080026ac                FSMC_IRQHandler
                0x00000000080026ac                ETH_IRQHandler
                0x00000000080026ac                OTG_HS_EP1_OUT_IRQHandler
                0x00000000080026ac                WWDG_IRQHandler
                0x00000000080026ac                TIM2_IRQHandler
                0x00000000080026ac                OTG_FS_WKUP_IRQHandler
                0x00000000080026ac                TIM1_TRG_COM_TIM11_IRQHandler
                0x00000000080026ac                OTG_HS_IRQHandler
                0x00000000080026ac                USART2_IRQHandler
                0x00000000080026ac                I2C2_ER_IRQHandler
                0x00000000080026ac                DMA2_Stream1_IRQHandler
                0x00000000080026ac                CAN1_SCE_IRQHandler
                0x00000000080026ac                FLASH_IRQHandler
                0x00000000080026ac                DMA2_Stream4_IRQHandler
                0x00000000080026ac                USART1_IRQHandler
                0x00000000080026ac                OTG_FS_IRQHandler
                0x00000000080026ac                SPI3_IRQHandler
                0x00000000080026ac                DMA1_Stream4_IRQHandler
                0x00000000080026ac                I2C1_ER_IRQHandler
                0x00000000080026ac                DMA2_Stream6_IRQHandler
                0x00000000080026ac                DMA1_Stream3_IRQHandler
 *(.glue_7)
 .glue_7        0x00000000080026ae        0x0 linker stubs
 *(.glue_7t)
 .glue_7t       0x00000000080026ae        0x0 linker stubs
 *(.eh_frame)
 *fill*         0x00000000080026ae        0x2 
 .eh_frame      0x00000000080026b0        0x0 /home/saicharan/arm/lib/gcc/arm-none-eabi/6.3.0/crtbegin.o
 *(.init)
 .init          0x00000000080026b0        0x4 /home/saicharan/arm/lib/gcc/arm-none-eabi/6.3.0/crti.o
                0x00000000080026b0                _init
 .init          0x00000000080026b4        0x8 /home/saicharan/arm/lib/gcc/arm-none-eabi/6.3.0/crtn.o
 *(.fini)
 .fini          0x00000000080026bc        0x4 /home/saicharan/arm/lib/gcc/arm-none-eabi/6.3.0/crti.o
                0x00000000080026bc                _fini
 .fini          0x00000000080026c0        0x8 /home/saicharan/arm/lib/gcc/arm-none-eabi/6.3.0/crtn.o
                0x00000000080026c8                . = ALIGN (0x4)
                0x00000000080026c8                _etext = .

.vfp11_veneer   0x00000000080026c8        0x0
 .vfp11_veneer  0x00000000080026c8        0x0 linker stubs

.v4_bx          0x00000000080026c8        0x0
 .v4_bx         0x00000000080026c8        0x0 linker stubs

.iplt           0x00000000080026c8        0x0
 .iplt          0x00000000080026c8        0x0 /home/saicharan/arm/lib/gcc/arm-none-eabi/6.3.0/crtbegin.o

.rodata         0x00000000080026c8      0x174
                0x00000000080026c8                . = ALIGN (0x4)
 *(.rodata)
 *(.rodata*)
 .rodata.HAL_RCC_OscConfig.str1.4
                0x00000000080026c8       0x35 build/stm32f4xx_hal_rcc.o
 *fill*         0x00000000080026fd        0x3 
 .rodata.TIM_OC3_SetConfig.str1.4
                0x0000000008002700       0x35 build/stm32f4xx_hal_tim.o
 *fill*         0x0000000008002735        0x3 
 .rodata.HAL_NVIC_SetPriorityGrouping.str1.4
                0x0000000008002738       0x38 build/stm32f4xx_hal_cortex.o
 .rodata.TIM_CCxNChannelCmd.str1.4
                0x0000000008002770       0x38 build/stm32f4xx_hal_tim_ex.o
 .rodata.AHBPrescTable
                0x00000000080027a8       0x10 build/system_stm32f4xx.o
                0x00000000080027a8                AHBPrescTable
 .rodata.APBPrescTable
                0x00000000080027b8        0x8 build/system_stm32f4xx.o
                0x00000000080027b8                APBPrescTable
 .rodata.MX_TIM5_Init.str1.4
                0x00000000080027c0        0xb build/main.o
 *fill*         0x00000000080027cb        0x1 
 .rodata.HAL_GPIO_Init.str1.4
                0x00000000080027cc       0x36 build/stm32f4xx_hal_gpio.o
 *fill*         0x0000000008002802        0x2 
 .rodata.HAL_IWDG_Init.str1.4
                0x0000000008002804       0x38 build/stm32f4xx_hal_iwdg.o
                                         0x36 (size before relaxing)
                0x000000000800283c                . = ALIGN (0x4)

.rel.dyn        0x000000000800283c        0x0
 .rel.iplt      0x000000000800283c        0x0 /home/saicharan/arm/lib/gcc/arm-none-eabi/6.3.0/crtbegin.o

.ARM.extab
 *(.ARM.extab* .gnu.linkonce.armextab.*)

.ARM            0x000000000800283c        0x0
                0x000000000800283c                __exidx_start = .
 *(.ARM.exidx*)
                0x000000000800283c                __exidx_end = .

.preinit_array  0x000000000800283c        0x0
                0x000000000800283c                PROVIDE (__preinit_array_start, .)
 *(.preinit_array*)
                0x000000000800283c                PROVIDE (__preinit_array_end, .)

.init_array     0x000000000800283c        0x4
                0x000000000800283c                PROVIDE (__init_array_start, .)
 *(SORT(.init_array.*))
 *(.init_array*)
 .init_array    0x000000000800283c        0x4 /home/saicharan/arm/lib/gcc/arm-none-eabi/6.3.0/crtbegin.o
                0x0000000008002840                PROVIDE (__init_array_end, .)

.fini_array     0x0000000008002840        0x4
                [!provide]                        PROVIDE (__fini_array_start, .)
 *(SORT(.fini_array.*))
 *(.fini_array*)
 .fini_array    0x0000000008002840        0x4 /home/saicharan/arm/lib/gcc/arm-none-eabi/6.3.0/crtbegin.o
                [!provide]                        PROVIDE (__fini_array_end, .)
                0x0000000008002844                _sidata = LOADADDR (.data)

.data           0x0000000020000000        0x4 load address 0x0000000008002844
                0x0000000020000000                . = ALIGN (0x4)
                0x0000000020000000                _sdata = .
 *(.data)
 *(.data*)
 .data.SystemCoreClock
                0x0000000020000000        0x4 build/system_stm32f4xx.o
                0x0000000020000000                SystemCoreClock
                0x0000000020000004                . = ALIGN (0x4)
                0x0000000020000004                _edata = .
                0x0000000008002848                _siccmram = LOADADDR (.ccmram)

.jcr            0x0000000020000004        0x0 load address 0x0000000008002848
 .jcr           0x0000000020000004        0x0 /home/saicharan/arm/lib/gcc/arm-none-eabi/6.3.0/crtbegin.o

.tm_clone_table
                0x0000000020000004        0x0 load address 0x0000000008002848
 .tm_clone_table
                0x0000000020000004        0x0 /home/saicharan/arm/lib/gcc/arm-none-eabi/6.3.0/crtbegin.o
 .tm_clone_table
                0x0000000020000004        0x0 /home/saicharan/arm/lib/gcc/arm-none-eabi/6.3.0/crtend.o

.igot.plt       0x0000000020000004        0x0 load address 0x0000000008002848
 .igot.plt      0x0000000020000004        0x0 /home/saicharan/arm/lib/gcc/arm-none-eabi/6.3.0/crtbegin.o

.ccmram         0x0000000010000000        0x0 load address 0x0000000008002848
                0x0000000010000000                . = ALIGN (0x4)
                0x0000000010000000                _sccmram = .
 *(.ccmram)
 *(.ccmram*)
                0x0000000010000000                . = ALIGN (0x4)
                0x0000000010000000                _eccmram = .
                0x0000000010000000                . = ALIGN (0x4)

.bss            0x0000000020000004       0x7c
                0x0000000020000004                _sbss = .
                0x0000000020000004                __bss_start__ = _sbss
 *(.bss)
 .bss           0x0000000020000004       0x1c /home/saicharan/arm/lib/gcc/arm-none-eabi/6.3.0/crtbegin.o
 *(.bss*)
 .bss.tmpCC4    0x0000000020000020        0x4 build/stm32f4xx_it.o
                0x0000000020000020                tmpCC4
 .bss.uwCaptureNumber
                0x0000000020000024        0x4 build/main.o
                0x0000000020000024                uwCaptureNumber
 .bss.uwLsiFreq
                0x0000000020000028        0x4 build/main.o
 .bss.uwMeasurementDone
                0x000000002000002c        0x4 build/main.o
                0x000000002000002c                uwMeasurementDone
 .bss.uwPeriodValue
                0x0000000020000030        0x4 build/main.o
                0x0000000020000030                uwPeriodValue
 *(COMMON)
 COMMON         0x0000000020000034        0x4 build/stm32f4xx_hal.o
                0x0000000020000034                uwTick
 COMMON         0x0000000020000038       0x48 build/main.o
                0x0000000020000038                hiwdg
                0x0000000020000044                htim5
                0x0000000020000080                . = ALIGN (0x4)
                0x0000000020000080                _ebss = .
                0x0000000020000080                __bss_end__ = _ebss

._user_heap_stack
                0x0000000020000080      0x600
                0x0000000020000080                . = ALIGN (0x8)
                [!provide]                        PROVIDE (end, .)
                [!provide]                        PROVIDE (_end, .)
                0x0000000020000280                . = (. + _Min_Heap_Size)
 *fill*         0x0000000020000080      0x200 
                0x0000000020000680                . = (. + _Min_Stack_Size)
 *fill*         0x0000000020000280      0x400 
                0x0000000020000680                . = ALIGN (0x8)

/DISCARD/
 libc.a(*)
 libm.a(*)
 libgcc.a(*)

.ARM.attributes
                0x0000000000000000       0x35
 *(.ARM.attributes)
 .ARM.attributes
                0x0000000000000000       0x27 /home/saicharan/arm/lib/gcc/arm-none-eabi/6.3.0/crti.o
 .ARM.attributes
                0x0000000000000027       0x39 /home/saicharan/arm/lib/gcc/arm-none-eabi/6.3.0/crtbegin.o
 .ARM.attributes
                0x0000000000000060       0x39 build/stm32f4xx_hal_rcc.o
 .ARM.attributes
                0x0000000000000099       0x39 build/stm32f4xx_hal_tim.o
 .ARM.attributes
                0x00000000000000d2       0x39 build/stm32f4xx_hal_cortex.o
 .ARM.attributes
                0x000000000000010b       0x39 build/stm32f4xx_hal.o
 .ARM.attributes
                0x0000000000000144       0x39 build/stm32f4xx_hal_tim_ex.o
 .ARM.attributes
                0x000000000000017d       0x39 build/system_stm32f4xx.o
 .ARM.attributes
                0x00000000000001b6       0x39 build/stm32f4xx_it.o
 .ARM.attributes
                0x00000000000001ef       0x39 build/stm32f4xx_hal_msp.o
 .ARM.attributes
                0x0000000000000228       0x39 build/main.o
 .ARM.attributes
                0x0000000000000261       0x39 build/stm32f4xx_hal_gpio.o
 .ARM.attributes
                0x000000000000029a       0x39 build/stm32f4xx_hal_iwdg.o
 .ARM.attributes
                0x00000000000002d3       0x21 build/startup_stm32f407xx.o
 .ARM.attributes
                0x00000000000002f4       0x39 /home/saicharan/arm/lib/gcc/arm-none-eabi/6.3.0/../../../../arm-none-eabi/lib/libc_s.a(lib_a-init.o)
 .ARM.attributes
                0x000000000000032d       0x39 /home/saicharan/arm/lib/gcc/arm-none-eabi/6.3.0/crtend.o
 .ARM.attributes
                0x0000000000000366       0x27 /home/saicharan/arm/lib/gcc/arm-none-eabi/6.3.0/crtn.o
OUTPUT(build/User_Hardware.elf elf32-littlearm)

.comment        0x0000000000000000       0x11
 .comment       0x0000000000000000       0x11 /home/saicharan/arm/lib/gcc/arm-none-eabi/6.3.0/crtbegin.o
                                         0x12 (size before relaxing)
 .comment       0x0000000000000011       0x12 build/stm32f4xx_hal_rcc.o
 .comment       0x0000000000000011       0x12 build/stm32f4xx_hal_tim.o
 .comment       0x0000000000000011       0x12 build/stm32f4xx_hal_cortex.o
 .comment       0x0000000000000011       0x12 build/stm32f4xx_hal.o
 .comment       0x0000000000000011       0x12 build/stm32f4xx_hal_tim_ex.o
 .comment       0x0000000000000011       0x12 build/system_stm32f4xx.o
 .comment       0x0000000000000011       0x12 build/stm32f4xx_it.o
 .comment       0x0000000000000011       0x12 build/stm32f4xx_hal_msp.o
 .comment       0x0000000000000011       0x12 build/main.o
 .comment       0x0000000000000011       0x12 build/stm32f4xx_hal_gpio.o
 .comment       0x0000000000000011       0x12 build/stm32f4xx_hal_iwdg.o
 .comment       0x0000000000000011       0x12 /home/saicharan/arm/lib/gcc/arm-none-eabi/6.3.0/../../../../arm-none-eabi/lib/libc_s.a(lib_a-init.o)
 .comment       0x0000000000000011       0x12 /home/saicharan/arm/lib/gcc/arm-none-eabi/6.3.0/crtend.o

.debug_info     0x0000000000000000    0x12f13
 .debug_info    0x0000000000000000     0x1945 build/stm32f4xx_hal_rcc.o
 .debug_info    0x0000000000001945     0x4f42 build/stm32f4xx_hal_tim.o
 .debug_info    0x0000000000006887     0x1ba2 build/stm32f4xx_hal_cortex.o
 .debug_info    0x0000000000008429     0x132e build/stm32f4xx_hal.o
 .debug_info    0x0000000000009757     0x2377 build/stm32f4xx_hal_tim_ex.o
 .debug_info    0x000000000000bace      0xe71 build/system_stm32f4xx.o
 .debug_info    0x000000000000c93f     0x117f build/stm32f4xx_it.o
 .debug_info    0x000000000000dabe     0x1570 build/stm32f4xx_hal_msp.o
 .debug_info    0x000000000000f02e     0x1f09 build/main.o
 .debug_info    0x0000000000010f37     0x126c build/stm32f4xx_hal_gpio.o
 .debug_info    0x00000000000121a3      0xc06 build/stm32f4xx_hal_iwdg.o
 .debug_info    0x0000000000012da9       0x5e build/startup_stm32f407xx.o
 .debug_info    0x0000000000012e07      0x10c /home/saicharan/arm/lib/gcc/arm-none-eabi/6.3.0/../../../../arm-none-eabi/lib/libc_s.a(lib_a-init.o)

.debug_abbrev   0x0000000000000000     0x1ff7
 .debug_abbrev  0x0000000000000000      0x391 build/stm32f4xx_hal_rcc.o
 .debug_abbrev  0x0000000000000391      0x303 build/stm32f4xx_hal_tim.o
 .debug_abbrev  0x0000000000000694      0x409 build/stm32f4xx_hal_cortex.o
 .debug_abbrev  0x0000000000000a9d      0x33a build/stm32f4xx_hal.o
 .debug_abbrev  0x0000000000000dd7      0x2eb build/stm32f4xx_hal_tim_ex.o
 .debug_abbrev  0x00000000000010c2      0x1dd build/system_stm32f4xx.o
 .debug_abbrev  0x000000000000129f      0x23d build/stm32f4xx_it.o
 .debug_abbrev  0x00000000000014dc      0x229 build/stm32f4xx_hal_msp.o
 .debug_abbrev  0x0000000000001705      0x30f build/main.o
 .debug_abbrev  0x0000000000001a14      0x2cf build/stm32f4xx_hal_gpio.o
 .debug_abbrev  0x0000000000001ce3      0x24a build/stm32f4xx_hal_iwdg.o
 .debug_abbrev  0x0000000000001f2d       0x12 build/startup_stm32f407xx.o
 .debug_abbrev  0x0000000000001f3f       0xb8 /home/saicharan/arm/lib/gcc/arm-none-eabi/6.3.0/../../../../arm-none-eabi/lib/libc_s.a(lib_a-init.o)

.debug_loc      0x0000000000000000     0x6086
 .debug_loc     0x0000000000000000      0x5d5 build/stm32f4xx_hal_rcc.o
 .debug_loc     0x00000000000005d5     0x31fc build/stm32f4xx_hal_tim.o
 .debug_loc     0x00000000000037d1      0x8dc build/stm32f4xx_hal_cortex.o
 .debug_loc     0x00000000000040ad      0x129 build/stm32f4xx_hal.o
 .debug_loc     0x00000000000041d6     0x12ca build/stm32f4xx_hal_tim_ex.o
 .debug_loc     0x00000000000054a0      0x13e build/system_stm32f4xx.o
 .debug_loc     0x00000000000055de       0x80 build/stm32f4xx_it.o
 .debug_loc     0x000000000000565e       0xd3 build/stm32f4xx_hal_msp.o
 .debug_loc     0x0000000000005731      0x177 build/main.o
 .debug_loc     0x00000000000058a8      0x68e build/stm32f4xx_hal_gpio.o
 .debug_loc     0x0000000000005f36       0xa2 build/stm32f4xx_hal_iwdg.o
 .debug_loc     0x0000000000005fd8       0xae /home/saicharan/arm/lib/gcc/arm-none-eabi/6.3.0/../../../../arm-none-eabi/lib/libc_s.a(lib_a-init.o)

.debug_aranges  0x0000000000000000      0x890
 .debug_aranges
                0x0000000000000000       0x88 build/stm32f4xx_hal_rcc.o
 .debug_aranges
                0x0000000000000088      0x368 build/stm32f4xx_hal_tim.o
 .debug_aranges
                0x00000000000003f0       0xa8 build/stm32f4xx_hal_cortex.o
 .debug_aranges
                0x0000000000000498       0xc8 build/stm32f4xx_hal.o
 .debug_aranges
                0x0000000000000560      0x140 build/stm32f4xx_hal_tim_ex.o
 .debug_aranges
                0x00000000000006a0       0x28 build/system_stm32f4xx.o
 .debug_aranges
                0x00000000000006c8       0x80 build/stm32f4xx_it.o
 .debug_aranges
                0x0000000000000748       0x30 build/stm32f4xx_hal_msp.o
 .debug_aranges
                0x0000000000000778       0x50 build/main.o
 .debug_aranges
                0x00000000000007c8       0x58 build/stm32f4xx_hal_gpio.o
 .debug_aranges
                0x0000000000000820       0x28 build/stm32f4xx_hal_iwdg.o
 .debug_aranges
                0x0000000000000848       0x28 build/startup_stm32f407xx.o
 .debug_aranges
                0x0000000000000870       0x20 /home/saicharan/arm/lib/gcc/arm-none-eabi/6.3.0/../../../../arm-none-eabi/lib/libc_s.a(lib_a-init.o)

.debug_ranges   0x0000000000000000      0x818
 .debug_ranges  0x0000000000000000       0x78 build/stm32f4xx_hal_rcc.o
 .debug_ranges  0x0000000000000078      0x358 build/stm32f4xx_hal_tim.o
 .debug_ranges  0x00000000000003d0       0xf8 build/stm32f4xx_hal_cortex.o
 .debug_ranges  0x00000000000004c8       0xb8 build/stm32f4xx_hal.o
 .debug_ranges  0x0000000000000580      0x130 build/stm32f4xx_hal_tim_ex.o
 .debug_ranges  0x00000000000006b0       0x18 build/system_stm32f4xx.o
 .debug_ranges  0x00000000000006c8       0x70 build/stm32f4xx_it.o
 .debug_ranges  0x0000000000000738       0x20 build/stm32f4xx_hal_msp.o
 .debug_ranges  0x0000000000000758       0x40 build/main.o
 .debug_ranges  0x0000000000000798       0x48 build/stm32f4xx_hal_gpio.o
 .debug_ranges  0x00000000000007e0       0x18 build/stm32f4xx_hal_iwdg.o
 .debug_ranges  0x00000000000007f8       0x20 build/startup_stm32f407xx.o

.debug_line     0x0000000000000000     0x62e1
 .debug_line    0x0000000000000000      0x6f3 build/stm32f4xx_hal_rcc.o
 .debug_line    0x00000000000006f3     0x310d build/stm32f4xx_hal_tim.o
 .debug_line    0x0000000000003800      0x515 build/stm32f4xx_hal_cortex.o
 .debug_line    0x0000000000003d15      0x3ed build/stm32f4xx_hal.o
 .debug_line    0x0000000000004102      0xd53 build/stm32f4xx_hal_tim_ex.o
 .debug_line    0x0000000000004e55      0x1fe build/system_stm32f4xx.o
 .debug_line    0x0000000000005053      0x33d build/stm32f4xx_it.o
 .debug_line    0x0000000000005390      0x27f build/stm32f4xx_hal_msp.o
 .debug_line    0x000000000000560f      0x3ac build/main.o
 .debug_line    0x00000000000059bb      0x510 build/stm32f4xx_hal_gpio.o
 .debug_line    0x0000000000005ecb      0x2b6 build/stm32f4xx_hal_iwdg.o
 .debug_line    0x0000000000006181       0x74 build/startup_stm32f407xx.o
 .debug_line    0x00000000000061f5       0xec /home/saicharan/arm/lib/gcc/arm-none-eabi/6.3.0/../../../../arm-none-eabi/lib/libc_s.a(lib_a-init.o)

.debug_str      0x0000000000000000     0x3039
 .debug_str     0x0000000000000000      0x9ea build/stm32f4xx_hal_rcc.o
                                        0xa8f (size before relaxing)
 .debug_str     0x00000000000009ea     0x1131 build/stm32f4xx_hal_tim.o
                                       0x179a (size before relaxing)
 .debug_str     0x0000000000001b1b      0x91a build/stm32f4xx_hal_cortex.o
                                       0x1018 (size before relaxing)
 .debug_str     0x0000000000002435      0x1f8 build/stm32f4xx_hal.o
                                        0xe7d (size before relaxing)
 .debug_str     0x000000000000262d      0x50a build/stm32f4xx_hal_tim_ex.o
                                       0x105a (size before relaxing)
 .debug_str     0x0000000000002b37       0x42 build/system_stm32f4xx.o
                                        0x72b (size before relaxing)
 .debug_str     0x0000000000002b79      0x13a build/stm32f4xx_it.o
                                        0xb33 (size before relaxing)
 .debug_str     0x0000000000002cb3       0x22 build/stm32f4xx_hal_msp.o
                                       0x103e (size before relaxing)
 .debug_str     0x0000000000002cd5      0x119 build/main.o
                                       0x1501 (size before relaxing)
 .debug_str     0x0000000000002dee      0x109 build/stm32f4xx_hal_gpio.o
                                        0x8d5 (size before relaxing)
 .debug_str     0x0000000000002ef7       0x36 build/stm32f4xx_hal_iwdg.o
                                        0x695 (size before relaxing)
 .debug_str     0x0000000000002f2d      0x10c /home/saicharan/arm/lib/gcc/arm-none-eabi/6.3.0/../../../../arm-none-eabi/lib/libc_s.a(lib_a-init.o)
                                        0x1b0 (size before relaxing)

.debug_frame    0x0000000000000000     0x1954
 .debug_frame   0x0000000000000000      0x158 build/stm32f4xx_hal_rcc.o
 .debug_frame   0x0000000000000158      0xbfc build/stm32f4xx_hal_tim.o
 .debug_frame   0x0000000000000d54      0x1d0 build/stm32f4xx_hal_cortex.o
 .debug_frame   0x0000000000000f24      0x1a8 build/stm32f4xx_hal.o
 .debug_frame   0x00000000000010cc      0x46c build/stm32f4xx_hal_tim_ex.o
 .debug_frame   0x0000000000001538       0x30 build/system_stm32f4xx.o
 .debug_frame   0x0000000000001568      0x114 build/stm32f4xx_it.o
 .debug_frame   0x000000000000167c       0x64 build/stm32f4xx_hal_msp.o
 .debug_frame   0x00000000000016e0       0xdc build/main.o
 .debug_frame   0x00000000000017bc      0x120 build/stm32f4xx_hal_gpio.o
 .debug_frame   0x00000000000018dc       0x4c build/stm32f4xx_hal_iwdg.o
 .debug_frame   0x0000000000001928       0x2c /home/saicharan/arm/lib/gcc/arm-none-eabi/6.3.0/../../../../arm-none-eabi/lib/libc_s.a(lib_a-init.o)

Cross Reference Table

Symbol                                            File
ADC_IRQHandler                                    build/startup_stm32f407xx.o
AHBPrescTable                                     build/system_stm32f4xx.o
                                                  build/stm32f4xx_hal_rcc.o
APBPrescTable                                     build/system_stm32f4xx.o
                                                  build/stm32f4xx_hal_rcc.o
BusFault_Handler                                  build/stm32f4xx_it.o
CAN1_RX0_IRQHandler                               build/startup_stm32f407xx.o
CAN1_RX1_IRQHandler                               build/startup_stm32f407xx.o
CAN1_SCE_IRQHandler                               build/startup_stm32f407xx.o
CAN1_TX_IRQHandler                                build/startup_stm32f407xx.o
CAN2_RX0_IRQHandler                               build/startup_stm32f407xx.o
CAN2_RX1_IRQHandler                               build/startup_stm32f407xx.o
CAN2_SCE_IRQHandler                               build/startup_stm32f407xx.o
CAN2_TX_IRQHandler                                build/startup_stm32f407xx.o
DCMI_IRQHandler                                   build/startup_stm32f407xx.o
DMA1_Stream0_IRQHandler                           build/startup_stm32f407xx.o
DMA1_Stream1_IRQHandler                           build/startup_stm32f407xx.o
DMA1_Stream2_IRQHandler                           build/startup_stm32f407xx.o
DMA1_Stream3_IRQHandler                           build/startup_stm32f407xx.o
DMA1_Stream4_IRQHandler                           build/startup_stm32f407xx.o
DMA1_Stream5_IRQHandler                           build/startup_stm32f407xx.o
DMA1_Stream6_IRQHandler                           build/startup_stm32f407xx.o
DMA1_Stream7_IRQHandler                           build/startup_stm32f407xx.o
DMA2_Stream0_IRQHandler                           build/startup_stm32f407xx.o
DMA2_Stream1_IRQHandler                           build/startup_stm32f407xx.o
DMA2_Stream2_IRQHandler                           build/startup_stm32f407xx.o
DMA2_Stream3_IRQHandler                           build/startup_stm32f407xx.o
DMA2_Stream4_IRQHandler                           build/startup_stm32f407xx.o
DMA2_Stream5_IRQHandler                           build/startup_stm32f407xx.o
DMA2_Stream6_IRQHandler                           build/startup_stm32f407xx.o
DMA2_Stream7_IRQHandler                           build/startup_stm32f407xx.o
DebugMon_Handler                                  build/stm32f4xx_it.o
Default_Handler                                   build/startup_stm32f407xx.o
ETH_IRQHandler                                    build/startup_stm32f407xx.o
ETH_WKUP_IRQHandler                               build/startup_stm32f407xx.o
EXTI0_IRQHandler                                  build/stm32f4xx_it.o
EXTI15_10_IRQHandler                              build/startup_stm32f407xx.o
EXTI1_IRQHandler                                  build/stm32f4xx_it.o
EXTI2_IRQHandler                                  build/startup_stm32f407xx.o
EXTI3_IRQHandler                                  build/startup_stm32f407xx.o
EXTI4_IRQHandler                                  build/startup_stm32f407xx.o
EXTI9_5_IRQHandler                                build/startup_stm32f407xx.o
FLASH_Erase_Sector                                build/stm32f4xx_hal_flash_ex.o
                                                  build/stm32f4xx_hal_flash.o
FLASH_FlushCaches                                 build/stm32f4xx_hal_flash_ex.o
                                                  build/stm32f4xx_hal_flash.o
FLASH_IRQHandler                                  build/startup_stm32f407xx.o
FLASH_WaitForLastOperation                        build/stm32f4xx_hal_flash.o
                                                  build/stm32f4xx_hal_flash_ex.o
FPU_IRQHandler                                    build/startup_stm32f407xx.o
FSMC_IRQHandler                                   build/startup_stm32f407xx.o
HAL_DBGMCU_DisableDBGSleepMode                    build/stm32f4xx_hal.o
HAL_DBGMCU_DisableDBGStandbyMode                  build/stm32f4xx_hal.o
HAL_DBGMCU_DisableDBGStopMode                     build/stm32f4xx_hal.o
HAL_DBGMCU_EnableDBGSleepMode                     build/stm32f4xx_hal.o
HAL_DBGMCU_EnableDBGStandbyMode                   build/stm32f4xx_hal.o
HAL_DBGMCU_EnableDBGStopMode                      build/stm32f4xx_hal.o
HAL_DMAEx_ChangeMemory                            build/stm32f4xx_hal_dma_ex.o
HAL_DMAEx_MultiBufferStart                        build/stm32f4xx_hal_dma_ex.o
HAL_DMAEx_MultiBufferStart_IT                     build/stm32f4xx_hal_dma_ex.o
HAL_DMA_Abort                                     build/stm32f4xx_hal_dma.o
                                                  build/stm32f4xx_hal_tim.o
HAL_DMA_Abort_IT                                  build/stm32f4xx_hal_dma.o
HAL_DMA_DeInit                                    build/stm32f4xx_hal_dma.o
HAL_DMA_GetError                                  build/stm32f4xx_hal_dma.o
HAL_DMA_GetState                                  build/stm32f4xx_hal_dma.o
HAL_DMA_IRQHandler                                build/stm32f4xx_hal_dma.o
HAL_DMA_Init                                      build/stm32f4xx_hal_dma.o
HAL_DMA_PollForTransfer                           build/stm32f4xx_hal_dma.o
HAL_DMA_RegisterCallback                          build/stm32f4xx_hal_dma.o
HAL_DMA_Start                                     build/stm32f4xx_hal_dma.o
HAL_DMA_Start_IT                                  build/stm32f4xx_hal_dma.o
                                                  build/stm32f4xx_hal_tim_ex.o
                                                  build/stm32f4xx_hal_tim.o
HAL_DMA_UnRegisterCallback                        build/stm32f4xx_hal_dma.o
HAL_DeInit                                        build/stm32f4xx_hal.o
HAL_Delay                                         build/stm32f4xx_hal.o
                                                  build/main.o
HAL_DisableCompensationCell                       build/stm32f4xx_hal.o
HAL_EnableCompensationCell                        build/stm32f4xx_hal.o
HAL_FLASHEx_Erase                                 build/stm32f4xx_hal_flash_ex.o
HAL_FLASHEx_Erase_IT                              build/stm32f4xx_hal_flash_ex.o
HAL_FLASHEx_OBGetConfig                           build/stm32f4xx_hal_flash_ex.o
HAL_FLASHEx_OBProgram                             build/stm32f4xx_hal_flash_ex.o
HAL_FLASH_EndOfOperationCallback                  build/stm32f4xx_hal_flash.o
HAL_FLASH_GetError                                build/stm32f4xx_hal_flash.o
HAL_FLASH_IRQHandler                              build/stm32f4xx_hal_flash.o
HAL_FLASH_Lock                                    build/stm32f4xx_hal_flash.o
HAL_FLASH_OB_Launch                               build/stm32f4xx_hal_flash.o
HAL_FLASH_OB_Lock                                 build/stm32f4xx_hal_flash.o
HAL_FLASH_OB_Unlock                               build/stm32f4xx_hal_flash.o
HAL_FLASH_OperationErrorCallback                  build/stm32f4xx_hal_flash.o
HAL_FLASH_Program                                 build/stm32f4xx_hal_flash.o
HAL_FLASH_Program_IT                              build/stm32f4xx_hal_flash.o
HAL_FLASH_Unlock                                  build/stm32f4xx_hal_flash.o
HAL_GPIO_DeInit                                   build/stm32f4xx_hal_gpio.o
HAL_GPIO_EXTI_Callback                            build/stm32f4xx_hal_gpio.o
HAL_GPIO_EXTI_IRQHandler                          build/stm32f4xx_hal_gpio.o
                                                  build/stm32f4xx_it.o
HAL_GPIO_Init                                     build/stm32f4xx_hal_gpio.o
                                                  build/main.o
                                                  build/stm32f4xx_hal_rcc.o
HAL_GPIO_LockPin                                  build/stm32f4xx_hal_gpio.o
HAL_GPIO_ReadPin                                  build/stm32f4xx_hal_gpio.o
HAL_GPIO_TogglePin                                build/stm32f4xx_hal_gpio.o
                                                  build/main.o
HAL_GPIO_WritePin                                 build/stm32f4xx_hal_gpio.o
                                                  build/main.o
HAL_GetDEVID                                      build/stm32f4xx_hal.o
HAL_GetHalVersion                                 build/stm32f4xx_hal.o
HAL_GetREVID                                      build/stm32f4xx_hal.o
HAL_GetTick                                       build/stm32f4xx_hal.o
                                                  build/stm32f4xx_hal_iwdg.o
                                                  build/stm32f4xx_hal_rcc_ex.o
                                                  build/stm32f4xx_hal_dma.o
                                                  build/stm32f4xx_hal_pwr_ex.o
                                                  build/stm32f4xx_hal_flash.o
                                                  build/stm32f4xx_hal_rcc.o
HAL_GetUID                                        build/stm32f4xx_hal.o
HAL_IWDG_Init                                     build/stm32f4xx_hal_iwdg.o
                                                  build/main.o
HAL_IWDG_Refresh                                  build/stm32f4xx_hal_iwdg.o
                                                  build/main.o
HAL_IncTick                                       build/stm32f4xx_hal.o
                                                  build/stm32f4xx_it.o
HAL_Init                                          build/stm32f4xx_hal.o
                                                  build/main.o
HAL_InitTick                                      build/stm32f4xx_hal.o
                                                  build/stm32f4xx_hal_rcc.o
HAL_MPU_ConfigRegion                              build/stm32f4xx_hal_cortex.o
HAL_MPU_Disable                                   build/stm32f4xx_hal_cortex.o
HAL_MPU_Enable                                    build/stm32f4xx_hal_cortex.o
HAL_MspDeInit                                     build/stm32f4xx_hal.o
HAL_MspInit                                       build/stm32f4xx_hal_msp.o
                                                  build/stm32f4xx_hal.o
HAL_NVIC_ClearPendingIRQ                          build/stm32f4xx_hal_cortex.o
HAL_NVIC_DisableIRQ                               build/stm32f4xx_hal_cortex.o
                                                  build/stm32f4xx_hal_msp.o
HAL_NVIC_EnableIRQ                                build/stm32f4xx_hal_cortex.o
                                                  build/main.o
                                                  build/stm32f4xx_hal_msp.o
HAL_NVIC_GetActive                                build/stm32f4xx_hal_cortex.o
HAL_NVIC_GetPendingIRQ                            build/stm32f4xx_hal_cortex.o
HAL_NVIC_GetPriority                              build/stm32f4xx_hal_cortex.o
HAL_NVIC_GetPriorityGrouping                      build/stm32f4xx_hal_cortex.o
HAL_NVIC_SetPendingIRQ                            build/stm32f4xx_hal_cortex.o
HAL_NVIC_SetPriority                              build/stm32f4xx_hal_cortex.o
                                                  build/main.o
                                                  build/stm32f4xx_hal_msp.o
                                                  build/stm32f4xx_hal.o
HAL_NVIC_SetPriorityGrouping                      build/stm32f4xx_hal_cortex.o
                                                  build/stm32f4xx_hal_msp.o
                                                  build/stm32f4xx_hal.o
HAL_NVIC_SystemReset                              build/stm32f4xx_hal_cortex.o
HAL_PWREx_ControlVoltageScaling                   build/stm32f4xx_hal_pwr_ex.o
HAL_PWREx_DisableBkUpReg                          build/stm32f4xx_hal_pwr_ex.o
HAL_PWREx_DisableFlashPowerDown                   build/stm32f4xx_hal_pwr_ex.o
HAL_PWREx_EnableBkUpReg                           build/stm32f4xx_hal_pwr_ex.o
HAL_PWREx_EnableFlashPowerDown                    build/stm32f4xx_hal_pwr_ex.o
HAL_PWREx_GetVoltageRange                         build/stm32f4xx_hal_pwr_ex.o
HAL_PWR_ConfigPVD                                 build/stm32f4xx_hal_pwr.o
HAL_PWR_DeInit                                    build/stm32f4xx_hal_pwr.o
HAL_PWR_DisableBkUpAccess                         build/stm32f4xx_hal_pwr.o
HAL_PWR_DisablePVD                                build/stm32f4xx_hal_pwr.o
HAL_PWR_DisableSEVOnPend                          build/stm32f4xx_hal_pwr.o
HAL_PWR_DisableSleepOnExit                        build/stm32f4xx_hal_pwr.o
HAL_PWR_DisableWakeUpPin                          build/stm32f4xx_hal_pwr.o
HAL_PWR_EnableBkUpAccess                          build/stm32f4xx_hal_pwr.o
HAL_PWR_EnablePVD                                 build/stm32f4xx_hal_pwr.o
HAL_PWR_EnableSEVOnPend                           build/stm32f4xx_hal_pwr.o
HAL_PWR_EnableSleepOnExit                         build/stm32f4xx_hal_pwr.o
HAL_PWR_EnableWakeUpPin                           build/stm32f4xx_hal_pwr.o
HAL_PWR_EnterSLEEPMode                            build/stm32f4xx_hal_pwr.o
HAL_PWR_EnterSTANDBYMode                          build/stm32f4xx_hal_pwr.o
HAL_PWR_EnterSTOPMode                             build/stm32f4xx_hal_pwr.o
HAL_PWR_PVDCallback                               build/stm32f4xx_hal_pwr.o
HAL_PWR_PVD_IRQHandler                            build/stm32f4xx_hal_pwr.o
HAL_RCCEx_GetPeriphCLKConfig                      build/stm32f4xx_hal_rcc_ex.o
HAL_RCCEx_GetPeriphCLKFreq                        build/stm32f4xx_hal_rcc_ex.o
HAL_RCCEx_PeriphCLKConfig                         build/stm32f4xx_hal_rcc_ex.o
HAL_RCC_CSSCallback                               build/stm32f4xx_hal_rcc.o
HAL_RCC_ClockConfig                               build/stm32f4xx_hal_rcc.o
                                                  build/main.o
HAL_RCC_DeInit                                    build/stm32f4xx_hal_rcc_ex.o
                                                  build/stm32f4xx_hal_rcc.o
HAL_RCC_DisableCSS                                build/stm32f4xx_hal_rcc.o
HAL_RCC_EnableCSS                                 build/stm32f4xx_hal_rcc.o
HAL_RCC_GetClockConfig                            build/stm32f4xx_hal_rcc.o
HAL_RCC_GetHCLKFreq                               build/stm32f4xx_hal_rcc.o
                                                  build/main.o
HAL_RCC_GetOscConfig                              build/stm32f4xx_hal_rcc.o
HAL_RCC_GetPCLK1Freq                              build/stm32f4xx_hal_rcc.o
                                                  build/main.o
HAL_RCC_GetPCLK2Freq                              build/stm32f4xx_hal_rcc.o
HAL_RCC_GetSysClockFreq                           build/stm32f4xx_hal_rcc.o
HAL_RCC_MCOConfig                                 build/stm32f4xx_hal_rcc.o
HAL_RCC_NMI_IRQHandler                            build/stm32f4xx_hal_rcc.o
HAL_RCC_OscConfig                                 build/stm32f4xx_hal_rcc.o
                                                  build/main.o
HAL_ResumeTick                                    build/stm32f4xx_hal.o
HAL_SYSTICK_CLKSourceConfig                       build/stm32f4xx_hal_cortex.o
                                                  build/main.o
HAL_SYSTICK_Callback                              build/stm32f4xx_hal_cortex.o
HAL_SYSTICK_Config                                build/stm32f4xx_hal_cortex.o
                                                  build/main.o
                                                  build/stm32f4xx_hal.o
HAL_SYSTICK_IRQHandler                            build/stm32f4xx_hal_cortex.o
                                                  build/stm32f4xx_it.o
HAL_SuspendTick                                   build/stm32f4xx_hal.o
HAL_TIMEx_BreakCallback                           build/stm32f4xx_hal_tim_ex.o
                                                  build/stm32f4xx_hal_tim.o
HAL_TIMEx_CommutationCallback                     build/stm32f4xx_hal_tim_ex.o
                                                  build/stm32f4xx_hal_tim.o
HAL_TIMEx_ConfigBreakDeadTime                     build/stm32f4xx_hal_tim_ex.o
HAL_TIMEx_ConfigCommutationEvent                  build/stm32f4xx_hal_tim_ex.o
HAL_TIMEx_ConfigCommutationEvent_DMA              build/stm32f4xx_hal_tim_ex.o
HAL_TIMEx_ConfigCommutationEvent_IT               build/stm32f4xx_hal_tim_ex.o
HAL_TIMEx_HallSensor_DeInit                       build/stm32f4xx_hal_tim_ex.o
HAL_TIMEx_HallSensor_GetState                     build/stm32f4xx_hal_tim_ex.o
HAL_TIMEx_HallSensor_Init                         build/stm32f4xx_hal_tim_ex.o
HAL_TIMEx_HallSensor_MspDeInit                    build/stm32f4xx_hal_tim_ex.o
HAL_TIMEx_HallSensor_MspInit                      build/stm32f4xx_hal_tim_ex.o
HAL_TIMEx_HallSensor_Start                        build/stm32f4xx_hal_tim_ex.o
HAL_TIMEx_HallSensor_Start_DMA                    build/stm32f4xx_hal_tim_ex.o
HAL_TIMEx_HallSensor_Start_IT                     build/stm32f4xx_hal_tim_ex.o
HAL_TIMEx_HallSensor_Stop                         build/stm32f4xx_hal_tim_ex.o
HAL_TIMEx_HallSensor_Stop_DMA                     build/stm32f4xx_hal_tim_ex.o
HAL_TIMEx_HallSensor_Stop_IT                      build/stm32f4xx_hal_tim_ex.o
HAL_TIMEx_MasterConfigSynchronization             build/stm32f4xx_hal_tim_ex.o
                                                  build/main.o
HAL_TIMEx_OCN_Start                               build/stm32f4xx_hal_tim_ex.o
HAL_TIMEx_OCN_Start_DMA                           build/stm32f4xx_hal_tim_ex.o
HAL_TIMEx_OCN_Start_IT                            build/stm32f4xx_hal_tim_ex.o
HAL_TIMEx_OCN_Stop                                build/stm32f4xx_hal_tim_ex.o
HAL_TIMEx_OCN_Stop_DMA                            build/stm32f4xx_hal_tim_ex.o
HAL_TIMEx_OCN_Stop_IT                             build/stm32f4xx_hal_tim_ex.o
HAL_TIMEx_OnePulseN_Start                         build/stm32f4xx_hal_tim_ex.o
HAL_TIMEx_OnePulseN_Start_IT                      build/stm32f4xx_hal_tim_ex.o
HAL_TIMEx_OnePulseN_Stop                          build/stm32f4xx_hal_tim_ex.o
HAL_TIMEx_OnePulseN_Stop_IT                       build/stm32f4xx_hal_tim_ex.o
HAL_TIMEx_PWMN_Start                              build/stm32f4xx_hal_tim_ex.o
HAL_TIMEx_PWMN_Start_DMA                          build/stm32f4xx_hal_tim_ex.o
HAL_TIMEx_PWMN_Start_IT                           build/stm32f4xx_hal_tim_ex.o
HAL_TIMEx_PWMN_Stop                               build/stm32f4xx_hal_tim_ex.o
HAL_TIMEx_PWMN_Stop_DMA                           build/stm32f4xx_hal_tim_ex.o
HAL_TIMEx_PWMN_Stop_IT                            build/stm32f4xx_hal_tim_ex.o
HAL_TIMEx_RemapConfig                             build/stm32f4xx_hal_tim_ex.o
                                                  build/main.o
HAL_TIM_Base_DeInit                               build/stm32f4xx_hal_tim.o
HAL_TIM_Base_GetState                             build/stm32f4xx_hal_tim.o
HAL_TIM_Base_Init                                 build/stm32f4xx_hal_tim.o
                                                  build/main.o
HAL_TIM_Base_MspDeInit                            build/stm32f4xx_hal_msp.o
                                                  build/stm32f4xx_hal_tim.o
HAL_TIM_Base_MspInit                              build/stm32f4xx_hal_msp.o
                                                  build/stm32f4xx_hal_tim.o
HAL_TIM_Base_Start                                build/stm32f4xx_hal_tim.o
HAL_TIM_Base_Start_DMA                            build/stm32f4xx_hal_tim.o
HAL_TIM_Base_Start_IT                             build/stm32f4xx_hal_tim.o
HAL_TIM_Base_Stop                                 build/stm32f4xx_hal_tim.o
HAL_TIM_Base_Stop_DMA                             build/stm32f4xx_hal_tim.o
HAL_TIM_Base_Stop_IT                              build/stm32f4xx_hal_tim.o
HAL_TIM_ConfigClockSource                         build/stm32f4xx_hal_tim.o
                                                  build/main.o
HAL_TIM_ConfigOCrefClear                          build/stm32f4xx_hal_tim.o
HAL_TIM_ConfigTI1Input                            build/stm32f4xx_hal_tim.o
HAL_TIM_DMABurst_ReadStart                        build/stm32f4xx_hal_tim.o
HAL_TIM_DMABurst_ReadStop                         build/stm32f4xx_hal_tim.o
HAL_TIM_DMABurst_WriteStart                       build/stm32f4xx_hal_tim.o
HAL_TIM_DMABurst_WriteStop                        build/stm32f4xx_hal_tim.o
HAL_TIM_Encoder_DeInit                            build/stm32f4xx_hal_tim.o
HAL_TIM_Encoder_GetState                          build/stm32f4xx_hal_tim.o
HAL_TIM_Encoder_Init                              build/stm32f4xx_hal_tim.o
HAL_TIM_Encoder_MspDeInit                         build/stm32f4xx_hal_tim.o
HAL_TIM_Encoder_MspInit                           build/stm32f4xx_hal_tim.o
HAL_TIM_Encoder_Start                             build/stm32f4xx_hal_tim.o
HAL_TIM_Encoder_Start_DMA                         build/stm32f4xx_hal_tim.o
HAL_TIM_Encoder_Start_IT                          build/stm32f4xx_hal_tim.o
HAL_TIM_Encoder_Stop                              build/stm32f4xx_hal_tim.o
HAL_TIM_Encoder_Stop_DMA                          build/stm32f4xx_hal_tim.o
HAL_TIM_Encoder_Stop_IT                           build/stm32f4xx_hal_tim.o
HAL_TIM_ErrorCallback                             build/stm32f4xx_hal_tim.o
HAL_TIM_GenerateEvent                             build/stm32f4xx_hal_tim.o
HAL_TIM_IC_CaptureCallback                        build/stm32f4xx_hal_tim.o
HAL_TIM_IC_ConfigChannel                          build/stm32f4xx_hal_tim.o
                                                  build/main.o
HAL_TIM_IC_DeInit                                 build/stm32f4xx_hal_tim.o
                                                  build/main.o
HAL_TIM_IC_GetState                               build/stm32f4xx_hal_tim.o
HAL_TIM_IC_Init                                   build/stm32f4xx_hal_tim.o
                                                  build/main.o
HAL_TIM_IC_MspDeInit                              build/stm32f4xx_hal_tim.o
HAL_TIM_IC_MspInit                                build/stm32f4xx_hal_tim.o
HAL_TIM_IC_Start                                  build/stm32f4xx_hal_tim.o
HAL_TIM_IC_Start_DMA                              build/stm32f4xx_hal_tim.o
HAL_TIM_IC_Start_IT                               build/stm32f4xx_hal_tim.o
HAL_TIM_IC_Stop                                   build/stm32f4xx_hal_tim.o
HAL_TIM_IC_Stop_DMA                               build/stm32f4xx_hal_tim.o
HAL_TIM_IC_Stop_IT                                build/stm32f4xx_hal_tim.o
HAL_TIM_IRQHandler                                build/stm32f4xx_hal_tim.o
                                                  build/stm32f4xx_it.o
HAL_TIM_OC_ConfigChannel                          build/stm32f4xx_hal_tim.o
HAL_TIM_OC_DeInit                                 build/stm32f4xx_hal_tim.o
HAL_TIM_OC_DelayElapsedCallback                   build/stm32f4xx_hal_tim.o
HAL_TIM_OC_GetState                               build/stm32f4xx_hal_tim.o
HAL_TIM_OC_Init                                   build/stm32f4xx_hal_tim.o
HAL_TIM_OC_MspDeInit                              build/stm32f4xx_hal_tim.o
HAL_TIM_OC_MspInit                                build/stm32f4xx_hal_tim.o
HAL_TIM_OC_Start                                  build/stm32f4xx_hal_tim.o
HAL_TIM_OC_Start_DMA                              build/stm32f4xx_hal_tim.o
HAL_TIM_OC_Start_IT                               build/stm32f4xx_hal_tim.o
HAL_TIM_OC_Stop                                   build/stm32f4xx_hal_tim.o
HAL_TIM_OC_Stop_DMA                               build/stm32f4xx_hal_tim.o
HAL_TIM_OC_Stop_IT                                build/stm32f4xx_hal_tim.o
HAL_TIM_OnePulse_ConfigChannel                    build/stm32f4xx_hal_tim.o
HAL_TIM_OnePulse_DeInit                           build/stm32f4xx_hal_tim.o
HAL_TIM_OnePulse_GetState                         build/stm32f4xx_hal_tim.o
HAL_TIM_OnePulse_Init                             build/stm32f4xx_hal_tim.o
HAL_TIM_OnePulse_MspDeInit                        build/stm32f4xx_hal_tim.o
HAL_TIM_OnePulse_MspInit                          build/stm32f4xx_hal_tim.o
HAL_TIM_OnePulse_Start                            build/stm32f4xx_hal_tim.o
HAL_TIM_OnePulse_Start_IT                         build/stm32f4xx_hal_tim.o
HAL_TIM_OnePulse_Stop                             build/stm32f4xx_hal_tim.o
HAL_TIM_OnePulse_Stop_IT                          build/stm32f4xx_hal_tim.o
HAL_TIM_PWM_ConfigChannel                         build/stm32f4xx_hal_tim.o
HAL_TIM_PWM_DeInit                                build/stm32f4xx_hal_tim.o
HAL_TIM_PWM_GetState                              build/stm32f4xx_hal_tim.o
HAL_TIM_PWM_Init                                  build/stm32f4xx_hal_tim.o
HAL_TIM_PWM_MspDeInit                             build/stm32f4xx_hal_tim.o
HAL_TIM_PWM_MspInit                               build/stm32f4xx_hal_tim.o
HAL_TIM_PWM_PulseFinishedCallback                 build/stm32f4xx_hal_tim.o
HAL_TIM_PWM_Start                                 build/stm32f4xx_hal_tim.o
HAL_TIM_PWM_Start_DMA                             build/stm32f4xx_hal_tim.o
HAL_TIM_PWM_Start_IT                              build/stm32f4xx_hal_tim.o
HAL_TIM_PWM_Stop                                  build/stm32f4xx_hal_tim.o
HAL_TIM_PWM_Stop_DMA                              build/stm32f4xx_hal_tim.o
HAL_TIM_PWM_Stop_IT                               build/stm32f4xx_hal_tim.o
HAL_TIM_PeriodElapsedCallback                     build/stm32f4xx_hal_tim.o
HAL_TIM_ReadCapturedValue                         build/stm32f4xx_hal_tim.o
                                                  build/stm32f4xx_it.o
HAL_TIM_SlaveConfigSynchronization                build/stm32f4xx_hal_tim.o
HAL_TIM_SlaveConfigSynchronization_IT             build/stm32f4xx_hal_tim.o
HAL_TIM_TriggerCallback                           build/stm32f4xx_hal_tim.o
HASH_RNG_IRQHandler                               build/startup_stm32f407xx.o
HardFault_Handler                                 build/stm32f4xx_it.o
I2C1_ER_IRQHandler                                build/startup_stm32f407xx.o
I2C1_EV_IRQHandler                                build/startup_stm32f407xx.o
I2C2_ER_IRQHandler                                build/startup_stm32f407xx.o
I2C2_EV_IRQHandler                                build/startup_stm32f407xx.o
I2C3_ER_IRQHandler                                build/startup_stm32f407xx.o
I2C3_EV_IRQHandler                                build/startup_stm32f407xx.o
MemManage_Handler                                 build/stm32f4xx_it.o
NMI_Handler                                       build/stm32f4xx_it.o
OTG_FS_IRQHandler                                 build/startup_stm32f407xx.o
OTG_FS_WKUP_IRQHandler                            build/startup_stm32f407xx.o
OTG_HS_EP1_IN_IRQHandler                          build/startup_stm32f407xx.o
OTG_HS_EP1_OUT_IRQHandler                         build/startup_stm32f407xx.o
OTG_HS_IRQHandler                                 build/startup_stm32f407xx.o
OTG_HS_WKUP_IRQHandler                            build/startup_stm32f407xx.o
PVD_IRQHandler                                    build/startup_stm32f407xx.o
PendSV_Handler                                    build/stm32f4xx_it.o
RCC_IRQHandler                                    build/stm32f4xx_it.o
RTC_Alarm_IRQHandler                              build/startup_stm32f407xx.o
RTC_WKUP_IRQHandler                               build/startup_stm32f407xx.o
Reset_Handler                                     build/startup_stm32f407xx.o
SDIO_IRQHandler                                   build/startup_stm32f407xx.o
SPI1_IRQHandler                                   build/startup_stm32f407xx.o
SPI2_IRQHandler                                   build/startup_stm32f407xx.o
SPI3_IRQHandler                                   build/startup_stm32f407xx.o
SVC_Handler                                       build/stm32f4xx_it.o
SysTick_Handler                                   build/stm32f4xx_it.o
SystemClock_Config                                build/main.o
SystemCoreClock                                   build/system_stm32f4xx.o
                                                  build/stm32f4xx_hal_rcc_ex.o
                                                  build/stm32f4xx_hal_dma.o
                                                  build/stm32f4xx_hal.o
                                                  build/stm32f4xx_hal_rcc.o
SystemCoreClockUpdate                             build/system_stm32f4xx.o
SystemInit                                        build/system_stm32f4xx.o
                                                  build/startup_stm32f407xx.o
TAMP_STAMP_IRQHandler                             build/startup_stm32f407xx.o
TIM1_BRK_TIM9_IRQHandler                          build/startup_stm32f407xx.o
TIM1_CC_IRQHandler                                build/startup_stm32f407xx.o
TIM1_TRG_COM_TIM11_IRQHandler                     build/startup_stm32f407xx.o
TIM1_UP_TIM10_IRQHandler                          build/startup_stm32f407xx.o
TIM2_IRQHandler                                   build/startup_stm32f407xx.o
TIM3_IRQHandler                                   build/startup_stm32f407xx.o
TIM4_IRQHandler                                   build/startup_stm32f407xx.o
TIM5_IRQHandler                                   build/stm32f4xx_it.o
TIM6_DAC_IRQHandler                               build/startup_stm32f407xx.o
TIM7_IRQHandler                                   build/startup_stm32f407xx.o
TIM8_BRK_TIM12_IRQHandler                         build/startup_stm32f407xx.o
TIM8_CC_IRQHandler                                build/startup_stm32f407xx.o
TIM8_TRG_COM_TIM14_IRQHandler                     build/startup_stm32f407xx.o
TIM8_UP_TIM13_IRQHandler                          build/startup_stm32f407xx.o
TIMEx_DMACommutationCplt                          build/stm32f4xx_hal_tim_ex.o
                                                  build/stm32f4xx_hal_tim.o
TIM_Base_SetConfig                                build/stm32f4xx_hal_tim.o
                                                  build/stm32f4xx_hal_tim_ex.o
TIM_CCxChannelCmd                                 build/stm32f4xx_hal_tim.o
                                                  build/stm32f4xx_hal_tim_ex.o
TIM_DMACaptureCplt                                build/stm32f4xx_hal_tim.o
                                                  build/stm32f4xx_hal_tim_ex.o
TIM_DMADelayPulseCplt                             build/stm32f4xx_hal_tim.o
                                                  build/stm32f4xx_hal_tim_ex.o
TIM_DMAError                                      build/stm32f4xx_hal_tim.o
                                                  build/stm32f4xx_hal_tim_ex.o
TIM_OC2_SetConfig                                 build/stm32f4xx_hal_tim.o
                                                  build/stm32f4xx_hal_tim_ex.o
TIM_TI1_SetConfig                                 build/stm32f4xx_hal_tim.o
                                                  build/stm32f4xx_hal_tim_ex.o
UART4_IRQHandler                                  build/startup_stm32f407xx.o
UART5_IRQHandler                                  build/startup_stm32f407xx.o
USART1_IRQHandler                                 build/startup_stm32f407xx.o
USART2_IRQHandler                                 build/startup_stm32f407xx.o
USART3_IRQHandler                                 build/startup_stm32f407xx.o
USART6_IRQHandler                                 build/startup_stm32f407xx.o
UsageFault_Handler                                build/stm32f4xx_it.o
WWDG_IRQHandler                                   build/startup_stm32f407xx.o
_Error_Handler                                    build/main.o
_ITM_deregisterTMCloneTable                       /home/saicharan/arm/lib/gcc/arm-none-eabi/6.3.0/crtbegin.o
_ITM_registerTMCloneTable                         /home/saicharan/arm/lib/gcc/arm-none-eabi/6.3.0/crtbegin.o
_Jv_RegisterClasses                               /home/saicharan/arm/lib/gcc/arm-none-eabi/6.3.0/crtbegin.o
__TMC_END__                                       /home/saicharan/arm/lib/gcc/arm-none-eabi/6.3.0/crtend.o
                                                  /home/saicharan/arm/lib/gcc/arm-none-eabi/6.3.0/crtbegin.o
__bss_end__                                       /home/saicharan/arm/lib/gcc/arm-none-eabi/6.3.0/../../../../arm-none-eabi/lib/crt0.o
__bss_start__                                     /home/saicharan/arm/lib/gcc/arm-none-eabi/6.3.0/../../../../arm-none-eabi/lib/crt0.o
__call_exitprocs                                  /home/saicharan/arm/lib/gcc/arm-none-eabi/6.3.0/../../../../arm-none-eabi/lib/libc_s.a(lib_a-exit.o)
__deregister_frame_info                           /home/saicharan/arm/lib/gcc/arm-none-eabi/6.3.0/crtbegin.o
__dso_handle                                      /home/saicharan/arm/lib/gcc/arm-none-eabi/6.3.0/crtbegin.o
__init_array_end                                  /home/saicharan/arm/lib/gcc/arm-none-eabi/6.3.0/../../../../arm-none-eabi/lib/libc_s.a(lib_a-init.o)
__init_array_start                                /home/saicharan/arm/lib/gcc/arm-none-eabi/6.3.0/../../../../arm-none-eabi/lib/libc_s.a(lib_a-init.o)
__libc_fini_array                                 /home/saicharan/arm/lib/gcc/arm-none-eabi/6.3.0/../../../../arm-none-eabi/lib/crt0.o
__libc_init_array                                 /home/saicharan/arm/lib/gcc/arm-none-eabi/6.3.0/../../../../arm-none-eabi/lib/libc_s.a(lib_a-init.o)
                                                  build/startup_stm32f407xx.o
                                                  /home/saicharan/arm/lib/gcc/arm-none-eabi/6.3.0/../../../../arm-none-eabi/lib/crt0.o
__preinit_array_end                               /home/saicharan/arm/lib/gcc/arm-none-eabi/6.3.0/../../../../arm-none-eabi/lib/libc_s.a(lib_a-init.o)
__preinit_array_start                             /home/saicharan/arm/lib/gcc/arm-none-eabi/6.3.0/../../../../arm-none-eabi/lib/libc_s.a(lib_a-init.o)
__register_frame_info                             /home/saicharan/arm/lib/gcc/arm-none-eabi/6.3.0/crtbegin.o
__sf_fake_stderr                                  /home/saicharan/arm/lib/gcc/arm-none-eabi/6.3.0/../../../../arm-none-eabi/lib/libc_s.a(lib_a-impure.o)
__sf_fake_stdin                                   /home/saicharan/arm/lib/gcc/arm-none-eabi/6.3.0/../../../../arm-none-eabi/lib/libc_s.a(lib_a-impure.o)
__sf_fake_stdout                                  /home/saicharan/arm/lib/gcc/arm-none-eabi/6.3.0/../../../../arm-none-eabi/lib/libc_s.a(lib_a-impure.o)
__stack                                           /home/saicharan/arm/lib/gcc/arm-none-eabi/6.3.0/../../../../arm-none-eabi/lib/crt0.o
_ebss                                             build/startup_stm32f407xx.o
_edata                                            build/startup_stm32f407xx.o
_estack                                           build/startup_stm32f407xx.o
_exit                                             /home/saicharan/arm/lib/gcc/arm-none-eabi/6.3.0/../../../../arm-none-eabi/lib/libnosys.a(_exit.o)
                                                  /home/saicharan/arm/lib/gcc/arm-none-eabi/6.3.0/../../../../arm-none-eabi/lib/libc_s.a(lib_a-exit.o)
_fini                                             /home/saicharan/arm/lib/gcc/arm-none-eabi/6.3.0/crti.o
_global_impure_ptr                                /home/saicharan/arm/lib/gcc/arm-none-eabi/6.3.0/../../../../arm-none-eabi/lib/libc_s.a(lib_a-impure.o)
                                                  /home/saicharan/arm/lib/gcc/arm-none-eabi/6.3.0/../../../../arm-none-eabi/lib/libc_s.a(lib_a-exit.o)
_impure_ptr                                       /home/saicharan/arm/lib/gcc/arm-none-eabi/6.3.0/../../../../arm-none-eabi/lib/libc_s.a(lib_a-impure.o)
_init                                             /home/saicharan/arm/lib/gcc/arm-none-eabi/6.3.0/crti.o
                                                  /home/saicharan/arm/lib/gcc/arm-none-eabi/6.3.0/../../../../arm-none-eabi/lib/libc_s.a(lib_a-init.o)
_mainCRTStartup                                   /home/saicharan/arm/lib/gcc/arm-none-eabi/6.3.0/../../../../arm-none-eabi/lib/crt0.o
_sbss                                             build/startup_stm32f407xx.o
_sdata                                            build/startup_stm32f407xx.o
_sidata                                           build/startup_stm32f407xx.o
_start                                            /home/saicharan/arm/lib/gcc/arm-none-eabi/6.3.0/../../../../arm-none-eabi/lib/crt0.o
assert_failed                                     build/main.o
                                                  build/stm32f4xx_hal_iwdg.o
                                                  build/stm32f4xx_hal_dma_ex.o
                                                  build/stm32f4xx_hal_rcc_ex.o
                                                  build/stm32f4xx_hal_gpio.o
                                                  build/stm32f4xx_hal_dma.o
                                                  build/stm32f4xx_hal_flash_ex.o
                                                  build/stm32f4xx_hal_tim_ex.o
                                                  build/stm32f4xx_hal_cortex.o
                                                  build/stm32f4xx_hal_tim.o
                                                  build/stm32f4xx_hal_pwr.o
                                                  build/stm32f4xx_hal_pwr_ex.o
                                                  build/stm32f4xx_hal_flash.o
                                                  build/stm32f4xx_hal_rcc.o
atexit                                            /home/saicharan/arm/lib/gcc/arm-none-eabi/6.3.0/../../../../arm-none-eabi/lib/crt0.o
exit                                              /home/saicharan/arm/lib/gcc/arm-none-eabi/6.3.0/../../../../arm-none-eabi/lib/libc_s.a(lib_a-exit.o)
                                                  /home/saicharan/arm/lib/gcc/arm-none-eabi/6.3.0/../../../../arm-none-eabi/lib/crt0.o
g_pfnVectors                                      build/startup_stm32f407xx.o
hardware_init_hook                                /home/saicharan/arm/lib/gcc/arm-none-eabi/6.3.0/../../../../arm-none-eabi/lib/crt0.o
hiwdg                                             build/main.o
htim5                                             build/main.o
                                                  build/stm32f4xx_it.o
main                                              build/main.o
                                                  build/startup_stm32f407xx.o
                                                  /home/saicharan/arm/lib/gcc/arm-none-eabi/6.3.0/../../../../arm-none-eabi/lib/crt0.o
memset                                            /home/saicharan/arm/lib/gcc/arm-none-eabi/6.3.0/../../../../arm-none-eabi/lib/libc_s.a(lib_a-memset.o)
                                                  /home/saicharan/arm/lib/gcc/arm-none-eabi/6.3.0/../../../../arm-none-eabi/lib/crt0.o
pFlash                                            build/stm32f4xx_hal_flash.o
                                                  build/stm32f4xx_hal_flash_ex.o
software_init_hook                                /home/saicharan/arm/lib/gcc/arm-none-eabi/6.3.0/../../../../arm-none-eabi/lib/crt0.o
tmpCC4                                            build/stm32f4xx_it.o
uwCaptureNumber                                   build/main.o
                                                  build/stm32f4xx_it.o
uwMeasurementDone                                 build/main.o
                                                  build/stm32f4xx_it.o
uwPeriodValue                                     build/main.o
                                                  build/stm32f4xx_it.o
uwTick                                            build/stm32f4xx_hal.o
